MPLINK 4.49, Linker
Linker Map File - Created Wed May 24 23:18:36 2017

                                 Section Info
                  Section       Type    Address   Location Size(Bytes)
                ---------  ---------  ---------  ---------  ---------
             RESET_VECTOR       code   0x000000    program   0x000002
                   .cinit    romdata   0x000001    program   0x000004
                      ISR       code   0x000004    program   0x00002c
                MicroMenu       code   0x00001a    program   0x0006e8
             LCD_Lib_code       code   0x00038e    program   0x00008e
      .config_2007_MAIN.O       code   0x002007    program   0x000002
      MicroMenu_Lib_udata      udata   0x00000c       data   0x000007
               Main_udata      udata   0x000013       data   0x000005
            LCD_Lib_udata      udata   0x000018       data   0x000003



                              Program Memory Usage 
                               Start         End      
                           ---------   ---------      
                            0x000000    0x000002      
                            0x000004    0x0003d4      
                            0x002007    0x002007      
            981 out of 1093 program addresses used, program memory utilization is 89%



                              Symbols - Sorted by Name
                     Name    Address   Location    Storage File                     
                ---------  ---------  ---------  --------- ---------                
                  Check_1   0x00029f    program     static D:\Docs\Dropbox\Embed\PIC\Projects\ASM\MicroMenu_Lib+HD44780\MicroMenu_Lib+HD44780_9\MicroMenu_Lib.asm
                  Check_2   0x0002fe    program     static D:\Docs\Dropbox\Embed\PIC\Projects\ASM\MicroMenu_Lib+HD44780\MicroMenu_Lib+HD44780_9\MicroMenu_Lib.asm
       Correct_index_menu   0x0002b6    program     static D:\Docs\Dropbox\Embed\PIC\Projects\ASM\MicroMenu_Lib+HD44780\MicroMenu_Lib+HD44780_9\MicroMenu_Lib.asm
     Correct_index_menu_2   0x0002c3    program     static D:\Docs\Dropbox\Embed\PIC\Projects\ASM\MicroMenu_Lib+HD44780\MicroMenu_Lib+HD44780_9\MicroMenu_Lib.asm
    Correct_index_submenu   0x000318    program     static D:\Docs\Dropbox\Embed\PIC\Projects\ASM\MicroMenu_Lib+HD44780\MicroMenu_Lib+HD44780_9\MicroMenu_Lib.asm
  Correct_index_submenu_2   0x000326    program     static D:\Docs\Dropbox\Embed\PIC\Projects\ASM\MicroMenu_Lib+HD44780\MicroMenu_Lib+HD44780_9\MicroMenu_Lib.asm
              Cursor_DOWN   0x0002ea    program     static D:\Docs\Dropbox\Embed\PIC\Projects\ASM\MicroMenu_Lib+HD44780\MicroMenu_Lib+HD44780_9\MicroMenu_Lib.asm
      Cursor_DOWN_submenu   0x00034f    program     static D:\Docs\Dropbox\Embed\PIC\Projects\ASM\MicroMenu_Lib+HD44780\MicroMenu_Lib+HD44780_9\MicroMenu_Lib.asm
                Cursor_UP   0x0002e0    program     static D:\Docs\Dropbox\Embed\PIC\Projects\ASM\MicroMenu_Lib+HD44780\MicroMenu_Lib+HD44780_9\MicroMenu_Lib.asm
        Cursor_UP_submenu   0x000344    program     static D:\Docs\Dropbox\Embed\PIC\Projects\ASM\MicroMenu_Lib+HD44780\MicroMenu_Lib+HD44780_9\MicroMenu_Lib.asm
        Debounce_CLR_DISP   0x00027f    program     static D:\Docs\Dropbox\Embed\PIC\Projects\ASM\MicroMenu_Lib+HD44780\MicroMenu_Lib+HD44780_9\MicroMenu_Lib.asm
           Debounce_Delay   0x000381    program     static D:\Docs\Dropbox\Embed\PIC\Projects\ASM\MicroMenu_Lib+HD44780\MicroMenu_Lib+HD44780_9\MicroMenu_Lib.asm
                Delay_4ms   0x0003cd    program     extern D:\Docs\Dropbox\Embed\PIC\Projects\ASM\MicroMenu_Lib+HD44780\MicroMenu_Lib+HD44780_9\HD44780_Lib.asm
               ENTER_Menu   0x0002f6    program     static D:\Docs\Dropbox\Embed\PIC\Projects\ASM\MicroMenu_Lib+HD44780\MicroMenu_Lib+HD44780_9\MicroMenu_Lib.asm
            ENTER_submenu   0x00035c    program     static D:\Docs\Dropbox\Embed\PIC\Projects\ASM\MicroMenu_Lib+HD44780\MicroMenu_Lib+HD44780_9\MicroMenu_Lib.asm
                EXIT_Menu   0x0002f4    program     static D:\Docs\Dropbox\Embed\PIC\Projects\ASM\MicroMenu_Lib+HD44780\MicroMenu_Lib+HD44780_9\MicroMenu_Lib.asm
             EXIT_submenu   0x000359    program     static D:\Docs\Dropbox\Embed\PIC\Projects\ASM\MicroMenu_Lib+HD44780\MicroMenu_Lib+HD44780_9\MicroMenu_Lib.asm
               End_Action   0x00035e    program     static D:\Docs\Dropbox\Embed\PIC\Projects\ASM\MicroMenu_Lib+HD44780\MicroMenu_Lib+HD44780_9\MicroMenu_Lib.asm
   End_Interrupt_Heandler   0x000007    program     extern D:\Docs\Dropbox\Embed\PIC\Projects\ASM\MicroMenu_Lib+HD44780\MicroMenu_Lib+HD44780_9\Main.asm
             First_String   0x00036f    program     static D:\Docs\Dropbox\Embed\PIC\Projects\ASM\MicroMenu_Lib+HD44780\MicroMenu_Lib+HD44780_9\MicroMenu_Lib.asm
                     Init   0x00000c    program     static D:\Docs\Dropbox\Embed\PIC\Projects\ASM\MicroMenu_Lib+HD44780\MicroMenu_Lib+HD44780_9\Main.asm
       Interrupt_Heandler   0x000004    program     static D:\Docs\Dropbox\Embed\PIC\Projects\ASM\MicroMenu_Lib+HD44780\MicroMenu_Lib+HD44780_9\Main.asm
                 LCD_Init   0x0003ad    program     extern D:\Docs\Dropbox\Embed\PIC\Projects\ASM\MicroMenu_Lib+HD44780\MicroMenu_Lib+HD44780_9\HD44780_Lib.asm
            LCD_Line_Init   0x0003a8    program     extern D:\Docs\Dropbox\Embed\PIC\Projects\ASM\MicroMenu_Lib+HD44780\MicroMenu_Lib+HD44780_9\HD44780_Lib.asm
               Loop_Delay   0x000384    program     static D:\Docs\Dropbox\Embed\PIC\Projects\ASM\MicroMenu_Lib+HD44780\MicroMenu_Lib+HD44780_9\MicroMenu_Lib.asm
                Loop_Menu   0x0002d1    program     static D:\Docs\Dropbox\Embed\PIC\Projects\ASM\MicroMenu_Lib+HD44780\MicroMenu_Lib+HD44780_9\MicroMenu_Lib.asm
             Loop_Submenu   0x000335    program     static D:\Docs\Dropbox\Embed\PIC\Projects\ASM\MicroMenu_Lib+HD44780\MicroMenu_Lib+HD44780_9\MicroMenu_Lib.asm
                     Main   0x000014    program     extern D:\Docs\Dropbox\Embed\PIC\Projects\ASM\MicroMenu_Lib+HD44780\MicroMenu_Lib+HD44780_9\Main.asm
                   Menu_1   0x0000af    program     static D:\Docs\Dropbox\Embed\PIC\Projects\ASM\MicroMenu_Lib+HD44780\MicroMenu_Lib+HD44780_9\MicroMenu_Lib.asm
         Menu_1_Submenu_1   0x000158    program     static D:\Docs\Dropbox\Embed\PIC\Projects\ASM\MicroMenu_Lib+HD44780\MicroMenu_Lib+HD44780_9\MicroMenu_Lib.asm
  Menu_1_Submenu_1_action   0x000270    program     static D:\Docs\Dropbox\Embed\PIC\Projects\ASM\MicroMenu_Lib+HD44780\MicroMenu_Lib+HD44780_9\MicroMenu_Lib.asm
         Menu_1_Submenu_2   0x00016b    program     static D:\Docs\Dropbox\Embed\PIC\Projects\ASM\MicroMenu_Lib+HD44780\MicroMenu_Lib+HD44780_9\MicroMenu_Lib.asm
  Menu_1_Submenu_2_action   0x000271    program     static D:\Docs\Dropbox\Embed\PIC\Projects\ASM\MicroMenu_Lib+HD44780\MicroMenu_Lib+HD44780_9\MicroMenu_Lib.asm
         Menu_1_Submenu_3   0x00017d    program     static D:\Docs\Dropbox\Embed\PIC\Projects\ASM\MicroMenu_Lib+HD44780\MicroMenu_Lib+HD44780_9\MicroMenu_Lib.asm
  Menu_1_Submenu_3_action   0x000272    program     static D:\Docs\Dropbox\Embed\PIC\Projects\ASM\MicroMenu_Lib+HD44780\MicroMenu_Lib+HD44780_9\MicroMenu_Lib.asm
             Menu_1_Table   0x000034    program     static D:\Docs\Dropbox\Embed\PIC\Projects\ASM\MicroMenu_Lib+HD44780\MicroMenu_Lib+HD44780_9\MicroMenu_Lib.asm
      Menu_1_Table_action   0x000078    program     static D:\Docs\Dropbox\Embed\PIC\Projects\ASM\MicroMenu_Lib+HD44780\MicroMenu_Lib+HD44780_9\MicroMenu_Lib.asm
                   Menu_2   0x0000c0    program     static D:\Docs\Dropbox\Embed\PIC\Projects\ASM\MicroMenu_Lib+HD44780\MicroMenu_Lib+HD44780_9\MicroMenu_Lib.asm
         Menu_2_Submenu_1   0x00018f    program     static D:\Docs\Dropbox\Embed\PIC\Projects\ASM\MicroMenu_Lib+HD44780\MicroMenu_Lib+HD44780_9\MicroMenu_Lib.asm
  Menu_2_Submenu_1_action   0x000273    program     static D:\Docs\Dropbox\Embed\PIC\Projects\ASM\MicroMenu_Lib+HD44780\MicroMenu_Lib+HD44780_9\MicroMenu_Lib.asm
         Menu_2_Submenu_2   0x0001a2    program     static D:\Docs\Dropbox\Embed\PIC\Projects\ASM\MicroMenu_Lib+HD44780\MicroMenu_Lib+HD44780_9\MicroMenu_Lib.asm
  Menu_2_Submenu_2_action   0x000274    program     static D:\Docs\Dropbox\Embed\PIC\Projects\ASM\MicroMenu_Lib+HD44780\MicroMenu_Lib+HD44780_9\MicroMenu_Lib.asm
         Menu_2_Submenu_3   0x0001b4    program     static D:\Docs\Dropbox\Embed\PIC\Projects\ASM\MicroMenu_Lib+HD44780\MicroMenu_Lib+HD44780_9\MicroMenu_Lib.asm
  Menu_2_Submenu_3_action   0x000275    program     static D:\Docs\Dropbox\Embed\PIC\Projects\ASM\MicroMenu_Lib+HD44780\MicroMenu_Lib+HD44780_9\MicroMenu_Lib.asm
             Menu_2_Table   0x00003f    program     static D:\Docs\Dropbox\Embed\PIC\Projects\ASM\MicroMenu_Lib+HD44780\MicroMenu_Lib+HD44780_9\MicroMenu_Lib.asm
      Menu_2_Table_action   0x000083    program     static D:\Docs\Dropbox\Embed\PIC\Projects\ASM\MicroMenu_Lib+HD44780\MicroMenu_Lib+HD44780_9\MicroMenu_Lib.asm
                   Menu_3   0x0000d1    program     static D:\Docs\Dropbox\Embed\PIC\Projects\ASM\MicroMenu_Lib+HD44780\MicroMenu_Lib+HD44780_9\MicroMenu_Lib.asm
         Menu_3_Submenu_1   0x0001c6    program     static D:\Docs\Dropbox\Embed\PIC\Projects\ASM\MicroMenu_Lib+HD44780\MicroMenu_Lib+HD44780_9\MicroMenu_Lib.asm
  Menu_3_Submenu_1_action   0x000276    program     static D:\Docs\Dropbox\Embed\PIC\Projects\ASM\MicroMenu_Lib+HD44780\MicroMenu_Lib+HD44780_9\MicroMenu_Lib.asm
         Menu_3_Submenu_2   0x0001d9    program     static D:\Docs\Dropbox\Embed\PIC\Projects\ASM\MicroMenu_Lib+HD44780\MicroMenu_Lib+HD44780_9\MicroMenu_Lib.asm
  Menu_3_Submenu_2_action   0x000277    program     static D:\Docs\Dropbox\Embed\PIC\Projects\ASM\MicroMenu_Lib+HD44780\MicroMenu_Lib+HD44780_9\MicroMenu_Lib.asm
         Menu_3_Submenu_3   0x0001ee    program     static D:\Docs\Dropbox\Embed\PIC\Projects\ASM\MicroMenu_Lib+HD44780\MicroMenu_Lib+HD44780_9\MicroMenu_Lib.asm
  Menu_3_Submenu_3_action   0x000278    program     static D:\Docs\Dropbox\Embed\PIC\Projects\ASM\MicroMenu_Lib+HD44780\MicroMenu_Lib+HD44780_9\MicroMenu_Lib.asm
             Menu_3_Table   0x00004a    program     static D:\Docs\Dropbox\Embed\PIC\Projects\ASM\MicroMenu_Lib+HD44780\MicroMenu_Lib+HD44780_9\MicroMenu_Lib.asm
      Menu_3_Table_action   0x00008e    program     static D:\Docs\Dropbox\Embed\PIC\Projects\ASM\MicroMenu_Lib+HD44780\MicroMenu_Lib+HD44780_9\MicroMenu_Lib.asm
                   Menu_4   0x0000e2    program     static D:\Docs\Dropbox\Embed\PIC\Projects\ASM\MicroMenu_Lib+HD44780\MicroMenu_Lib+HD44780_9\MicroMenu_Lib.asm
         Menu_4_Submenu_1   0x0001fe    program     static D:\Docs\Dropbox\Embed\PIC\Projects\ASM\MicroMenu_Lib+HD44780\MicroMenu_Lib+HD44780_9\MicroMenu_Lib.asm
  Menu_4_Submenu_1_action   0x000279    program     static D:\Docs\Dropbox\Embed\PIC\Projects\ASM\MicroMenu_Lib+HD44780\MicroMenu_Lib+HD44780_9\MicroMenu_Lib.asm
         Menu_4_Submenu_2   0x000211    program     static D:\Docs\Dropbox\Embed\PIC\Projects\ASM\MicroMenu_Lib+HD44780\MicroMenu_Lib+HD44780_9\MicroMenu_Lib.asm
  Menu_4_Submenu_2_action   0x00027a    program     static D:\Docs\Dropbox\Embed\PIC\Projects\ASM\MicroMenu_Lib+HD44780\MicroMenu_Lib+HD44780_9\MicroMenu_Lib.asm
         Menu_4_Submenu_3   0x000226    program     static D:\Docs\Dropbox\Embed\PIC\Projects\ASM\MicroMenu_Lib+HD44780\MicroMenu_Lib+HD44780_9\MicroMenu_Lib.asm
  Menu_4_Submenu_3_action   0x00027b    program     static D:\Docs\Dropbox\Embed\PIC\Projects\ASM\MicroMenu_Lib+HD44780\MicroMenu_Lib+HD44780_9\MicroMenu_Lib.asm
             Menu_4_Table   0x000055    program     static D:\Docs\Dropbox\Embed\PIC\Projects\ASM\MicroMenu_Lib+HD44780\MicroMenu_Lib+HD44780_9\MicroMenu_Lib.asm
      Menu_4_Table_action   0x000099    program     static D:\Docs\Dropbox\Embed\PIC\Projects\ASM\MicroMenu_Lib+HD44780\MicroMenu_Lib+HD44780_9\MicroMenu_Lib.asm
                   Menu_5   0x0000f3    program     static D:\Docs\Dropbox\Embed\PIC\Projects\ASM\MicroMenu_Lib+HD44780\MicroMenu_Lib+HD44780_9\MicroMenu_Lib.asm
         Menu_5_Submenu_1   0x000236    program     static D:\Docs\Dropbox\Embed\PIC\Projects\ASM\MicroMenu_Lib+HD44780\MicroMenu_Lib+HD44780_9\MicroMenu_Lib.asm
  Menu_5_Submenu_1_action   0x00027c    program     static D:\Docs\Dropbox\Embed\PIC\Projects\ASM\MicroMenu_Lib+HD44780\MicroMenu_Lib+HD44780_9\MicroMenu_Lib.asm
         Menu_5_Submenu_2   0x000249    program     static D:\Docs\Dropbox\Embed\PIC\Projects\ASM\MicroMenu_Lib+HD44780\MicroMenu_Lib+HD44780_9\MicroMenu_Lib.asm
  Menu_5_Submenu_2_action   0x00027d    program     static D:\Docs\Dropbox\Embed\PIC\Projects\ASM\MicroMenu_Lib+HD44780\MicroMenu_Lib+HD44780_9\MicroMenu_Lib.asm
         Menu_5_Submenu_3   0x00025e    program     static D:\Docs\Dropbox\Embed\PIC\Projects\ASM\MicroMenu_Lib+HD44780\MicroMenu_Lib+HD44780_9\MicroMenu_Lib.asm
  Menu_5_Submenu_3_action   0x00027e    program     static D:\Docs\Dropbox\Embed\PIC\Projects\ASM\MicroMenu_Lib+HD44780\MicroMenu_Lib+HD44780_9\MicroMenu_Lib.asm
             Menu_5_Table   0x000060    program     static D:\Docs\Dropbox\Embed\PIC\Projects\ASM\MicroMenu_Lib+HD44780\MicroMenu_Lib+HD44780_9\MicroMenu_Lib.asm
      Menu_5_Table_action   0x0000a4    program     static D:\Docs\Dropbox\Embed\PIC\Projects\ASM\MicroMenu_Lib+HD44780\MicroMenu_Lib+HD44780_9\MicroMenu_Lib.asm
            Menu_heandler   0x000297    program     extern D:\Docs\Dropbox\Embed\PIC\Projects\ASM\MicroMenu_Lib+HD44780\MicroMenu_Lib+HD44780_9\MicroMenu_Lib.asm
              Next_String   0x000379    program     static D:\Docs\Dropbox\Embed\PIC\Projects\ASM\MicroMenu_Lib+HD44780\MicroMenu_Lib+HD44780_9\MicroMenu_Lib.asm
     Num_of_Submenu_Table   0x000104    program     static D:\Docs\Dropbox\Embed\PIC\Projects\ASM\MicroMenu_Lib+HD44780\MicroMenu_Lib+HD44780_9\MicroMenu_Lib.asm
      Out_Action_Complete   0x000366    program     static D:\Docs\Dropbox\Embed\PIC\Projects\ASM\MicroMenu_Lib+HD44780\MicroMenu_Lib+HD44780_9\MicroMenu_Lib.asm
         Out_First_String   0x000376    program     static D:\Docs\Dropbox\Embed\PIC\Projects\ASM\MicroMenu_Lib+HD44780\MicroMenu_Lib+HD44780_9\MicroMenu_Lib.asm
          Out_Next_String   0x000380    program     static D:\Docs\Dropbox\Embed\PIC\Projects\ASM\MicroMenu_Lib+HD44780\MicroMenu_Lib+HD44780_9\MicroMenu_Lib.asm
            Pressing_DOWN   0x0002bb    program     static D:\Docs\Dropbox\Embed\PIC\Projects\ASM\MicroMenu_Lib+HD44780\MicroMenu_Lib+HD44780_9\MicroMenu_Lib.asm
          Pressing_DOWN_2   0x00031e    program     static D:\Docs\Dropbox\Embed\PIC\Projects\ASM\MicroMenu_Lib+HD44780\MicroMenu_Lib+HD44780_9\MicroMenu_Lib.asm
    Second_String_routine   0x000284    program     static D:\Docs\Dropbox\Embed\PIC\Projects\ASM\MicroMenu_Lib+HD44780\MicroMenu_Lib+HD44780_9\MicroMenu_Lib.asm
         Send_LCD_Command   0x00039e    program     extern D:\Docs\Dropbox\Embed\PIC\Projects\ASM\MicroMenu_Lib+HD44780\MicroMenu_Lib+HD44780_9\HD44780_Lib.asm
          Send_LCD_Symbol   0x000396    program     extern D:\Docs\Dropbox\Embed\PIC\Projects\ASM\MicroMenu_Lib+HD44780\MicroMenu_Lib+HD44780_9\HD44780_Lib.asm
             Skip_Check_1   0x0002a5    program     static D:\Docs\Dropbox\Embed\PIC\Projects\ASM\MicroMenu_Lib+HD44780\MicroMenu_Lib+HD44780_9\MicroMenu_Lib.asm
             Skip_Check_2   0x000307    program     static D:\Docs\Dropbox\Embed\PIC\Projects\ASM\MicroMenu_Lib+HD44780\MicroMenu_Lib+HD44780_9\MicroMenu_Lib.asm
Skip_Correct_index_menu_2   0x0002c8    program     static D:\Docs\Dropbox\Embed\PIC\Projects\ASM\MicroMenu_Lib+HD44780\MicroMenu_Lib+HD44780_9\MicroMenu_Lib.asm
Skip_Correct_index_menu_3   0x0002cd    program     static D:\Docs\Dropbox\Embed\PIC\Projects\ASM\MicroMenu_Lib+HD44780\MicroMenu_Lib+HD44780_9\MicroMenu_Lib.asm
Skip_Correct_index_submenu_2   0x00032c    program     static D:\Docs\Dropbox\Embed\PIC\Projects\ASM\MicroMenu_Lib+HD44780\MicroMenu_Lib+HD44780_9\MicroMenu_Lib.asm
Skip_Correct_index_submenu_3   0x000331    program     static D:\Docs\Dropbox\Embed\PIC\Projects\ASM\MicroMenu_Lib+HD44780\MicroMenu_Lib+HD44780_9\MicroMenu_Lib.asm
   String_Action_Complete   0x00035f    program     static D:\Docs\Dropbox\Embed\PIC\Projects\ASM\MicroMenu_Lib+HD44780\MicroMenu_Lib+HD44780_9\MicroMenu_Lib.asm
              String_Menu   0x000288    program     static D:\Docs\Dropbox\Embed\PIC\Projects\ASM\MicroMenu_Lib+HD44780\MicroMenu_Lib+HD44780_9\MicroMenu_Lib.asm
           String_Submenu   0x000290    program     static D:\Docs\Dropbox\Embed\PIC\Projects\ASM\MicroMenu_Lib+HD44780\MicroMenu_Lib+HD44780_9\MicroMenu_Lib.asm
                    Strob   0x00038e    program     static D:\Docs\Dropbox\Embed\PIC\Projects\ASM\MicroMenu_Lib+HD44780\MicroMenu_Lib+HD44780_9\HD44780_Lib.asm
            Switch_Action   0x00006b    program     static D:\Docs\Dropbox\Embed\PIC\Projects\ASM\MicroMenu_Lib+HD44780\MicroMenu_Lib+HD44780_9\MicroMenu_Lib.asm
              Switch_Menu   0x000298    program     static D:\Docs\Dropbox\Embed\PIC\Projects\ASM\MicroMenu_Lib+HD44780\MicroMenu_Lib+HD44780_9\MicroMenu_Lib.asm
        Switch_Menu_Table   0x00001a    program     static D:\Docs\Dropbox\Embed\PIC\Projects\ASM\MicroMenu_Lib+HD44780\MicroMenu_Lib+HD44780_9\MicroMenu_Lib.asm
      Switch_Menu_routine   0x000287    program     static D:\Docs\Dropbox\Embed\PIC\Projects\ASM\MicroMenu_Lib+HD44780\MicroMenu_Lib+HD44780_9\MicroMenu_Lib.asm
           Switch_Submenu   0x0002f7    program     static D:\Docs\Dropbox\Embed\PIC\Projects\ASM\MicroMenu_Lib+HD44780\MicroMenu_Lib+HD44780_9\MicroMenu_Lib.asm
     Switch_Submenu_Table   0x000027    program     static D:\Docs\Dropbox\Embed\PIC\Projects\ASM\MicroMenu_Lib+HD44780\MicroMenu_Lib+HD44780_9\MicroMenu_Lib.asm
   Switch_Submenu_routine   0x00028f    program     static D:\Docs\Dropbox\Embed\PIC\Projects\ASM\MicroMenu_Lib+HD44780\MicroMenu_Lib+HD44780_9\MicroMenu_Lib.asm
    Table_Action_Complete   0x00013f    program     static D:\Docs\Dropbox\Embed\PIC\Projects\ASM\MicroMenu_Lib+HD44780\MicroMenu_Lib+HD44780_9\MicroMenu_Lib.asm
Table_Zastavka_First_String   0x000111    program     static D:\Docs\Dropbox\Embed\PIC\Projects\ASM\MicroMenu_Lib+HD44780\MicroMenu_Lib+HD44780_9\MicroMenu_Lib.asm
Table_Zastavka_Second_String   0x000128    program     static D:\Docs\Dropbox\Embed\PIC\Projects\ASM\MicroMenu_Lib+HD44780\MicroMenu_Lib+HD44780_9\MicroMenu_Lib.asm
                 Zastavka   0x000013    program     extern D:\Docs\Dropbox\Embed\PIC\Projects\ASM\MicroMenu_Lib+HD44780\MicroMenu_Lib+HD44780_9\Main.asm
         Zastavka_routine   0x00036b    program     extern D:\Docs\Dropbox\Embed\PIC\Projects\ASM\MicroMenu_Lib+HD44780\MicroMenu_Lib+HD44780_9\MicroMenu_Lib.asm
                 _11Table   0x000073    program     static D:\Docs\Dropbox\Embed\PIC\Projects\ASM\MicroMenu_Lib+HD44780\MicroMenu_Lib+HD44780_9\MicroMenu_Lib.asm
                 _12Table   0x000080    program     static D:\Docs\Dropbox\Embed\PIC\Projects\ASM\MicroMenu_Lib+HD44780\MicroMenu_Lib+HD44780_9\MicroMenu_Lib.asm
                 _13Table   0x00008b    program     static D:\Docs\Dropbox\Embed\PIC\Projects\ASM\MicroMenu_Lib+HD44780\MicroMenu_Lib+HD44780_9\MicroMenu_Lib.asm
                 _14Table   0x000096    program     static D:\Docs\Dropbox\Embed\PIC\Projects\ASM\MicroMenu_Lib+HD44780\MicroMenu_Lib+HD44780_9\MicroMenu_Lib.asm
                 _15Table   0x0000a1    program     static D:\Docs\Dropbox\Embed\PIC\Projects\ASM\MicroMenu_Lib+HD44780\MicroMenu_Lib+HD44780_9\MicroMenu_Lib.asm
                 _16Table   0x0000ac    program     static D:\Docs\Dropbox\Embed\PIC\Projects\ASM\MicroMenu_Lib+HD44780\MicroMenu_Lib+HD44780_9\MicroMenu_Lib.asm
                 _18Table   0x0000b7    program     static D:\Docs\Dropbox\Embed\PIC\Projects\ASM\MicroMenu_Lib+HD44780\MicroMenu_Lib+HD44780_9\MicroMenu_Lib.asm
                 _19Table   0x0000c8    program     static D:\Docs\Dropbox\Embed\PIC\Projects\ASM\MicroMenu_Lib+HD44780\MicroMenu_Lib+HD44780_9\MicroMenu_Lib.asm
                 _20Table   0x0000d9    program     static D:\Docs\Dropbox\Embed\PIC\Projects\ASM\MicroMenu_Lib+HD44780\MicroMenu_Lib+HD44780_9\MicroMenu_Lib.asm
                 _21Table   0x0000ea    program     static D:\Docs\Dropbox\Embed\PIC\Projects\ASM\MicroMenu_Lib+HD44780\MicroMenu_Lib+HD44780_9\MicroMenu_Lib.asm
                 _22Table   0x0000fb    program     static D:\Docs\Dropbox\Embed\PIC\Projects\ASM\MicroMenu_Lib+HD44780\MicroMenu_Lib+HD44780_9\MicroMenu_Lib.asm
                 _24Table   0x00010c    program     static D:\Docs\Dropbox\Embed\PIC\Projects\ASM\MicroMenu_Lib+HD44780\MicroMenu_Lib+HD44780_9\MicroMenu_Lib.asm
                 _25Table   0x000119    program     static D:\Docs\Dropbox\Embed\PIC\Projects\ASM\MicroMenu_Lib+HD44780\MicroMenu_Lib+HD44780_9\MicroMenu_Lib.asm
                 _26Table   0x000130    program     static D:\Docs\Dropbox\Embed\PIC\Projects\ASM\MicroMenu_Lib+HD44780\MicroMenu_Lib+HD44780_9\MicroMenu_Lib.asm
                 _27Table   0x000147    program     static D:\Docs\Dropbox\Embed\PIC\Projects\ASM\MicroMenu_Lib+HD44780\MicroMenu_Lib+HD44780_9\MicroMenu_Lib.asm
                 _29Table   0x000160    program     static D:\Docs\Dropbox\Embed\PIC\Projects\ASM\MicroMenu_Lib+HD44780\MicroMenu_Lib+HD44780_9\MicroMenu_Lib.asm
                  _2Table   0x000022    program     static D:\Docs\Dropbox\Embed\PIC\Projects\ASM\MicroMenu_Lib+HD44780\MicroMenu_Lib+HD44780_9\MicroMenu_Lib.asm
                 _30Table   0x000173    program     static D:\Docs\Dropbox\Embed\PIC\Projects\ASM\MicroMenu_Lib+HD44780\MicroMenu_Lib+HD44780_9\MicroMenu_Lib.asm
                 _31Table   0x000185    program     static D:\Docs\Dropbox\Embed\PIC\Projects\ASM\MicroMenu_Lib+HD44780\MicroMenu_Lib+HD44780_9\MicroMenu_Lib.asm
                 _32Table   0x000197    program     static D:\Docs\Dropbox\Embed\PIC\Projects\ASM\MicroMenu_Lib+HD44780\MicroMenu_Lib+HD44780_9\MicroMenu_Lib.asm
                 _33Table   0x0001aa    program     static D:\Docs\Dropbox\Embed\PIC\Projects\ASM\MicroMenu_Lib+HD44780\MicroMenu_Lib+HD44780_9\MicroMenu_Lib.asm
                 _34Table   0x0001bc    program     static D:\Docs\Dropbox\Embed\PIC\Projects\ASM\MicroMenu_Lib+HD44780\MicroMenu_Lib+HD44780_9\MicroMenu_Lib.asm
                 _35Table   0x0001ce    program     static D:\Docs\Dropbox\Embed\PIC\Projects\ASM\MicroMenu_Lib+HD44780\MicroMenu_Lib+HD44780_9\MicroMenu_Lib.asm
                 _36Table   0x0001e1    program     static D:\Docs\Dropbox\Embed\PIC\Projects\ASM\MicroMenu_Lib+HD44780\MicroMenu_Lib+HD44780_9\MicroMenu_Lib.asm
                 _37Table   0x0001f6    program     static D:\Docs\Dropbox\Embed\PIC\Projects\ASM\MicroMenu_Lib+HD44780\MicroMenu_Lib+HD44780_9\MicroMenu_Lib.asm
                 _38Table   0x000206    program     static D:\Docs\Dropbox\Embed\PIC\Projects\ASM\MicroMenu_Lib+HD44780\MicroMenu_Lib+HD44780_9\MicroMenu_Lib.asm
                 _39Table   0x000219    program     static D:\Docs\Dropbox\Embed\PIC\Projects\ASM\MicroMenu_Lib+HD44780\MicroMenu_Lib+HD44780_9\MicroMenu_Lib.asm
                 _40Table   0x00022e    program     static D:\Docs\Dropbox\Embed\PIC\Projects\ASM\MicroMenu_Lib+HD44780\MicroMenu_Lib+HD44780_9\MicroMenu_Lib.asm
                 _41Table   0x00023e    program     static D:\Docs\Dropbox\Embed\PIC\Projects\ASM\MicroMenu_Lib+HD44780\MicroMenu_Lib+HD44780_9\MicroMenu_Lib.asm
                 _42Table   0x000251    program     static D:\Docs\Dropbox\Embed\PIC\Projects\ASM\MicroMenu_Lib+HD44780\MicroMenu_Lib+HD44780_9\MicroMenu_Lib.asm
                 _43Table   0x000266    program     static D:\Docs\Dropbox\Embed\PIC\Projects\ASM\MicroMenu_Lib+HD44780\MicroMenu_Lib+HD44780_9\MicroMenu_Lib.asm
                  _4Table   0x00002f    program     static D:\Docs\Dropbox\Embed\PIC\Projects\ASM\MicroMenu_Lib+HD44780\MicroMenu_Lib+HD44780_9\MicroMenu_Lib.asm
                  _5Table   0x00003c    program     static D:\Docs\Dropbox\Embed\PIC\Projects\ASM\MicroMenu_Lib+HD44780\MicroMenu_Lib+HD44780_9\MicroMenu_Lib.asm
                  _6Table   0x000047    program     static D:\Docs\Dropbox\Embed\PIC\Projects\ASM\MicroMenu_Lib+HD44780\MicroMenu_Lib+HD44780_9\MicroMenu_Lib.asm
                  _7Table   0x000052    program     static D:\Docs\Dropbox\Embed\PIC\Projects\ASM\MicroMenu_Lib+HD44780\MicroMenu_Lib+HD44780_9\MicroMenu_Lib.asm
                  _8Table   0x00005d    program     static D:\Docs\Dropbox\Embed\PIC\Projects\ASM\MicroMenu_Lib+HD44780\MicroMenu_Lib+HD44780_9\MicroMenu_Lib.asm
                  _9Table   0x000068    program     static D:\Docs\Dropbox\Embed\PIC\Projects\ASM\MicroMenu_Lib+HD44780\MicroMenu_Lib+HD44780_9\MicroMenu_Lib.asm
       _LCD_Lib_code_0006   0x000394    program     static D:\Docs\Dropbox\Embed\PIC\Projects\ASM\MicroMenu_Lib+HD44780\MicroMenu_Lib+HD44780_9\HD44780_Lib.asm
       _LCD_Lib_code_0043   0x0003d1    program     static D:\Docs\Dropbox\Embed\PIC\Projects\ASM\MicroMenu_Lib+HD44780\MicroMenu_Lib+HD44780_9\HD44780_Lib.asm
       _LCD_Lib_code_0045   0x0003d3    program     static D:\Docs\Dropbox\Embed\PIC\Projects\ASM\MicroMenu_Lib+HD44780\MicroMenu_Lib+HD44780_9\HD44780_Lib.asm
          _MicroMenu_034F   0x000369    program     static D:\Docs\Dropbox\Embed\PIC\Projects\ASM\MicroMenu_Lib+HD44780\MicroMenu_Lib+HD44780_9\MicroMenu_Lib.asm
          _MicroMenu_0370   0x00038a    program     static D:\Docs\Dropbox\Embed\PIC\Projects\ASM\MicroMenu_Lib+HD44780\MicroMenu_Lib+HD44780_9\MicroMenu_Lib.asm
                    flags   0x000015       data     extern D:\Docs\Dropbox\Embed\PIC\Projects\ASM\MicroMenu_Lib+HD44780\MicroMenu_Lib+HD44780_9\Main.asm
               index_menu   0x00000c       data     static D:\Docs\Dropbox\Embed\PIC\Projects\ASM\MicroMenu_Lib+HD44780\MicroMenu_Lib+HD44780_9\MicroMenu_Lib.asm
            index_submenu   0x00000d       data     static D:\Docs\Dropbox\Embed\PIC\Projects\ASM\MicroMenu_Lib+HD44780\MicroMenu_Lib+HD44780_9\MicroMenu_Lib.asm
               known_zero   0x000017       data     extern D:\Docs\Dropbox\Embed\PIC\Projects\ASM\MicroMenu_Lib+HD44780\MicroMenu_Lib+HD44780_9\Main.asm
             menu_counter   0x00000f       data     static D:\Docs\Dropbox\Embed\PIC\Projects\ASM\MicroMenu_Lib+HD44780\MicroMenu_Lib+HD44780_9\MicroMenu_Lib.asm
                   offset   0x000016       data     extern D:\Docs\Dropbox\Embed\PIC\Projects\ASM\MicroMenu_Lib+HD44780\MicroMenu_Lib+HD44780_9\Main.asm
              status_temp   0x000014       data     static D:\Docs\Dropbox\Embed\PIC\Projects\ASM\MicroMenu_Lib+HD44780\MicroMenu_Lib+HD44780_9\Main.asm
                   symbol   0x00001a       data     static D:\Docs\Dropbox\Embed\PIC\Projects\ASM\MicroMenu_Lib+HD44780\MicroMenu_Lib+HD44780_9\HD44780_Lib.asm
           symbol_pointer   0x00000e       data     static D:\Docs\Dropbox\Embed\PIC\Projects\ASM\MicroMenu_Lib+HD44780\MicroMenu_Lib+HD44780_9\MicroMenu_Lib.asm
                   temp_1   0x000018       data     static D:\Docs\Dropbox\Embed\PIC\Projects\ASM\MicroMenu_Lib+HD44780\MicroMenu_Lib+HD44780_9\HD44780_Lib.asm
                   temp_1   0x000010       data     static D:\Docs\Dropbox\Embed\PIC\Projects\ASM\MicroMenu_Lib+HD44780\MicroMenu_Lib+HD44780_9\MicroMenu_Lib.asm
                   temp_2   0x000019       data     static D:\Docs\Dropbox\Embed\PIC\Projects\ASM\MicroMenu_Lib+HD44780\MicroMenu_Lib+HD44780_9\HD44780_Lib.asm
                   temp_2   0x000011       data     static D:\Docs\Dropbox\Embed\PIC\Projects\ASM\MicroMenu_Lib+HD44780\MicroMenu_Lib+HD44780_9\MicroMenu_Lib.asm
                   temp_3   0x000012       data     static D:\Docs\Dropbox\Embed\PIC\Projects\ASM\MicroMenu_Lib+HD44780\MicroMenu_Lib+HD44780_9\MicroMenu_Lib.asm
                   w_temp   0x000013       data     static D:\Docs\Dropbox\Embed\PIC\Projects\ASM\MicroMenu_Lib+HD44780\MicroMenu_Lib+HD44780_9\Main.asm



                              Symbols - Sorted by Address
                     Name    Address   Location    Storage File                     
                ---------  ---------  ---------  --------- ---------                
       Interrupt_Heandler   0x000004    program     static D:\Docs\Dropbox\Embed\PIC\Projects\ASM\MicroMenu_Lib+HD44780\MicroMenu_Lib+HD44780_9\Main.asm
   End_Interrupt_Heandler   0x000007    program     extern D:\Docs\Dropbox\Embed\PIC\Projects\ASM\MicroMenu_Lib+HD44780\MicroMenu_Lib+HD44780_9\Main.asm
                     Init   0x00000c    program     static D:\Docs\Dropbox\Embed\PIC\Projects\ASM\MicroMenu_Lib+HD44780\MicroMenu_Lib+HD44780_9\Main.asm
                 Zastavka   0x000013    program     extern D:\Docs\Dropbox\Embed\PIC\Projects\ASM\MicroMenu_Lib+HD44780\MicroMenu_Lib+HD44780_9\Main.asm
                     Main   0x000014    program     extern D:\Docs\Dropbox\Embed\PIC\Projects\ASM\MicroMenu_Lib+HD44780\MicroMenu_Lib+HD44780_9\Main.asm
        Switch_Menu_Table   0x00001a    program     static D:\Docs\Dropbox\Embed\PIC\Projects\ASM\MicroMenu_Lib+HD44780\MicroMenu_Lib+HD44780_9\MicroMenu_Lib.asm
                  _2Table   0x000022    program     static D:\Docs\Dropbox\Embed\PIC\Projects\ASM\MicroMenu_Lib+HD44780\MicroMenu_Lib+HD44780_9\MicroMenu_Lib.asm
     Switch_Submenu_Table   0x000027    program     static D:\Docs\Dropbox\Embed\PIC\Projects\ASM\MicroMenu_Lib+HD44780\MicroMenu_Lib+HD44780_9\MicroMenu_Lib.asm
                  _4Table   0x00002f    program     static D:\Docs\Dropbox\Embed\PIC\Projects\ASM\MicroMenu_Lib+HD44780\MicroMenu_Lib+HD44780_9\MicroMenu_Lib.asm
             Menu_1_Table   0x000034    program     static D:\Docs\Dropbox\Embed\PIC\Projects\ASM\MicroMenu_Lib+HD44780\MicroMenu_Lib+HD44780_9\MicroMenu_Lib.asm
                  _5Table   0x00003c    program     static D:\Docs\Dropbox\Embed\PIC\Projects\ASM\MicroMenu_Lib+HD44780\MicroMenu_Lib+HD44780_9\MicroMenu_Lib.asm
             Menu_2_Table   0x00003f    program     static D:\Docs\Dropbox\Embed\PIC\Projects\ASM\MicroMenu_Lib+HD44780\MicroMenu_Lib+HD44780_9\MicroMenu_Lib.asm
                  _6Table   0x000047    program     static D:\Docs\Dropbox\Embed\PIC\Projects\ASM\MicroMenu_Lib+HD44780\MicroMenu_Lib+HD44780_9\MicroMenu_Lib.asm
             Menu_3_Table   0x00004a    program     static D:\Docs\Dropbox\Embed\PIC\Projects\ASM\MicroMenu_Lib+HD44780\MicroMenu_Lib+HD44780_9\MicroMenu_Lib.asm
                  _7Table   0x000052    program     static D:\Docs\Dropbox\Embed\PIC\Projects\ASM\MicroMenu_Lib+HD44780\MicroMenu_Lib+HD44780_9\MicroMenu_Lib.asm
             Menu_4_Table   0x000055    program     static D:\Docs\Dropbox\Embed\PIC\Projects\ASM\MicroMenu_Lib+HD44780\MicroMenu_Lib+HD44780_9\MicroMenu_Lib.asm
                  _8Table   0x00005d    program     static D:\Docs\Dropbox\Embed\PIC\Projects\ASM\MicroMenu_Lib+HD44780\MicroMenu_Lib+HD44780_9\MicroMenu_Lib.asm
             Menu_5_Table   0x000060    program     static D:\Docs\Dropbox\Embed\PIC\Projects\ASM\MicroMenu_Lib+HD44780\MicroMenu_Lib+HD44780_9\MicroMenu_Lib.asm
                  _9Table   0x000068    program     static D:\Docs\Dropbox\Embed\PIC\Projects\ASM\MicroMenu_Lib+HD44780\MicroMenu_Lib+HD44780_9\MicroMenu_Lib.asm
            Switch_Action   0x00006b    program     static D:\Docs\Dropbox\Embed\PIC\Projects\ASM\MicroMenu_Lib+HD44780\MicroMenu_Lib+HD44780_9\MicroMenu_Lib.asm
                 _11Table   0x000073    program     static D:\Docs\Dropbox\Embed\PIC\Projects\ASM\MicroMenu_Lib+HD44780\MicroMenu_Lib+HD44780_9\MicroMenu_Lib.asm
      Menu_1_Table_action   0x000078    program     static D:\Docs\Dropbox\Embed\PIC\Projects\ASM\MicroMenu_Lib+HD44780\MicroMenu_Lib+HD44780_9\MicroMenu_Lib.asm
                 _12Table   0x000080    program     static D:\Docs\Dropbox\Embed\PIC\Projects\ASM\MicroMenu_Lib+HD44780\MicroMenu_Lib+HD44780_9\MicroMenu_Lib.asm
      Menu_2_Table_action   0x000083    program     static D:\Docs\Dropbox\Embed\PIC\Projects\ASM\MicroMenu_Lib+HD44780\MicroMenu_Lib+HD44780_9\MicroMenu_Lib.asm
                 _13Table   0x00008b    program     static D:\Docs\Dropbox\Embed\PIC\Projects\ASM\MicroMenu_Lib+HD44780\MicroMenu_Lib+HD44780_9\MicroMenu_Lib.asm
      Menu_3_Table_action   0x00008e    program     static D:\Docs\Dropbox\Embed\PIC\Projects\ASM\MicroMenu_Lib+HD44780\MicroMenu_Lib+HD44780_9\MicroMenu_Lib.asm
                 _14Table   0x000096    program     static D:\Docs\Dropbox\Embed\PIC\Projects\ASM\MicroMenu_Lib+HD44780\MicroMenu_Lib+HD44780_9\MicroMenu_Lib.asm
      Menu_4_Table_action   0x000099    program     static D:\Docs\Dropbox\Embed\PIC\Projects\ASM\MicroMenu_Lib+HD44780\MicroMenu_Lib+HD44780_9\MicroMenu_Lib.asm
                 _15Table   0x0000a1    program     static D:\Docs\Dropbox\Embed\PIC\Projects\ASM\MicroMenu_Lib+HD44780\MicroMenu_Lib+HD44780_9\MicroMenu_Lib.asm
      Menu_5_Table_action   0x0000a4    program     static D:\Docs\Dropbox\Embed\PIC\Projects\ASM\MicroMenu_Lib+HD44780\MicroMenu_Lib+HD44780_9\MicroMenu_Lib.asm
                 _16Table   0x0000ac    program     static D:\Docs\Dropbox\Embed\PIC\Projects\ASM\MicroMenu_Lib+HD44780\MicroMenu_Lib+HD44780_9\MicroMenu_Lib.asm
                   Menu_1   0x0000af    program     static D:\Docs\Dropbox\Embed\PIC\Projects\ASM\MicroMenu_Lib+HD44780\MicroMenu_Lib+HD44780_9\MicroMenu_Lib.asm
                 _18Table   0x0000b7    program     static D:\Docs\Dropbox\Embed\PIC\Projects\ASM\MicroMenu_Lib+HD44780\MicroMenu_Lib+HD44780_9\MicroMenu_Lib.asm
                   Menu_2   0x0000c0    program     static D:\Docs\Dropbox\Embed\PIC\Projects\ASM\MicroMenu_Lib+HD44780\MicroMenu_Lib+HD44780_9\MicroMenu_Lib.asm
                 _19Table   0x0000c8    program     static D:\Docs\Dropbox\Embed\PIC\Projects\ASM\MicroMenu_Lib+HD44780\MicroMenu_Lib+HD44780_9\MicroMenu_Lib.asm
                   Menu_3   0x0000d1    program     static D:\Docs\Dropbox\Embed\PIC\Projects\ASM\MicroMenu_Lib+HD44780\MicroMenu_Lib+HD44780_9\MicroMenu_Lib.asm
                 _20Table   0x0000d9    program     static D:\Docs\Dropbox\Embed\PIC\Projects\ASM\MicroMenu_Lib+HD44780\MicroMenu_Lib+HD44780_9\MicroMenu_Lib.asm
                   Menu_4   0x0000e2    program     static D:\Docs\Dropbox\Embed\PIC\Projects\ASM\MicroMenu_Lib+HD44780\MicroMenu_Lib+HD44780_9\MicroMenu_Lib.asm
                 _21Table   0x0000ea    program     static D:\Docs\Dropbox\Embed\PIC\Projects\ASM\MicroMenu_Lib+HD44780\MicroMenu_Lib+HD44780_9\MicroMenu_Lib.asm
                   Menu_5   0x0000f3    program     static D:\Docs\Dropbox\Embed\PIC\Projects\ASM\MicroMenu_Lib+HD44780\MicroMenu_Lib+HD44780_9\MicroMenu_Lib.asm
                 _22Table   0x0000fb    program     static D:\Docs\Dropbox\Embed\PIC\Projects\ASM\MicroMenu_Lib+HD44780\MicroMenu_Lib+HD44780_9\MicroMenu_Lib.asm
     Num_of_Submenu_Table   0x000104    program     static D:\Docs\Dropbox\Embed\PIC\Projects\ASM\MicroMenu_Lib+HD44780\MicroMenu_Lib+HD44780_9\MicroMenu_Lib.asm
                 _24Table   0x00010c    program     static D:\Docs\Dropbox\Embed\PIC\Projects\ASM\MicroMenu_Lib+HD44780\MicroMenu_Lib+HD44780_9\MicroMenu_Lib.asm
Table_Zastavka_First_String   0x000111    program     static D:\Docs\Dropbox\Embed\PIC\Projects\ASM\MicroMenu_Lib+HD44780\MicroMenu_Lib+HD44780_9\MicroMenu_Lib.asm
                 _25Table   0x000119    program     static D:\Docs\Dropbox\Embed\PIC\Projects\ASM\MicroMenu_Lib+HD44780\MicroMenu_Lib+HD44780_9\MicroMenu_Lib.asm
Table_Zastavka_Second_String   0x000128    program     static D:\Docs\Dropbox\Embed\PIC\Projects\ASM\MicroMenu_Lib+HD44780\MicroMenu_Lib+HD44780_9\MicroMenu_Lib.asm
                 _26Table   0x000130    program     static D:\Docs\Dropbox\Embed\PIC\Projects\ASM\MicroMenu_Lib+HD44780\MicroMenu_Lib+HD44780_9\MicroMenu_Lib.asm
    Table_Action_Complete   0x00013f    program     static D:\Docs\Dropbox\Embed\PIC\Projects\ASM\MicroMenu_Lib+HD44780\MicroMenu_Lib+HD44780_9\MicroMenu_Lib.asm
                 _27Table   0x000147    program     static D:\Docs\Dropbox\Embed\PIC\Projects\ASM\MicroMenu_Lib+HD44780\MicroMenu_Lib+HD44780_9\MicroMenu_Lib.asm
         Menu_1_Submenu_1   0x000158    program     static D:\Docs\Dropbox\Embed\PIC\Projects\ASM\MicroMenu_Lib+HD44780\MicroMenu_Lib+HD44780_9\MicroMenu_Lib.asm
                 _29Table   0x000160    program     static D:\Docs\Dropbox\Embed\PIC\Projects\ASM\MicroMenu_Lib+HD44780\MicroMenu_Lib+HD44780_9\MicroMenu_Lib.asm
         Menu_1_Submenu_2   0x00016b    program     static D:\Docs\Dropbox\Embed\PIC\Projects\ASM\MicroMenu_Lib+HD44780\MicroMenu_Lib+HD44780_9\MicroMenu_Lib.asm
                 _30Table   0x000173    program     static D:\Docs\Dropbox\Embed\PIC\Projects\ASM\MicroMenu_Lib+HD44780\MicroMenu_Lib+HD44780_9\MicroMenu_Lib.asm
         Menu_1_Submenu_3   0x00017d    program     static D:\Docs\Dropbox\Embed\PIC\Projects\ASM\MicroMenu_Lib+HD44780\MicroMenu_Lib+HD44780_9\MicroMenu_Lib.asm
                 _31Table   0x000185    program     static D:\Docs\Dropbox\Embed\PIC\Projects\ASM\MicroMenu_Lib+HD44780\MicroMenu_Lib+HD44780_9\MicroMenu_Lib.asm
         Menu_2_Submenu_1   0x00018f    program     static D:\Docs\Dropbox\Embed\PIC\Projects\ASM\MicroMenu_Lib+HD44780\MicroMenu_Lib+HD44780_9\MicroMenu_Lib.asm
                 _32Table   0x000197    program     static D:\Docs\Dropbox\Embed\PIC\Projects\ASM\MicroMenu_Lib+HD44780\MicroMenu_Lib+HD44780_9\MicroMenu_Lib.asm
         Menu_2_Submenu_2   0x0001a2    program     static D:\Docs\Dropbox\Embed\PIC\Projects\ASM\MicroMenu_Lib+HD44780\MicroMenu_Lib+HD44780_9\MicroMenu_Lib.asm
                 _33Table   0x0001aa    program     static D:\Docs\Dropbox\Embed\PIC\Projects\ASM\MicroMenu_Lib+HD44780\MicroMenu_Lib+HD44780_9\MicroMenu_Lib.asm
         Menu_2_Submenu_3   0x0001b4    program     static D:\Docs\Dropbox\Embed\PIC\Projects\ASM\MicroMenu_Lib+HD44780\MicroMenu_Lib+HD44780_9\MicroMenu_Lib.asm
                 _34Table   0x0001bc    program     static D:\Docs\Dropbox\Embed\PIC\Projects\ASM\MicroMenu_Lib+HD44780\MicroMenu_Lib+HD44780_9\MicroMenu_Lib.asm
         Menu_3_Submenu_1   0x0001c6    program     static D:\Docs\Dropbox\Embed\PIC\Projects\ASM\MicroMenu_Lib+HD44780\MicroMenu_Lib+HD44780_9\MicroMenu_Lib.asm
                 _35Table   0x0001ce    program     static D:\Docs\Dropbox\Embed\PIC\Projects\ASM\MicroMenu_Lib+HD44780\MicroMenu_Lib+HD44780_9\MicroMenu_Lib.asm
         Menu_3_Submenu_2   0x0001d9    program     static D:\Docs\Dropbox\Embed\PIC\Projects\ASM\MicroMenu_Lib+HD44780\MicroMenu_Lib+HD44780_9\MicroMenu_Lib.asm
                 _36Table   0x0001e1    program     static D:\Docs\Dropbox\Embed\PIC\Projects\ASM\MicroMenu_Lib+HD44780\MicroMenu_Lib+HD44780_9\MicroMenu_Lib.asm
         Menu_3_Submenu_3   0x0001ee    program     static D:\Docs\Dropbox\Embed\PIC\Projects\ASM\MicroMenu_Lib+HD44780\MicroMenu_Lib+HD44780_9\MicroMenu_Lib.asm
                 _37Table   0x0001f6    program     static D:\Docs\Dropbox\Embed\PIC\Projects\ASM\MicroMenu_Lib+HD44780\MicroMenu_Lib+HD44780_9\MicroMenu_Lib.asm
         Menu_4_Submenu_1   0x0001fe    program     static D:\Docs\Dropbox\Embed\PIC\Projects\ASM\MicroMenu_Lib+HD44780\MicroMenu_Lib+HD44780_9\MicroMenu_Lib.asm
                 _38Table   0x000206    program     static D:\Docs\Dropbox\Embed\PIC\Projects\ASM\MicroMenu_Lib+HD44780\MicroMenu_Lib+HD44780_9\MicroMenu_Lib.asm
         Menu_4_Submenu_2   0x000211    program     static D:\Docs\Dropbox\Embed\PIC\Projects\ASM\MicroMenu_Lib+HD44780\MicroMenu_Lib+HD44780_9\MicroMenu_Lib.asm
                 _39Table   0x000219    program     static D:\Docs\Dropbox\Embed\PIC\Projects\ASM\MicroMenu_Lib+HD44780\MicroMenu_Lib+HD44780_9\MicroMenu_Lib.asm
         Menu_4_Submenu_3   0x000226    program     static D:\Docs\Dropbox\Embed\PIC\Projects\ASM\MicroMenu_Lib+HD44780\MicroMenu_Lib+HD44780_9\MicroMenu_Lib.asm
                 _40Table   0x00022e    program     static D:\Docs\Dropbox\Embed\PIC\Projects\ASM\MicroMenu_Lib+HD44780\MicroMenu_Lib+HD44780_9\MicroMenu_Lib.asm
         Menu_5_Submenu_1   0x000236    program     static D:\Docs\Dropbox\Embed\PIC\Projects\ASM\MicroMenu_Lib+HD44780\MicroMenu_Lib+HD44780_9\MicroMenu_Lib.asm
                 _41Table   0x00023e    program     static D:\Docs\Dropbox\Embed\PIC\Projects\ASM\MicroMenu_Lib+HD44780\MicroMenu_Lib+HD44780_9\MicroMenu_Lib.asm
         Menu_5_Submenu_2   0x000249    program     static D:\Docs\Dropbox\Embed\PIC\Projects\ASM\MicroMenu_Lib+HD44780\MicroMenu_Lib+HD44780_9\MicroMenu_Lib.asm
                 _42Table   0x000251    program     static D:\Docs\Dropbox\Embed\PIC\Projects\ASM\MicroMenu_Lib+HD44780\MicroMenu_Lib+HD44780_9\MicroMenu_Lib.asm
         Menu_5_Submenu_3   0x00025e    program     static D:\Docs\Dropbox\Embed\PIC\Projects\ASM\MicroMenu_Lib+HD44780\MicroMenu_Lib+HD44780_9\MicroMenu_Lib.asm
                 _43Table   0x000266    program     static D:\Docs\Dropbox\Embed\PIC\Projects\ASM\MicroMenu_Lib+HD44780\MicroMenu_Lib+HD44780_9\MicroMenu_Lib.asm
  Menu_1_Submenu_1_action   0x000270    program     static D:\Docs\Dropbox\Embed\PIC\Projects\ASM\MicroMenu_Lib+HD44780\MicroMenu_Lib+HD44780_9\MicroMenu_Lib.asm
  Menu_1_Submenu_2_action   0x000271    program     static D:\Docs\Dropbox\Embed\PIC\Projects\ASM\MicroMenu_Lib+HD44780\MicroMenu_Lib+HD44780_9\MicroMenu_Lib.asm
  Menu_1_Submenu_3_action   0x000272    program     static D:\Docs\Dropbox\Embed\PIC\Projects\ASM\MicroMenu_Lib+HD44780\MicroMenu_Lib+HD44780_9\MicroMenu_Lib.asm
  Menu_2_Submenu_1_action   0x000273    program     static D:\Docs\Dropbox\Embed\PIC\Projects\ASM\MicroMenu_Lib+HD44780\MicroMenu_Lib+HD44780_9\MicroMenu_Lib.asm
  Menu_2_Submenu_2_action   0x000274    program     static D:\Docs\Dropbox\Embed\PIC\Projects\ASM\MicroMenu_Lib+HD44780\MicroMenu_Lib+HD44780_9\MicroMenu_Lib.asm
  Menu_2_Submenu_3_action   0x000275    program     static D:\Docs\Dropbox\Embed\PIC\Projects\ASM\MicroMenu_Lib+HD44780\MicroMenu_Lib+HD44780_9\MicroMenu_Lib.asm
  Menu_3_Submenu_1_action   0x000276    program     static D:\Docs\Dropbox\Embed\PIC\Projects\ASM\MicroMenu_Lib+HD44780\MicroMenu_Lib+HD44780_9\MicroMenu_Lib.asm
  Menu_3_Submenu_2_action   0x000277    program     static D:\Docs\Dropbox\Embed\PIC\Projects\ASM\MicroMenu_Lib+HD44780\MicroMenu_Lib+HD44780_9\MicroMenu_Lib.asm
  Menu_3_Submenu_3_action   0x000278    program     static D:\Docs\Dropbox\Embed\PIC\Projects\ASM\MicroMenu_Lib+HD44780\MicroMenu_Lib+HD44780_9\MicroMenu_Lib.asm
  Menu_4_Submenu_1_action   0x000279    program     static D:\Docs\Dropbox\Embed\PIC\Projects\ASM\MicroMenu_Lib+HD44780\MicroMenu_Lib+HD44780_9\MicroMenu_Lib.asm
  Menu_4_Submenu_2_action   0x00027a    program     static D:\Docs\Dropbox\Embed\PIC\Projects\ASM\MicroMenu_Lib+HD44780\MicroMenu_Lib+HD44780_9\MicroMenu_Lib.asm
  Menu_4_Submenu_3_action   0x00027b    program     static D:\Docs\Dropbox\Embed\PIC\Projects\ASM\MicroMenu_Lib+HD44780\MicroMenu_Lib+HD44780_9\MicroMenu_Lib.asm
  Menu_5_Submenu_1_action   0x00027c    program     static D:\Docs\Dropbox\Embed\PIC\Projects\ASM\MicroMenu_Lib+HD44780\MicroMenu_Lib+HD44780_9\MicroMenu_Lib.asm
  Menu_5_Submenu_2_action   0x00027d    program     static D:\Docs\Dropbox\Embed\PIC\Projects\ASM\MicroMenu_Lib+HD44780\MicroMenu_Lib+HD44780_9\MicroMenu_Lib.asm
  Menu_5_Submenu_3_action   0x00027e    program     static D:\Docs\Dropbox\Embed\PIC\Projects\ASM\MicroMenu_Lib+HD44780\MicroMenu_Lib+HD44780_9\MicroMenu_Lib.asm
        Debounce_CLR_DISP   0x00027f    program     static D:\Docs\Dropbox\Embed\PIC\Projects\ASM\MicroMenu_Lib+HD44780\MicroMenu_Lib+HD44780_9\MicroMenu_Lib.asm
    Second_String_routine   0x000284    program     static D:\Docs\Dropbox\Embed\PIC\Projects\ASM\MicroMenu_Lib+HD44780\MicroMenu_Lib+HD44780_9\MicroMenu_Lib.asm
      Switch_Menu_routine   0x000287    program     static D:\Docs\Dropbox\Embed\PIC\Projects\ASM\MicroMenu_Lib+HD44780\MicroMenu_Lib+HD44780_9\MicroMenu_Lib.asm
              String_Menu   0x000288    program     static D:\Docs\Dropbox\Embed\PIC\Projects\ASM\MicroMenu_Lib+HD44780\MicroMenu_Lib+HD44780_9\MicroMenu_Lib.asm
   Switch_Submenu_routine   0x00028f    program     static D:\Docs\Dropbox\Embed\PIC\Projects\ASM\MicroMenu_Lib+HD44780\MicroMenu_Lib+HD44780_9\MicroMenu_Lib.asm
           String_Submenu   0x000290    program     static D:\Docs\Dropbox\Embed\PIC\Projects\ASM\MicroMenu_Lib+HD44780\MicroMenu_Lib+HD44780_9\MicroMenu_Lib.asm
            Menu_heandler   0x000297    program     extern D:\Docs\Dropbox\Embed\PIC\Projects\ASM\MicroMenu_Lib+HD44780\MicroMenu_Lib+HD44780_9\MicroMenu_Lib.asm
              Switch_Menu   0x000298    program     static D:\Docs\Dropbox\Embed\PIC\Projects\ASM\MicroMenu_Lib+HD44780\MicroMenu_Lib+HD44780_9\MicroMenu_Lib.asm
                  Check_1   0x00029f    program     static D:\Docs\Dropbox\Embed\PIC\Projects\ASM\MicroMenu_Lib+HD44780\MicroMenu_Lib+HD44780_9\MicroMenu_Lib.asm
             Skip_Check_1   0x0002a5    program     static D:\Docs\Dropbox\Embed\PIC\Projects\ASM\MicroMenu_Lib+HD44780\MicroMenu_Lib+HD44780_9\MicroMenu_Lib.asm
       Correct_index_menu   0x0002b6    program     static D:\Docs\Dropbox\Embed\PIC\Projects\ASM\MicroMenu_Lib+HD44780\MicroMenu_Lib+HD44780_9\MicroMenu_Lib.asm
            Pressing_DOWN   0x0002bb    program     static D:\Docs\Dropbox\Embed\PIC\Projects\ASM\MicroMenu_Lib+HD44780\MicroMenu_Lib+HD44780_9\MicroMenu_Lib.asm
     Correct_index_menu_2   0x0002c3    program     static D:\Docs\Dropbox\Embed\PIC\Projects\ASM\MicroMenu_Lib+HD44780\MicroMenu_Lib+HD44780_9\MicroMenu_Lib.asm
Skip_Correct_index_menu_2   0x0002c8    program     static D:\Docs\Dropbox\Embed\PIC\Projects\ASM\MicroMenu_Lib+HD44780\MicroMenu_Lib+HD44780_9\MicroMenu_Lib.asm
Skip_Correct_index_menu_3   0x0002cd    program     static D:\Docs\Dropbox\Embed\PIC\Projects\ASM\MicroMenu_Lib+HD44780\MicroMenu_Lib+HD44780_9\MicroMenu_Lib.asm
                Loop_Menu   0x0002d1    program     static D:\Docs\Dropbox\Embed\PIC\Projects\ASM\MicroMenu_Lib+HD44780\MicroMenu_Lib+HD44780_9\MicroMenu_Lib.asm
                Cursor_UP   0x0002e0    program     static D:\Docs\Dropbox\Embed\PIC\Projects\ASM\MicroMenu_Lib+HD44780\MicroMenu_Lib+HD44780_9\MicroMenu_Lib.asm
              Cursor_DOWN   0x0002ea    program     static D:\Docs\Dropbox\Embed\PIC\Projects\ASM\MicroMenu_Lib+HD44780\MicroMenu_Lib+HD44780_9\MicroMenu_Lib.asm
                EXIT_Menu   0x0002f4    program     static D:\Docs\Dropbox\Embed\PIC\Projects\ASM\MicroMenu_Lib+HD44780\MicroMenu_Lib+HD44780_9\MicroMenu_Lib.asm
               ENTER_Menu   0x0002f6    program     static D:\Docs\Dropbox\Embed\PIC\Projects\ASM\MicroMenu_Lib+HD44780\MicroMenu_Lib+HD44780_9\MicroMenu_Lib.asm
           Switch_Submenu   0x0002f7    program     static D:\Docs\Dropbox\Embed\PIC\Projects\ASM\MicroMenu_Lib+HD44780\MicroMenu_Lib+HD44780_9\MicroMenu_Lib.asm
                  Check_2   0x0002fe    program     static D:\Docs\Dropbox\Embed\PIC\Projects\ASM\MicroMenu_Lib+HD44780\MicroMenu_Lib+HD44780_9\MicroMenu_Lib.asm
             Skip_Check_2   0x000307    program     static D:\Docs\Dropbox\Embed\PIC\Projects\ASM\MicroMenu_Lib+HD44780\MicroMenu_Lib+HD44780_9\MicroMenu_Lib.asm
    Correct_index_submenu   0x000318    program     static D:\Docs\Dropbox\Embed\PIC\Projects\ASM\MicroMenu_Lib+HD44780\MicroMenu_Lib+HD44780_9\MicroMenu_Lib.asm
          Pressing_DOWN_2   0x00031e    program     static D:\Docs\Dropbox\Embed\PIC\Projects\ASM\MicroMenu_Lib+HD44780\MicroMenu_Lib+HD44780_9\MicroMenu_Lib.asm
  Correct_index_submenu_2   0x000326    program     static D:\Docs\Dropbox\Embed\PIC\Projects\ASM\MicroMenu_Lib+HD44780\MicroMenu_Lib+HD44780_9\MicroMenu_Lib.asm
Skip_Correct_index_submenu_2   0x00032c    program     static D:\Docs\Dropbox\Embed\PIC\Projects\ASM\MicroMenu_Lib+HD44780\MicroMenu_Lib+HD44780_9\MicroMenu_Lib.asm
Skip_Correct_index_submenu_3   0x000331    program     static D:\Docs\Dropbox\Embed\PIC\Projects\ASM\MicroMenu_Lib+HD44780\MicroMenu_Lib+HD44780_9\MicroMenu_Lib.asm
             Loop_Submenu   0x000335    program     static D:\Docs\Dropbox\Embed\PIC\Projects\ASM\MicroMenu_Lib+HD44780\MicroMenu_Lib+HD44780_9\MicroMenu_Lib.asm
        Cursor_UP_submenu   0x000344    program     static D:\Docs\Dropbox\Embed\PIC\Projects\ASM\MicroMenu_Lib+HD44780\MicroMenu_Lib+HD44780_9\MicroMenu_Lib.asm
      Cursor_DOWN_submenu   0x00034f    program     static D:\Docs\Dropbox\Embed\PIC\Projects\ASM\MicroMenu_Lib+HD44780\MicroMenu_Lib+HD44780_9\MicroMenu_Lib.asm
             EXIT_submenu   0x000359    program     static D:\Docs\Dropbox\Embed\PIC\Projects\ASM\MicroMenu_Lib+HD44780\MicroMenu_Lib+HD44780_9\MicroMenu_Lib.asm
            ENTER_submenu   0x00035c    program     static D:\Docs\Dropbox\Embed\PIC\Projects\ASM\MicroMenu_Lib+HD44780\MicroMenu_Lib+HD44780_9\MicroMenu_Lib.asm
               End_Action   0x00035e    program     static D:\Docs\Dropbox\Embed\PIC\Projects\ASM\MicroMenu_Lib+HD44780\MicroMenu_Lib+HD44780_9\MicroMenu_Lib.asm
   String_Action_Complete   0x00035f    program     static D:\Docs\Dropbox\Embed\PIC\Projects\ASM\MicroMenu_Lib+HD44780\MicroMenu_Lib+HD44780_9\MicroMenu_Lib.asm
      Out_Action_Complete   0x000366    program     static D:\Docs\Dropbox\Embed\PIC\Projects\ASM\MicroMenu_Lib+HD44780\MicroMenu_Lib+HD44780_9\MicroMenu_Lib.asm
          _MicroMenu_034F   0x000369    program     static D:\Docs\Dropbox\Embed\PIC\Projects\ASM\MicroMenu_Lib+HD44780\MicroMenu_Lib+HD44780_9\MicroMenu_Lib.asm
         Zastavka_routine   0x00036b    program     extern D:\Docs\Dropbox\Embed\PIC\Projects\ASM\MicroMenu_Lib+HD44780\MicroMenu_Lib+HD44780_9\MicroMenu_Lib.asm
             First_String   0x00036f    program     static D:\Docs\Dropbox\Embed\PIC\Projects\ASM\MicroMenu_Lib+HD44780\MicroMenu_Lib+HD44780_9\MicroMenu_Lib.asm
         Out_First_String   0x000376    program     static D:\Docs\Dropbox\Embed\PIC\Projects\ASM\MicroMenu_Lib+HD44780\MicroMenu_Lib+HD44780_9\MicroMenu_Lib.asm
              Next_String   0x000379    program     static D:\Docs\Dropbox\Embed\PIC\Projects\ASM\MicroMenu_Lib+HD44780\MicroMenu_Lib+HD44780_9\MicroMenu_Lib.asm
          Out_Next_String   0x000380    program     static D:\Docs\Dropbox\Embed\PIC\Projects\ASM\MicroMenu_Lib+HD44780\MicroMenu_Lib+HD44780_9\MicroMenu_Lib.asm
           Debounce_Delay   0x000381    program     static D:\Docs\Dropbox\Embed\PIC\Projects\ASM\MicroMenu_Lib+HD44780\MicroMenu_Lib+HD44780_9\MicroMenu_Lib.asm
               Loop_Delay   0x000384    program     static D:\Docs\Dropbox\Embed\PIC\Projects\ASM\MicroMenu_Lib+HD44780\MicroMenu_Lib+HD44780_9\MicroMenu_Lib.asm
          _MicroMenu_0370   0x00038a    program     static D:\Docs\Dropbox\Embed\PIC\Projects\ASM\MicroMenu_Lib+HD44780\MicroMenu_Lib+HD44780_9\MicroMenu_Lib.asm
                    Strob   0x00038e    program     static D:\Docs\Dropbox\Embed\PIC\Projects\ASM\MicroMenu_Lib+HD44780\MicroMenu_Lib+HD44780_9\HD44780_Lib.asm
       _LCD_Lib_code_0006   0x000394    program     static D:\Docs\Dropbox\Embed\PIC\Projects\ASM\MicroMenu_Lib+HD44780\MicroMenu_Lib+HD44780_9\HD44780_Lib.asm
          Send_LCD_Symbol   0x000396    program     extern D:\Docs\Dropbox\Embed\PIC\Projects\ASM\MicroMenu_Lib+HD44780\MicroMenu_Lib+HD44780_9\HD44780_Lib.asm
         Send_LCD_Command   0x00039e    program     extern D:\Docs\Dropbox\Embed\PIC\Projects\ASM\MicroMenu_Lib+HD44780\MicroMenu_Lib+HD44780_9\HD44780_Lib.asm
            LCD_Line_Init   0x0003a8    program     extern D:\Docs\Dropbox\Embed\PIC\Projects\ASM\MicroMenu_Lib+HD44780\MicroMenu_Lib+HD44780_9\HD44780_Lib.asm
                 LCD_Init   0x0003ad    program     extern D:\Docs\Dropbox\Embed\PIC\Projects\ASM\MicroMenu_Lib+HD44780\MicroMenu_Lib+HD44780_9\HD44780_Lib.asm
                Delay_4ms   0x0003cd    program     extern D:\Docs\Dropbox\Embed\PIC\Projects\ASM\MicroMenu_Lib+HD44780\MicroMenu_Lib+HD44780_9\HD44780_Lib.asm
       _LCD_Lib_code_0043   0x0003d1    program     static D:\Docs\Dropbox\Embed\PIC\Projects\ASM\MicroMenu_Lib+HD44780\MicroMenu_Lib+HD44780_9\HD44780_Lib.asm
       _LCD_Lib_code_0045   0x0003d3    program     static D:\Docs\Dropbox\Embed\PIC\Projects\ASM\MicroMenu_Lib+HD44780\MicroMenu_Lib+HD44780_9\HD44780_Lib.asm
               index_menu   0x00000c       data     static D:\Docs\Dropbox\Embed\PIC\Projects\ASM\MicroMenu_Lib+HD44780\MicroMenu_Lib+HD44780_9\MicroMenu_Lib.asm
            index_submenu   0x00000d       data     static D:\Docs\Dropbox\Embed\PIC\Projects\ASM\MicroMenu_Lib+HD44780\MicroMenu_Lib+HD44780_9\MicroMenu_Lib.asm
           symbol_pointer   0x00000e       data     static D:\Docs\Dropbox\Embed\PIC\Projects\ASM\MicroMenu_Lib+HD44780\MicroMenu_Lib+HD44780_9\MicroMenu_Lib.asm
             menu_counter   0x00000f       data     static D:\Docs\Dropbox\Embed\PIC\Projects\ASM\MicroMenu_Lib+HD44780\MicroMenu_Lib+HD44780_9\MicroMenu_Lib.asm
                   temp_1   0x000010       data     static D:\Docs\Dropbox\Embed\PIC\Projects\ASM\MicroMenu_Lib+HD44780\MicroMenu_Lib+HD44780_9\MicroMenu_Lib.asm
                   temp_2   0x000011       data     static D:\Docs\Dropbox\Embed\PIC\Projects\ASM\MicroMenu_Lib+HD44780\MicroMenu_Lib+HD44780_9\MicroMenu_Lib.asm
                   temp_3   0x000012       data     static D:\Docs\Dropbox\Embed\PIC\Projects\ASM\MicroMenu_Lib+HD44780\MicroMenu_Lib+HD44780_9\MicroMenu_Lib.asm
                   w_temp   0x000013       data     static D:\Docs\Dropbox\Embed\PIC\Projects\ASM\MicroMenu_Lib+HD44780\MicroMenu_Lib+HD44780_9\Main.asm
              status_temp   0x000014       data     static D:\Docs\Dropbox\Embed\PIC\Projects\ASM\MicroMenu_Lib+HD44780\MicroMenu_Lib+HD44780_9\Main.asm
                    flags   0x000015       data     extern D:\Docs\Dropbox\Embed\PIC\Projects\ASM\MicroMenu_Lib+HD44780\MicroMenu_Lib+HD44780_9\Main.asm
                   offset   0x000016       data     extern D:\Docs\Dropbox\Embed\PIC\Projects\ASM\MicroMenu_Lib+HD44780\MicroMenu_Lib+HD44780_9\Main.asm
               known_zero   0x000017       data     extern D:\Docs\Dropbox\Embed\PIC\Projects\ASM\MicroMenu_Lib+HD44780\MicroMenu_Lib+HD44780_9\Main.asm
                   temp_1   0x000018       data     static D:\Docs\Dropbox\Embed\PIC\Projects\ASM\MicroMenu_Lib+HD44780\MicroMenu_Lib+HD44780_9\HD44780_Lib.asm
                   temp_2   0x000019       data     static D:\Docs\Dropbox\Embed\PIC\Projects\ASM\MicroMenu_Lib+HD44780\MicroMenu_Lib+HD44780_9\HD44780_Lib.asm
                   symbol   0x00001a       data     static D:\Docs\Dropbox\Embed\PIC\Projects\ASM\MicroMenu_Lib+HD44780\MicroMenu_Lib+HD44780_9\HD44780_Lib.asm


