MPASM  5.51                   HD44780_LIB.ASM   5-31-2017  20:28:28         PAGE  1


LOC  OBJECT CODE     LINE SOURCE TEXT
  VALUE

                      00001         include HD44780_Lib.h                           ; подключаем LCD header 
Warning[205]: Found directive in column 1. (include)
                      00001 include hardware_profile.inc
                      00001         include p16f84.inc
                      00001         LIST
                      00002 
                      00003 ;==========================================================================
                      00004 ;  MPASM PIC16F84 processor include
                      00005 ; 
                      00006 ;  (c) Copyright 1999-2013 Microchip Technology, All rights reserved
                      00007 ;==========================================================================
                      00008 
                      00206         LIST
                      00002         list p=16f84
                      00002 
  00000001            00003 y                               equ             1                               ; YES
  00000000            00004 n                               equ             0                               ; NO
                      00005 
  00000001            00006 Use_4_bit_mode  equ             y                               ; YES/NO
  00000000            00007 Use_High_Nible  equ             n                               ; YES/NO
  00000000            00008 Use_One_Port    equ             n                               ; YES/NO
  00000001            00009 Only_Write              equ             y                               ; YES/NO
                      00010 
  00000006            00011 LCD_DATA                equ             PORTB                   ; Описываем порт линий данных
  00000086            00012 LCD_DATA_TRIS   equ             TRISB
                      00013 
                      00014         if      (Use_4_bit_mode && Use_One_Port); ; Если используем один порт для данных и линий управле
                            ниЯ
                      00015 
                      00016 LCD_CNTL                equ             LCD_DATA                ; то так и опишем
                      00017 LCD_CNTL_TRIS   equ             LCD_DATA_TRIS
                      00018 
                      00019         else
                      00020 
  00000005            00021 LCD_CNTL                equ             PORTA                   ; Иначе зададим любой другой
  00000085            00022 LCD_CNTL_TRIS   equ             TRISA
                      00023         endif
                      00024         
                      00025         if      (Use_4_bit_mode && Use_One_Port && Use_High_Nible && Only_Write)
                      00026 E                               equ             2
                      00027 RS                              equ             3
                      00028 CNTL_TRIS_MASK  equ             b'11110011'             ; Маска настройки линий управлениЯ
                      00029         endif
                      00030 
                      00031         if      (Use_4_bit_mode && Use_One_Port && Use_High_Nible && !Only_Write)
                      00032 E                               equ             1
                      00033 RW                              equ             2
                      00034 RS                              equ             3
                      00035 CNTL_TRIS_MASK  equ             b'11110001'             ; Маска настройки линий управлениЯ
                      00036         endif   
                      00037 
                      00038         if      (Use_4_bit_mode && Use_One_Port && !Use_High_Nible && Only_Write)
                      00039 E                               equ             4
MPASM  5.51                   HD44780_LIB.ASM   5-31-2017  20:28:28         PAGE  2


LOC  OBJECT CODE     LINE SOURCE TEXT
  VALUE

                      00040 RS                              equ             5
                      00041 CNTL_TRIS_MASK  equ             b'11001111'             ; Маска настройки линий управлениЯ
                      00042         endif   
                      00043 
                      00044         if      (Use_4_bit_mode && Use_One_Port && !Use_High_Nible && !Only_Write)
                      00045 E                               equ             4
                      00046 RW                              equ             5
                      00047 RS                              equ             6
                      00048 CNTL_TRIS_MASK  equ             b'10001111'             ; Маска настройки линий управлениЯ
                      00049 
                      00050         else    ; Иначе присваиваем контрольным линиям любой другой порт и вибираем линии их по своему у
                            смотрению
                      00051         
  00000001            00052 E                               equ             1
  00000003            00053 RS                              equ             3
  000000F5            00054 CNTL_TRIS_MASK  equ             b'11110101'             ; Маска настройки линий управления
                      00055         endif
                      00056 
  0000000C            00057 DISP_ON                 EQU             b'00001100'             ; Display on
  0000000E            00058 DISP_ON_C               EQU             b'00001110'             ; Display on, Cursor on
  0000000F            00059 DISP_ON_B               EQU             b'00001111'             ; Display on, Cursor on, Blink cursor
  00000008            00060 DISP_OFF                EQU             b'00001000'             ; Display off
  00000001            00061 CLR_DISP                EQU             b'00000001'             ; Clear the Display
  00000006            00062 ENTRY_INC               EQU             b'00000110'             ; автоинкремент адреса, нет сдвига 
  00000007            00063 ENTRY_INC_S             EQU             b'00000111'             ; автоинкремент адреса, есть сдвиг
  00000004            00064 ENTRY_DEC               EQU             b'00000100'             ; автоинкремент адреса, нет сдвига 
  00000005            00065 ENTRY_DEC_S             EQU             b'00000101'             ;
  00000080            00066 DD_RAM_ADDR             EQU             b'10000000'             ; Least Significant 7-bit are for addres
                            s
  00000080            00067 DD_RAM_UL               EQU             b'10000000'             ; Upper Left coner of the Display
  000000C0            00068 SECOND_LINE             EQU             b'11000000'             ; Move cursor to second line
                      00069                                         
                      00002                                 
                      00003 LCD_Lib_udata   udata_shr
0000                  00004 temp_1  res     1
0001                  00005 temp_2  res     1
0002                  00006 symbol  res     1                                                       ; Holds value to send to LCD mod
                            ule
                      00007 
Warning[205]: Found directive in column 1. (global)
  0000                00008 global  Send_LCD_Symbol,Send_LCD_Command,LCD_Line_Init,LCD_Init,Delay_4ms
                      00009 
                      00010 LCD_Lib_code    code
                      00011 
0000                  00012 Strob                                                                   ; Strob + Delay 100 us
0000   1485           00013         bsf     LCD_CNTL,E
0001   0000           00014         nop
0002   1085           00015         bcf     LCD_CNTL,E
0003   301E           00016         movlw   .30                                                     
0004   00??           00017         movwf   temp_1          
Message[305]: Using default destination of 1 (file).
0005   0B??           00018         decfsz  temp_1
0006   2???           00019         goto    $-1
MPASM  5.51                   HD44780_LIB.ASM   5-31-2017  20:28:28         PAGE  3


LOC  OBJECT CODE     LINE SOURCE TEXT
  VALUE

0007   0008           00020         return
                      00021 
0008                  00022 Send_LCD_Symbol
                      00023         if      (!Use_4_bit_mode)       
                      00024         movwf   LCD_DATA
                      00025         call    Strob
                      00026         endif
                      00027 
                      00028         if      (Use_4_bit_mode && Use_High_Nible)
                      00029         movwf   symbol  
                      00030         movwf   LCD_DATA
                      00031         call    Strob
                      00032         swapf   symbol,w
                      00033         movwf   LCD_DATA
                      00034         call    Strob
                      00035 
                      00036         else
0008   00??           00037         movwf   symbol
0009   0E??           00038         swapf   symbol,w
000A   0086           00039         movwf   LCD_DATA
000B   2???           00040         call    Strob
000C   08??           00041         movfw   symbol
000D   0086           00042         movwf   LCD_DATA
000E   2???           00043         call    Strob
                      00044         endif
                      00045 
000F   0008           00046         return
                      00047 
0010                  00048 Send_LCD_Command
0010   1185           00049         bcf     LCD_CNTL,RS                                     ; Опускаем RS, здесь нельзя через Чтение
                             - Модификацию - Запись !!!
                      00050 
                      00051         if      (!Use_4_bit_mode)       
                      00052         movwf   LCD_DATA
                      00053         call    Strob
                      00054         endif
                      00055 
                      00056         if      (Use_4_bit_mode && Use_High_Nible)
                      00057         movwf   symbol  
                      00058         movwf   LCD_DATA
                      00059         call    Strob
                      00060         swapf   symbol,w
                      00061         movwf   LCD_DATA
                      00062         call    Strob
                      00063 
                      00064         else
0011   00??           00065         movwf   symbol
0012   0E??           00066         swapf   symbol,w
0013   0086           00067         movwf   LCD_DATA
0014   2???           00068         call    Strob
0015   08??           00069         movfw   symbol
0016   0086           00070         movwf   LCD_DATA
0017   2???           00071         call    Strob
MPASM  5.51                   HD44780_LIB.ASM   5-31-2017  20:28:28         PAGE  4


LOC  OBJECT CODE     LINE SOURCE TEXT
  VALUE

                      00072         endif
                      00073 
0018   1585           00074         bsf     LCD_CNTL,RS                                     ; Теперь выводим не команды а символы на
                             дисплей, поэтому поднимаем RS
0019   0008           00075         return
                      00076 
001A                  00077 LCD_Line_Init                                                   ; Инициализация линий управления и шины 
                            данных для работы с дисплеем
                      00078         if      (Use_4_bit_mode && Use_High_Nible)
                      00079         movlw   b'00001111'
                      00080         endif
                      00081 
                      00082         if      (Use_4_bit_mode && !Use_High_Nible)
001A   30F0           00083         movlw   b'11110000'
                      00084 
                      00085         else
                      00086         movlw   b'00000000'
                      00087         endif
                      00088 
Message[305]: Using default destination of 1 (file).
Message[302]: Register in operand not in bank 0.  Ensure that bank bits are correct.
001B   0586           00089         andwf   LCD_DATA_TRIS
001C   30F5           00090         movlw   CNTL_TRIS_MASK                          ; RS and E as outputs, if RW not used - as input
Message[305]: Using default destination of 1 (file).
Message[302]: Register in operand not in bank 0.  Ensure that bank bits are correct.
001D   0585           00091         andwf   LCD_CNTL_TRIS
001E   0008           00092         return                                           
                      00093 
                      00094 ;========== Initilize the LCD Display Module =========================================================
001F                  00095 LCD_Init
001F   0185           00096         clrf    LCD_CNTL
0020   0186           00097         clrf    LCD_DATA
0021   2???           00098         call    Delay_4ms                                       ; Обязательная стартовая задержка !!!
0022   1185           00099         bcf     LCD_CNTL,RS                                     ; Опускаем RS
                      00100 
                      00101         if      (Use_4_bit_mode && !Use_High_Nible)
0023   3003           00102         movlw   b'00000011'                                     ; При инициализации сперва выставим 8-bi
                            t шину, так надо (DL=1)
Message[305]: Using default destination of 1 (file).
0024   0486           00103         iorwf   LCD_DATA
0025   2???           00104         call    Strob
0026   2???           00105         call    Delay_4ms                                       ; Обязательная задержка !!!
0027   3003           00106         movlw   b'00000011'                                     ; Второй раз выставим 8-bit шину, так на
                            до (DL=1)
Message[305]: Using default destination of 1 (file).
0028   0486           00107         iorwf   LCD_DATA
0029   2???           00108         call    Strob
002A   3003           00109         movlw   b'00000011'                                     ; И в третий раз выставим 8-bit шину, та
                            к надо (DL=1)
Message[305]: Using default destination of 1 (file).
002B   0486           00110         iorwf   LCD_DATA
002C   2???           00111         call    Strob   
                      00112 
MPASM  5.51                   HD44780_LIB.ASM   5-31-2017  20:28:28         PAGE  5


LOC  OBJECT CODE     LINE SOURCE TEXT
  VALUE

                      00113         else
                      00114         movlw   b'00110000'                                     ; При инициализации сперва выставим 8-bi
                            t шину, так надо (DL=1)
                      00115         iorwf   LCD_DATA
                      00116         call    Strob
                      00117         call    Delay_4ms                                       ; Обязательная задержка !!!
                      00118         movlw   b'00110000'                                     ; Второй раз выставим 8-bit шину, так на
                            до (DL=1)
                      00119         iorwf   LCD_DATA
                      00120         call    Strob
                      00121         movlw   b'00110000'                                     ; И в третий раз выставим 8-bit шину, та
                            к надо (DL=1)
                      00122         iorwf   LCD_DATA
                      00123         call    Strob
                      00124         endif
                      00125 
                      00126 ; Дальше надо бы читать состояния флага шины (BF), но легче тупить задержками по 100 мкс (в составе проц
                            едуры Strob)
                      00127 
                      00128         if      (Use_4_bit_mode && !Use_High_Nible)
002D   3002           00129         movlw   b'00000010'                                     ; Выставляем 4-bit шину (DL=0), старший 
                            полубайт
002E   0086           00130         movwf   LCD_DATA
002F   2???           00131         call    Strob
0030   3002           00132         movlw   b'00000010'                                     ; Опять старший полубайт, потому что мы 
                            перед этим переключились на 4-х битную шину и его надо переслать опять
0031   0086           00133         movwf   LCD_DATA
0032   2???           00134         call    Strob
0033   3008           00135         movlw   b'00001000'                                     ; Младший полубайт (N = 1 - 2 строки, F 
                            = 0 - символы 5*7)
0034   0086           00136         movwf   LCD_DATA
0035   2???           00137         call    Strob
                      00138         
                      00139         else
                      00140         movlw   b'00100000'                                     ; Выставляем 4-bit шину (DL=0), старший 
                            полубайт
                      00141         movwf   LCD_DATA
                      00142         call    Strob
                      00143         movlw   b'00100000'                                     ; Опять старший полубайт, потому что мы 
                            перед этим переключились на 4-х битную шину и его надо переслать опять
                      00144         movwf   LCD_DATA
                      00145         call    Strob
                      00146         movlw   b'10000000'                                     ; Младший полубайт (N = 1 - 2 строки, F 
                            = 0 - символы 5*7)
                      00147         movwf   LCD_DATA
                      00148         call    Strob
                      00149         endif
                      00150 
                      00151 ; Тепрь шлем все команды 1 байтом, команда Send_LCD_Symbol при необходимости сама разьобет на ниблы и от
                            правит в порт LCD_DATA
                      00152 ; ВНИМАНИЕ !!! Hitachi LM032L (находиться в составе PICDEM 2 PLUS) имеет особенность в порядке следовани
                            я команд при инициализации
                      00153 ; Этот порядок ни в коем случае нельза нарушать !!!
MPASM  5.51                   HD44780_LIB.ASM   5-31-2017  20:28:28         PAGE  6


LOC  OBJECT CODE     LINE SOURCE TEXT
  VALUE

                      00154 
0036   300C           00155         movlw   DISP_ON                                         ; Обязательно сперва включаем дисплей
0037   2???           00156         call    Send_LCD_Symbol
0038   3006           00157         movlw   ENTRY_INC                                       ; Автоинкремент адреса, нет сдвига
0039   2???           00158         call    Send_LCD_Symbol
003A   3001           00159         movlw   CLR_DISP                                        ; В конце очищаем дисплей и устанавливае
                            м курсор на 1 позицию
003B   2???           00160         call    Send_LCD_Symbol
003C   2???           00161         call    Delay_4ms                                       ; Обязательная задержка !!!
003D   1585           00162         bsf     LCD_CNTL,RS                                     ; Теперь выводим не команды а символы на
                             дисплей, поэтому поднимаем RS
003E   0008           00163         return
                      00164 ;========== END Initilize the LCD Display Module =======================================================
                            ==
003F                  00165 Delay_4ms
003F   3005           00166         movlw   .5
0040   00??           00167         movwf   temp_2
0041   01??           00168         clrf    temp_1          
Message[305]: Using default destination of 1 (file).
0042   0B??           00169         decfsz  temp_1
0043   2???           00170         goto    $-1
Message[305]: Using default destination of 1 (file).
0044   0B??           00171         decfsz  temp_2
0045   2???           00172         goto    $-3
0046   0008           00173         return
                      00174 
                      00175         end
MPASM  5.51                   HD44780_LIB.ASM   5-31-2017  20:28:28         PAGE  7


SYMBOL TABLE
  LABEL                             VALUE 

C                                 00000000
CLR_DISP                          00000001
CNTL_TRIS_MASK                    000000F5
DC                                00000001
DD_RAM_ADDR                       00000080
DD_RAM_UL                         00000080
DISP_OFF                          00000008
DISP_ON                           0000000C
DISP_ON_B                         0000000F
DISP_ON_C                         0000000E
Delay_4ms                         0000003F
E                                 00000001
EEADR                             00000009
EECON1                            00000088
EECON2                            00000089
EEDATA                            00000008
EEIE                              00000006
EEIF                              00000004
ENTRY_DEC                         00000004
ENTRY_DEC_S                       00000005
ENTRY_INC                         00000006
ENTRY_INC_S                       00000007
F                                 00000001
FSR                               00000004
GIE                               00000007
INDF                              00000000
INTCON                            0000000B
INTE                              00000004
INTEDG                            00000006
INTF                              00000001
IRP                               00000007
LCD_CNTL                          00000005
LCD_CNTL_TRIS                     00000085
LCD_DATA                          00000006
LCD_DATA_TRIS                     00000086
LCD_Init                          0000001F
LCD_Line_Init                     0000001A
NOT_PD                            00000003
NOT_RBPU                          00000007
NOT_TO                            00000004
OPTION_REG                        00000081
Only_Write                        00000001
PCL                               00000002
PCLATH                            0000000A
PORTA                             00000005
PORTB                             00000006
PS0                               00000000
PS1                               00000001
PS2                               00000002
PSA                               00000003
RA0                               00000000
RA1                               00000001
RA2                               00000002
MPASM  5.51                   HD44780_LIB.ASM   5-31-2017  20:28:28         PAGE  8


SYMBOL TABLE
  LABEL                             VALUE 

RA3                               00000003
RA4                               00000004
RB0                               00000000
RB1                               00000001
RB2                               00000002
RB3                               00000003
RB4                               00000004
RB5                               00000005
RB6                               00000006
RB7                               00000007
RBIE                              00000003
RBIF                              00000000
RD                                00000000
RP0                               00000005
RP1                               00000006
RS                                00000003
SECOND_LINE                       000000C0
STATUS                            00000003
Send_LCD_Command                  00000010
Send_LCD_Symbol                   00000008
Strob                             00000000
T0CS                              00000005
T0IE                              00000005
T0IF                              00000002
T0SE                              00000004
TMR0                              00000001
TMR0IE                            00000005
TMR0IF                            00000002
TRISA                             00000085
TRISA0                            00000000
TRISA1                            00000001
TRISA2                            00000002
TRISA3                            00000003
TRISA4                            00000004
TRISB                             00000086
TRISB0                            00000000
TRISB1                            00000001
TRISB2                            00000002
TRISB3                            00000003
TRISB4                            00000004
TRISB5                            00000005
TRISB6                            00000006
TRISB7                            00000007
Use_4_bit_mode                    00000001
Use_High_Nible                    00000000
Use_One_Port                      00000000
W                                 00000000
WR                                00000001
WREN                              00000002
WRERR                             00000003
Z                                 00000002
_CONFIG                           00002007
_CP_OFF                           00003FFF
MPASM  5.51                   HD44780_LIB.ASM   5-31-2017  20:28:28         PAGE  9


SYMBOL TABLE
  LABEL                             VALUE 

_CP_ON                            0000000F
_FOSC_EXTRC                       00003FFF
_FOSC_HS                          00003FFE
_FOSC_LP                          00003FFC
_FOSC_XT                          00003FFD
_HS_OSC                           00003FFE
_IDLOC0                           00002000
_IDLOC1                           00002001
_IDLOC2                           00002002
_IDLOC3                           00002003
_LCD_Lib_code_0006                00000006
_LCD_Lib_code_0043                00000043
_LCD_Lib_code_0045                00000045
_LP_OSC                           00003FFC
_PWRTE_OFF                        00003FFF
_PWRTE_ON                         00003FF7
_RC_OSC                           00003FFF
_WDTE_OFF                         00003FFB
_WDTE_ON                          00003FFF
_WDT_OFF                          00003FFB
_WDT_ON                           00003FFF
_XT_OSC                           00003FFD
__16F84                           00000001
n                                 00000000
symbol                            00000002
temp_1                            00000000
temp_2                            00000001
y                                 00000001

Errors   :     0
Warnings :     2 reported,     0 suppressed
Messages :    10 reported,     0 suppressed

