MPASM  5.51                          MAIN.ASM   5-24-2017  23:18:32         PAGE  1


LOC  OBJECT CODE     LINE SOURCE TEXT
  VALUE

                      00001         include hardware_profile.inc
                      00001         include p16f84.inc
                      00001         LIST
                      00002 
                      00003 ;==========================================================================
                      00004 ;  MPASM PIC16F84 processor include
                      00005 ; 
                      00006 ;  (c) Copyright 1999-2013 Microchip Technology, All rights reserved
                      00007 ;==========================================================================
                      00008 
                      00206         LIST
                      00002         list p=16f84
2007   3FF1           00002         __config        _CP_OFF & _WDT_OFF & _PWRTE_ON & _XT_OSC
                      00003 
                      00004         include Macro.h
                      00001 #define USE_SHORT_MOD_PCL       1       ; Использовать "укороченную" версию макроса модификации PCL, поз
                            воляет экономить 1 слово памяти на каждом вызове макроса ценой 1 лишней ячейки ОЗУ
                      00002 
                      00003 push    macro
                      00004                 movwf   w_temp
                      00005                 swapf   STATUS,w
                      00006                 movwf   status_temp
                      00007                 endm
                      00008 
                      00009 pop             macro
                      00010                 swapf   status_temp,w
                      00011                 movwf   STATUS
                      00012                 swapf   w_temp,f
                      00013                 swapf   w_temp,w
                      00014                 endm
                      00015 
                      00016 mod_PCL macro   target                  ; Макрос, позволяет размещать таблицы на границах страниц
                      00017                 local   Table
                      00018                 movfw   target
                      00019                 addlw   low Table               ; Добавить 8 младших бит адреса таблицы к смещению
                      00020                 movwf   offset                  ; Сохранить младшие 8 бит требуемого адреса
                      00021         if      USE_SHORT_MOD_PCL
                      00022                 rlf             known_zero,w    ; так сохраняют бит переполнения от сложения 
                      00023                 addlw   high Table              ; Загрузить 5 старших бит адреса
                      00024         else
                      00025                 movlw   high Table              ; Загрузить 5 старших бит адреса
                      00026                 btfsc   STATUS,C                ; Перешли границу страницы памяти программ?
                      00027                 addlw   1                               ; Если да, увеличить на 1 старшие 5 бит
                      00028         endif
                      00029                 movwf   PCLATH                  ; Установить старшую часть адреса
                      00030                 movfw   offset                  ; Загрузить рассчитанное значание младшей части адреса
                      00031                 movwf   PCL                             ; Установить младшую часть адреса
                      00032         Table
                      00033                 endm
                      00034 
                      00035 add_PCL macro   target,address  ; Макрос, позволяет удобно указывать страницу для следующего за ним кода
                      00036                                 movfw   target  
                      00037                                 clrf    PCLATH
MPASM  5.51                          MAIN.ASM   5-24-2017  23:18:32         PAGE  2


LOC  OBJECT CODE     LINE SOURCE TEXT
  VALUE

                      00038                         if      (address==0x100)
                      00039                                 bsf             PCLATH,0
                      00040                         endif
                      00041                         if      (address==0x200)
                      00042                                 bsf             PCLATH,1
                      00043                         endif
                      00044                         if      (address==0x300)
                      00045                                 bsf             PCLATH,0                                
                      00046                                 bsf             PCLATH,1
                      00047                         endif
                      00048                         if      (address==0x400)
                      00049                                 bsf             PCLATH,2                                
                      00050                         endif
                      00051                                 addwf   PCL
                      00052                                 endm
                      00005 
                      00006 Main_udata      udata_shr
0000                  00007 w_temp          res     1
0001                  00008 status_temp     res     1
0002                  00009 flags           res     1
0003                  00010 offset          res     1
                      00011 
                      00012         if      USE_SHORT_MOD_PCL
0004                  00013 known_zero      res     1
Warning[205]: Found directive in column 1. (global)
  0000                00014 global  known_zero
                      00015         endif
                      00016 
  0000                00017         global  flags,offset
                      00018 
  0000                00019         global  End_Interrupt_Heandler,Zastavka,Main
  0000                00020         extern  LCD_Line_Init,LCD_Init
  0000                00021         extern  Menu_heandler,Zastavka_routine
                      00022 ;==============================================================================================
                      00023 RESET_VECTOR    code    0h
0000   2???           00024         goto    Init
                      00025 ;==============================================================================================
                      00026 ISR                             code    4h                              ; Вектор прерывания
0004                  00027 Interrupt_Heandler
                      00028         push                                                            ; Сохраним контекст
0004   00??               M                 movwf   w_temp
0005   0E03               M                 swapf   STATUS,w
0006   00??               M                 movwf   status_temp
                      00029 
0007                  00030 End_Interrupt_Heandler
                      00031         pop                                                                     ; Восстановим контекст  
0007   0E??               M                 swapf   status_temp,w
0008   0083               M                 movwf   STATUS
0009   0E??               M                 swapf   w_temp,f
000A   0E??               M                 swapf   w_temp,w
000B   0009           00032         retfie
                      00033 
                      00034 ;-------------------------------------------------------------------------------------------------------
MPASM  5.51                          MAIN.ASM   5-24-2017  23:18:32         PAGE  3


LOC  OBJECT CODE     LINE SOURCE TEXT
  VALUE

                            ------------
000C                  00035 Init
000C   1683           00036         banksel OPTION_REG
000D   3000           00037         movlw   b'00000000'                                     ; Enable pull-ups resistors on PortB
Message[302]: Register in operand not in bank 0.  Ensure that bank bits are correct.
000E   0081           00038         movwf   OPTION_REG
000F   2???           00039         call    LCD_Line_Init                           ; Инициализация линий управления и шины данных д
                            ля работы с дисплеем
0010   1283           00040         banksel TMR0
0011   2???           00041         call    LCD_Init                                        ; Инициалзация самого дисплея
0012   01??           00042         clrf    flags
0013                  00043 Zastavka                                                                
0013   2???           00044         goto    Zastavka_routine                        ; Выведем на экран заставку
0014                  00045 Main
0014   0806           00046         movfw   PORTB                                           
0015   380F           00047         iorlw   b'00001111'                                     ; Установим незначущие разряды
0016   3E01           00048         addlw   .1
0017   1903           00049         btfsc   STATUS,Z
0018   2???           00050         goto    Main                                            ; Если ни одна кнопка не нажата, просто 
                            зациклимся
0019   2???           00051         goto    Menu_heandler                           ; Иначе входим в обработчик меню
                      00052 
3FF1                  00053         end
MPASM  5.51                          MAIN.ASM   5-24-2017  23:18:32         PAGE  4


SYMBOL TABLE
  LABEL                             VALUE 

C                                 00000000
DC                                00000001
EEADR                             00000009
EECON1                            00000088
EECON2                            00000089
EEDATA                            00000008
EEIE                              00000006
EEIF                              00000004
End_Interrupt_Heandler            00000007
F                                 00000001
FSR                               00000004
GIE                               00000007
INDF                              00000000
INTCON                            0000000B
INTE                              00000004
INTEDG                            00000006
INTF                              00000001
IRP                               00000007
Init                              0000000C
Interrupt_Heandler                00000004
LCD_Init                          00000000
LCD_Line_Init                     00000000
Main                              00000014
Menu_heandler                     00000000
NOT_PD                            00000003
NOT_RBPU                          00000007
NOT_TO                            00000004
OPTION_REG                        00000081
PCL                               00000002
PCLATH                            0000000A
PORTA                             00000005
PORTB                             00000006
PS0                               00000000
PS1                               00000001
PS2                               00000002
PSA                               00000003
RA0                               00000000
RA1                               00000001
RA2                               00000002
RA3                               00000003
RA4                               00000004
RB0                               00000000
RB1                               00000001
RB2                               00000002
RB3                               00000003
RB4                               00000004
RB5                               00000005
RB6                               00000006
RB7                               00000007
RBIE                              00000003
RBIF                              00000000
RD                                00000000
RP0                               00000005
MPASM  5.51                          MAIN.ASM   5-24-2017  23:18:32         PAGE  5


SYMBOL TABLE
  LABEL                             VALUE 

RP1                               00000006
STATUS                            00000003
T0CS                              00000005
T0IE                              00000005
T0IF                              00000002
T0SE                              00000004
TMR0                              00000001
TMR0IE                            00000005
TMR0IF                            00000002
TRISA                             00000085
TRISA0                            00000000
TRISA1                            00000001
TRISA2                            00000002
TRISA3                            00000003
TRISA4                            00000004
TRISB                             00000086
TRISB0                            00000000
TRISB1                            00000001
TRISB2                            00000002
TRISB3                            00000003
TRISB4                            00000004
TRISB5                            00000005
TRISB6                            00000006
TRISB7                            00000007
USE_SHORT_MOD_PCL                 1
W                                 00000000
WR                                00000001
WREN                              00000002
WRERR                             00000003
Z                                 00000002
Zastavka                          00000013
Zastavka_routine                  00000000
_CONFIG                           00002007
_CP_OFF                           00003FFF
_CP_ON                            0000000F
_FOSC_EXTRC                       00003FFF
_FOSC_HS                          00003FFE
_FOSC_LP                          00003FFC
_FOSC_XT                          00003FFD
_HS_OSC                           00003FFE
_IDLOC0                           00002000
_IDLOC1                           00002001
_IDLOC2                           00002002
_IDLOC3                           00002003
_LP_OSC                           00003FFC
_PWRTE_OFF                        00003FFF
_PWRTE_ON                         00003FF7
_RC_OSC                           00003FFF
_WDTE_OFF                         00003FFB
_WDTE_ON                          00003FFF
_WDT_OFF                          00003FFB
_WDT_ON                           00003FFF
_XT_OSC                           00003FFD
MPASM  5.51                          MAIN.ASM   5-24-2017  23:18:32         PAGE  6


SYMBOL TABLE
  LABEL                             VALUE 

__16F84                           00000001
add_PCL                           
flags                             00000002
known_zero                        00000004
mod_PCL                           
offset                            00000003
pop                               
push                              
status_temp                       00000001
w_temp                            00000000

Errors   :     0
Warnings :     1 reported,     0 suppressed
Messages :     1 reported,     0 suppressed

