MPLINK 4.49, Linker
Linker Map File - Created Sat May 27 21:06:53 2017

                                 Section Info
                  Section       Type    Address   Location Size(Bytes)
                ---------  ---------  ---------  ---------  ---------
             RESET_VECTOR       code   0x000000    program   0x000002
                   .cinit    romdata   0x000001    program   0x000004
                      ISR       code   0x000004    program   0x000050
                MicroMenu       code   0x00002c    program   0x0006f6
             LCD_Lib_code       code   0x0003a7    program   0x00008e
      .config_2007_MAIN.O       code   0x002007    program   0x000002
      MicroMenu_Lib_udata      udata   0x00000c       data   0x000007
               Main_udata      udata   0x000013       data   0x000005
            LCD_Lib_udata      udata   0x000018       data   0x000003



                              Program Memory Usage 
                               Start         End      
                           ---------   ---------      
                            0x000000    0x000002      
                            0x000004    0x0003ed      
                            0x002007    0x002007      
            1006 out of 1093 program addresses used, program memory utilization is 92%



                              Symbols - Sorted by Name
                     Name    Address   Location    Storage File                     
                ---------  ---------  ---------  --------- ---------                
           CLR_DISP_delay   0x000291    program     static D:\Docs\GitHub\PIC12-16_asm_projects\MicroMenu_Lib+HD44780\MicroMenu_Lib.asm
                  Check_1   0x0002b0    program     static D:\Docs\GitHub\PIC12-16_asm_projects\MicroMenu_Lib+HD44780\MicroMenu_Lib.asm
                  Check_2   0x000315    program     static D:\Docs\GitHub\PIC12-16_asm_projects\MicroMenu_Lib+HD44780\MicroMenu_Lib.asm
       Correct_index_menu   0x0002c7    program     static D:\Docs\GitHub\PIC12-16_asm_projects\MicroMenu_Lib+HD44780\MicroMenu_Lib.asm
     Correct_index_menu_2   0x0002d4    program     static D:\Docs\GitHub\PIC12-16_asm_projects\MicroMenu_Lib+HD44780\MicroMenu_Lib.asm
    Correct_index_submenu   0x00032f    program     static D:\Docs\GitHub\PIC12-16_asm_projects\MicroMenu_Lib+HD44780\MicroMenu_Lib.asm
  Correct_index_submenu_2   0x00033d    program     static D:\Docs\GitHub\PIC12-16_asm_projects\MicroMenu_Lib+HD44780\MicroMenu_Lib.asm
              Cursor_DOWN   0x0002ff    program     static D:\Docs\GitHub\PIC12-16_asm_projects\MicroMenu_Lib+HD44780\MicroMenu_Lib.asm
      Cursor_DOWN_submenu   0x00036a    program     static D:\Docs\GitHub\PIC12-16_asm_projects\MicroMenu_Lib+HD44780\MicroMenu_Lib.asm
                Cursor_UP   0x0002f6    program     static D:\Docs\GitHub\PIC12-16_asm_projects\MicroMenu_Lib+HD44780\MicroMenu_Lib.asm
        Cursor_UP_submenu   0x000360    program     static D:\Docs\GitHub\PIC12-16_asm_projects\MicroMenu_Lib+HD44780\MicroMenu_Lib.asm
           Debounce_Delay   0x00039a    program     static D:\Docs\GitHub\PIC12-16_asm_projects\MicroMenu_Lib+HD44780\MicroMenu_Lib.asm
                Delay_4ms   0x0003e6    program     extern D:\Docs\GitHub\PIC12-16_asm_projects\MicroMenu_Lib+HD44780\HD44780_Lib.asm
               ENTER_Menu   0x00030d    program     static D:\Docs\GitHub\PIC12-16_asm_projects\MicroMenu_Lib+HD44780\MicroMenu_Lib.asm
            ENTER_submenu   0x000375    program     static D:\Docs\GitHub\PIC12-16_asm_projects\MicroMenu_Lib+HD44780\MicroMenu_Lib.asm
                EXIT_Menu   0x000308    program     static D:\Docs\GitHub\PIC12-16_asm_projects\MicroMenu_Lib+HD44780\MicroMenu_Lib.asm
             EXIT_submenu   0x000373    program     static D:\Docs\GitHub\PIC12-16_asm_projects\MicroMenu_Lib+HD44780\MicroMenu_Lib.asm
               End_Action   0x000377    program     static D:\Docs\GitHub\PIC12-16_asm_projects\MicroMenu_Lib+HD44780\MicroMenu_Lib.asm
   End_Interrupt_Heandler   0x000016    program     extern D:\Docs\GitHub\PIC12-16_asm_projects\MicroMenu_Lib+HD44780\Main.asm
             First_String   0x000388    program     static D:\Docs\GitHub\PIC12-16_asm_projects\MicroMenu_Lib+HD44780\MicroMenu_Lib.asm
                     Init   0x00001b    program     static D:\Docs\GitHub\PIC12-16_asm_projects\MicroMenu_Lib+HD44780\Main.asm
       Interrupt_Heandler   0x000004    program     static D:\Docs\GitHub\PIC12-16_asm_projects\MicroMenu_Lib+HD44780\Main.asm
                 LCD_Init   0x0003c6    program     extern D:\Docs\GitHub\PIC12-16_asm_projects\MicroMenu_Lib+HD44780\HD44780_Lib.asm
            LCD_Line_Init   0x0003c1    program     extern D:\Docs\GitHub\PIC12-16_asm_projects\MicroMenu_Lib+HD44780\HD44780_Lib.asm
               Loop_Delay   0x00039d    program     static D:\Docs\GitHub\PIC12-16_asm_projects\MicroMenu_Lib+HD44780\MicroMenu_Lib.asm
                Loop_Menu   0x0002e7    program     static D:\Docs\GitHub\PIC12-16_asm_projects\MicroMenu_Lib+HD44780\MicroMenu_Lib.asm
             Loop_Submenu   0x000351    program     static D:\Docs\GitHub\PIC12-16_asm_projects\MicroMenu_Lib+HD44780\MicroMenu_Lib.asm
                     Main   0x000025    program     extern D:\Docs\GitHub\PIC12-16_asm_projects\MicroMenu_Lib+HD44780\Main.asm
                   Menu_1   0x0000c1    program     static D:\Docs\GitHub\PIC12-16_asm_projects\MicroMenu_Lib+HD44780\MicroMenu_Lib.asm
         Menu_1_Submenu_1   0x00016a    program     static D:\Docs\GitHub\PIC12-16_asm_projects\MicroMenu_Lib+HD44780\MicroMenu_Lib.asm
  Menu_1_Submenu_1_action   0x000282    program     static D:\Docs\GitHub\PIC12-16_asm_projects\MicroMenu_Lib+HD44780\MicroMenu_Lib.asm
         Menu_1_Submenu_2   0x00017d    program     static D:\Docs\GitHub\PIC12-16_asm_projects\MicroMenu_Lib+HD44780\MicroMenu_Lib.asm
  Menu_1_Submenu_2_action   0x000283    program     static D:\Docs\GitHub\PIC12-16_asm_projects\MicroMenu_Lib+HD44780\MicroMenu_Lib.asm
         Menu_1_Submenu_3   0x00018f    program     static D:\Docs\GitHub\PIC12-16_asm_projects\MicroMenu_Lib+HD44780\MicroMenu_Lib.asm
  Menu_1_Submenu_3_action   0x000284    program     static D:\Docs\GitHub\PIC12-16_asm_projects\MicroMenu_Lib+HD44780\MicroMenu_Lib.asm
             Menu_1_Table   0x000046    program     static D:\Docs\GitHub\PIC12-16_asm_projects\MicroMenu_Lib+HD44780\MicroMenu_Lib.asm
      Menu_1_Table_action   0x00008a    program     static D:\Docs\GitHub\PIC12-16_asm_projects\MicroMenu_Lib+HD44780\MicroMenu_Lib.asm
                   Menu_2   0x0000d2    program     static D:\Docs\GitHub\PIC12-16_asm_projects\MicroMenu_Lib+HD44780\MicroMenu_Lib.asm
         Menu_2_Submenu_1   0x0001a1    program     static D:\Docs\GitHub\PIC12-16_asm_projects\MicroMenu_Lib+HD44780\MicroMenu_Lib.asm
  Menu_2_Submenu_1_action   0x000285    program     static D:\Docs\GitHub\PIC12-16_asm_projects\MicroMenu_Lib+HD44780\MicroMenu_Lib.asm
         Menu_2_Submenu_2   0x0001b4    program     static D:\Docs\GitHub\PIC12-16_asm_projects\MicroMenu_Lib+HD44780\MicroMenu_Lib.asm
  Menu_2_Submenu_2_action   0x000286    program     static D:\Docs\GitHub\PIC12-16_asm_projects\MicroMenu_Lib+HD44780\MicroMenu_Lib.asm
         Menu_2_Submenu_3   0x0001c6    program     static D:\Docs\GitHub\PIC12-16_asm_projects\MicroMenu_Lib+HD44780\MicroMenu_Lib.asm
  Menu_2_Submenu_3_action   0x000287    program     static D:\Docs\GitHub\PIC12-16_asm_projects\MicroMenu_Lib+HD44780\MicroMenu_Lib.asm
             Menu_2_Table   0x000051    program     static D:\Docs\GitHub\PIC12-16_asm_projects\MicroMenu_Lib+HD44780\MicroMenu_Lib.asm
      Menu_2_Table_action   0x000095    program     static D:\Docs\GitHub\PIC12-16_asm_projects\MicroMenu_Lib+HD44780\MicroMenu_Lib.asm
                   Menu_3   0x0000e3    program     static D:\Docs\GitHub\PIC12-16_asm_projects\MicroMenu_Lib+HD44780\MicroMenu_Lib.asm
         Menu_3_Submenu_1   0x0001d8    program     static D:\Docs\GitHub\PIC12-16_asm_projects\MicroMenu_Lib+HD44780\MicroMenu_Lib.asm
  Menu_3_Submenu_1_action   0x000288    program     static D:\Docs\GitHub\PIC12-16_asm_projects\MicroMenu_Lib+HD44780\MicroMenu_Lib.asm
         Menu_3_Submenu_2   0x0001eb    program     static D:\Docs\GitHub\PIC12-16_asm_projects\MicroMenu_Lib+HD44780\MicroMenu_Lib.asm
  Menu_3_Submenu_2_action   0x000289    program     static D:\Docs\GitHub\PIC12-16_asm_projects\MicroMenu_Lib+HD44780\MicroMenu_Lib.asm
         Menu_3_Submenu_3   0x000200    program     static D:\Docs\GitHub\PIC12-16_asm_projects\MicroMenu_Lib+HD44780\MicroMenu_Lib.asm
  Menu_3_Submenu_3_action   0x00028a    program     static D:\Docs\GitHub\PIC12-16_asm_projects\MicroMenu_Lib+HD44780\MicroMenu_Lib.asm
             Menu_3_Table   0x00005c    program     static D:\Docs\GitHub\PIC12-16_asm_projects\MicroMenu_Lib+HD44780\MicroMenu_Lib.asm
      Menu_3_Table_action   0x0000a0    program     static D:\Docs\GitHub\PIC12-16_asm_projects\MicroMenu_Lib+HD44780\MicroMenu_Lib.asm
                   Menu_4   0x0000f4    program     static D:\Docs\GitHub\PIC12-16_asm_projects\MicroMenu_Lib+HD44780\MicroMenu_Lib.asm
         Menu_4_Submenu_1   0x000210    program     static D:\Docs\GitHub\PIC12-16_asm_projects\MicroMenu_Lib+HD44780\MicroMenu_Lib.asm
  Menu_4_Submenu_1_action   0x00028b    program     static D:\Docs\GitHub\PIC12-16_asm_projects\MicroMenu_Lib+HD44780\MicroMenu_Lib.asm
         Menu_4_Submenu_2   0x000223    program     static D:\Docs\GitHub\PIC12-16_asm_projects\MicroMenu_Lib+HD44780\MicroMenu_Lib.asm
  Menu_4_Submenu_2_action   0x00028c    program     static D:\Docs\GitHub\PIC12-16_asm_projects\MicroMenu_Lib+HD44780\MicroMenu_Lib.asm
         Menu_4_Submenu_3   0x000238    program     static D:\Docs\GitHub\PIC12-16_asm_projects\MicroMenu_Lib+HD44780\MicroMenu_Lib.asm
  Menu_4_Submenu_3_action   0x00028d    program     static D:\Docs\GitHub\PIC12-16_asm_projects\MicroMenu_Lib+HD44780\MicroMenu_Lib.asm
             Menu_4_Table   0x000067    program     static D:\Docs\GitHub\PIC12-16_asm_projects\MicroMenu_Lib+HD44780\MicroMenu_Lib.asm
      Menu_4_Table_action   0x0000ab    program     static D:\Docs\GitHub\PIC12-16_asm_projects\MicroMenu_Lib+HD44780\MicroMenu_Lib.asm
                   Menu_5   0x000105    program     static D:\Docs\GitHub\PIC12-16_asm_projects\MicroMenu_Lib+HD44780\MicroMenu_Lib.asm
         Menu_5_Submenu_1   0x000248    program     static D:\Docs\GitHub\PIC12-16_asm_projects\MicroMenu_Lib+HD44780\MicroMenu_Lib.asm
  Menu_5_Submenu_1_action   0x00028e    program     static D:\Docs\GitHub\PIC12-16_asm_projects\MicroMenu_Lib+HD44780\MicroMenu_Lib.asm
         Menu_5_Submenu_2   0x00025b    program     static D:\Docs\GitHub\PIC12-16_asm_projects\MicroMenu_Lib+HD44780\MicroMenu_Lib.asm
  Menu_5_Submenu_2_action   0x00028f    program     static D:\Docs\GitHub\PIC12-16_asm_projects\MicroMenu_Lib+HD44780\MicroMenu_Lib.asm
         Menu_5_Submenu_3   0x000270    program     static D:\Docs\GitHub\PIC12-16_asm_projects\MicroMenu_Lib+HD44780\MicroMenu_Lib.asm
  Menu_5_Submenu_3_action   0x000290    program     static D:\Docs\GitHub\PIC12-16_asm_projects\MicroMenu_Lib+HD44780\MicroMenu_Lib.asm
             Menu_5_Table   0x000072    program     static D:\Docs\GitHub\PIC12-16_asm_projects\MicroMenu_Lib+HD44780\MicroMenu_Lib.asm
      Menu_5_Table_action   0x0000b6    program     static D:\Docs\GitHub\PIC12-16_asm_projects\MicroMenu_Lib+HD44780\MicroMenu_Lib.asm
            Menu_heandler   0x0002a8    program     extern D:\Docs\GitHub\PIC12-16_asm_projects\MicroMenu_Lib+HD44780\MicroMenu_Lib.asm
              Next_String   0x000392    program     static D:\Docs\GitHub\PIC12-16_asm_projects\MicroMenu_Lib+HD44780\MicroMenu_Lib.asm
     Num_of_Submenu_Table   0x000116    program     static D:\Docs\GitHub\PIC12-16_asm_projects\MicroMenu_Lib+HD44780\MicroMenu_Lib.asm
      Out_Action_Complete   0x00037f    program     static D:\Docs\GitHub\PIC12-16_asm_projects\MicroMenu_Lib+HD44780\MicroMenu_Lib.asm
         Out_First_String   0x00038f    program     static D:\Docs\GitHub\PIC12-16_asm_projects\MicroMenu_Lib+HD44780\MicroMenu_Lib.asm
          Out_Next_String   0x000399    program     static D:\Docs\GitHub\PIC12-16_asm_projects\MicroMenu_Lib+HD44780\MicroMenu_Lib.asm
            Pressing_DOWN   0x0002cc    program     static D:\Docs\GitHub\PIC12-16_asm_projects\MicroMenu_Lib+HD44780\MicroMenu_Lib.asm
          Pressing_DOWN_2   0x000335    program     static D:\Docs\GitHub\PIC12-16_asm_projects\MicroMenu_Lib+HD44780\MicroMenu_Lib.asm
    Second_String_routine   0x000295    program     static D:\Docs\GitHub\PIC12-16_asm_projects\MicroMenu_Lib+HD44780\MicroMenu_Lib.asm
         Send_LCD_Command   0x0003b7    program     extern D:\Docs\GitHub\PIC12-16_asm_projects\MicroMenu_Lib+HD44780\HD44780_Lib.asm
          Send_LCD_Symbol   0x0003af    program     extern D:\Docs\GitHub\PIC12-16_asm_projects\MicroMenu_Lib+HD44780\HD44780_Lib.asm
             Skip_Check_1   0x0002b6    program     static D:\Docs\GitHub\PIC12-16_asm_projects\MicroMenu_Lib+HD44780\MicroMenu_Lib.asm
             Skip_Check_2   0x00031e    program     static D:\Docs\GitHub\PIC12-16_asm_projects\MicroMenu_Lib+HD44780\MicroMenu_Lib.asm
Skip_Correct_index_menu_2   0x0002d9    program     static D:\Docs\GitHub\PIC12-16_asm_projects\MicroMenu_Lib+HD44780\MicroMenu_Lib.asm
Skip_Correct_index_menu_3   0x0002de    program     static D:\Docs\GitHub\PIC12-16_asm_projects\MicroMenu_Lib+HD44780\MicroMenu_Lib.asm
Skip_Correct_index_submenu_2   0x000343    program     static D:\Docs\GitHub\PIC12-16_asm_projects\MicroMenu_Lib+HD44780\MicroMenu_Lib.asm
Skip_Correct_index_submenu_3   0x000348    program     static D:\Docs\GitHub\PIC12-16_asm_projects\MicroMenu_Lib+HD44780\MicroMenu_Lib.asm
   String_Action_Complete   0x000378    program     static D:\Docs\GitHub\PIC12-16_asm_projects\MicroMenu_Lib+HD44780\MicroMenu_Lib.asm
              String_Menu   0x000299    program     static D:\Docs\GitHub\PIC12-16_asm_projects\MicroMenu_Lib+HD44780\MicroMenu_Lib.asm
           String_Submenu   0x0002a1    program     static D:\Docs\GitHub\PIC12-16_asm_projects\MicroMenu_Lib+HD44780\MicroMenu_Lib.asm
                    Strob   0x0003a7    program     static D:\Docs\GitHub\PIC12-16_asm_projects\MicroMenu_Lib+HD44780\HD44780_Lib.asm
            Switch_Action   0x00007d    program     static D:\Docs\GitHub\PIC12-16_asm_projects\MicroMenu_Lib+HD44780\MicroMenu_Lib.asm
              Switch_Menu   0x0002a9    program     static D:\Docs\GitHub\PIC12-16_asm_projects\MicroMenu_Lib+HD44780\MicroMenu_Lib.asm
        Switch_Menu_Table   0x00002c    program     static D:\Docs\GitHub\PIC12-16_asm_projects\MicroMenu_Lib+HD44780\MicroMenu_Lib.asm
      Switch_Menu_routine   0x000298    program     static D:\Docs\GitHub\PIC12-16_asm_projects\MicroMenu_Lib+HD44780\MicroMenu_Lib.asm
           Switch_Submenu   0x00030e    program     static D:\Docs\GitHub\PIC12-16_asm_projects\MicroMenu_Lib+HD44780\MicroMenu_Lib.asm
     Switch_Submenu_Table   0x000039    program     static D:\Docs\GitHub\PIC12-16_asm_projects\MicroMenu_Lib+HD44780\MicroMenu_Lib.asm
   Switch_Submenu_routine   0x0002a0    program     static D:\Docs\GitHub\PIC12-16_asm_projects\MicroMenu_Lib+HD44780\MicroMenu_Lib.asm
    Table_Action_Complete   0x000151    program     static D:\Docs\GitHub\PIC12-16_asm_projects\MicroMenu_Lib+HD44780\MicroMenu_Lib.asm
Table_Zastavka_First_String   0x000123    program     static D:\Docs\GitHub\PIC12-16_asm_projects\MicroMenu_Lib+HD44780\MicroMenu_Lib.asm
Table_Zastavka_Second_String   0x00013a    program     static D:\Docs\GitHub\PIC12-16_asm_projects\MicroMenu_Lib+HD44780\MicroMenu_Lib.asm
                 Zastavka   0x000024    program     extern D:\Docs\GitHub\PIC12-16_asm_projects\MicroMenu_Lib+HD44780\Main.asm
         Zastavka_routine   0x000384    program     extern D:\Docs\GitHub\PIC12-16_asm_projects\MicroMenu_Lib+HD44780\MicroMenu_Lib.asm
                 _11Table   0x000085    program     static D:\Docs\GitHub\PIC12-16_asm_projects\MicroMenu_Lib+HD44780\MicroMenu_Lib.asm
                 _12Table   0x000092    program     static D:\Docs\GitHub\PIC12-16_asm_projects\MicroMenu_Lib+HD44780\MicroMenu_Lib.asm
                 _13Table   0x00009d    program     static D:\Docs\GitHub\PIC12-16_asm_projects\MicroMenu_Lib+HD44780\MicroMenu_Lib.asm
                 _14Table   0x0000a8    program     static D:\Docs\GitHub\PIC12-16_asm_projects\MicroMenu_Lib+HD44780\MicroMenu_Lib.asm
                 _15Table   0x0000b3    program     static D:\Docs\GitHub\PIC12-16_asm_projects\MicroMenu_Lib+HD44780\MicroMenu_Lib.asm
                 _16Table   0x0000be    program     static D:\Docs\GitHub\PIC12-16_asm_projects\MicroMenu_Lib+HD44780\MicroMenu_Lib.asm
                 _18Table   0x0000c9    program     static D:\Docs\GitHub\PIC12-16_asm_projects\MicroMenu_Lib+HD44780\MicroMenu_Lib.asm
                 _19Table   0x0000da    program     static D:\Docs\GitHub\PIC12-16_asm_projects\MicroMenu_Lib+HD44780\MicroMenu_Lib.asm
                 _20Table   0x0000eb    program     static D:\Docs\GitHub\PIC12-16_asm_projects\MicroMenu_Lib+HD44780\MicroMenu_Lib.asm
                 _21Table   0x0000fc    program     static D:\Docs\GitHub\PIC12-16_asm_projects\MicroMenu_Lib+HD44780\MicroMenu_Lib.asm
                 _22Table   0x00010d    program     static D:\Docs\GitHub\PIC12-16_asm_projects\MicroMenu_Lib+HD44780\MicroMenu_Lib.asm
                 _24Table   0x00011e    program     static D:\Docs\GitHub\PIC12-16_asm_projects\MicroMenu_Lib+HD44780\MicroMenu_Lib.asm
                 _25Table   0x00012b    program     static D:\Docs\GitHub\PIC12-16_asm_projects\MicroMenu_Lib+HD44780\MicroMenu_Lib.asm
                 _26Table   0x000142    program     static D:\Docs\GitHub\PIC12-16_asm_projects\MicroMenu_Lib+HD44780\MicroMenu_Lib.asm
                 _27Table   0x000159    program     static D:\Docs\GitHub\PIC12-16_asm_projects\MicroMenu_Lib+HD44780\MicroMenu_Lib.asm
                 _29Table   0x000172    program     static D:\Docs\GitHub\PIC12-16_asm_projects\MicroMenu_Lib+HD44780\MicroMenu_Lib.asm
                  _2Table   0x000034    program     static D:\Docs\GitHub\PIC12-16_asm_projects\MicroMenu_Lib+HD44780\MicroMenu_Lib.asm
                 _30Table   0x000185    program     static D:\Docs\GitHub\PIC12-16_asm_projects\MicroMenu_Lib+HD44780\MicroMenu_Lib.asm
                 _31Table   0x000197    program     static D:\Docs\GitHub\PIC12-16_asm_projects\MicroMenu_Lib+HD44780\MicroMenu_Lib.asm
                 _32Table   0x0001a9    program     static D:\Docs\GitHub\PIC12-16_asm_projects\MicroMenu_Lib+HD44780\MicroMenu_Lib.asm
                 _33Table   0x0001bc    program     static D:\Docs\GitHub\PIC12-16_asm_projects\MicroMenu_Lib+HD44780\MicroMenu_Lib.asm
                 _34Table   0x0001ce    program     static D:\Docs\GitHub\PIC12-16_asm_projects\MicroMenu_Lib+HD44780\MicroMenu_Lib.asm
                 _35Table   0x0001e0    program     static D:\Docs\GitHub\PIC12-16_asm_projects\MicroMenu_Lib+HD44780\MicroMenu_Lib.asm
                 _36Table   0x0001f3    program     static D:\Docs\GitHub\PIC12-16_asm_projects\MicroMenu_Lib+HD44780\MicroMenu_Lib.asm
                 _37Table   0x000208    program     static D:\Docs\GitHub\PIC12-16_asm_projects\MicroMenu_Lib+HD44780\MicroMenu_Lib.asm
                 _38Table   0x000218    program     static D:\Docs\GitHub\PIC12-16_asm_projects\MicroMenu_Lib+HD44780\MicroMenu_Lib.asm
                 _39Table   0x00022b    program     static D:\Docs\GitHub\PIC12-16_asm_projects\MicroMenu_Lib+HD44780\MicroMenu_Lib.asm
                 _40Table   0x000240    program     static D:\Docs\GitHub\PIC12-16_asm_projects\MicroMenu_Lib+HD44780\MicroMenu_Lib.asm
                 _41Table   0x000250    program     static D:\Docs\GitHub\PIC12-16_asm_projects\MicroMenu_Lib+HD44780\MicroMenu_Lib.asm
                 _42Table   0x000263    program     static D:\Docs\GitHub\PIC12-16_asm_projects\MicroMenu_Lib+HD44780\MicroMenu_Lib.asm
                 _43Table   0x000278    program     static D:\Docs\GitHub\PIC12-16_asm_projects\MicroMenu_Lib+HD44780\MicroMenu_Lib.asm
                  _4Table   0x000041    program     static D:\Docs\GitHub\PIC12-16_asm_projects\MicroMenu_Lib+HD44780\MicroMenu_Lib.asm
                  _5Table   0x00004e    program     static D:\Docs\GitHub\PIC12-16_asm_projects\MicroMenu_Lib+HD44780\MicroMenu_Lib.asm
                  _6Table   0x000059    program     static D:\Docs\GitHub\PIC12-16_asm_projects\MicroMenu_Lib+HD44780\MicroMenu_Lib.asm
                  _7Table   0x000064    program     static D:\Docs\GitHub\PIC12-16_asm_projects\MicroMenu_Lib+HD44780\MicroMenu_Lib.asm
                  _8Table   0x00006f    program     static D:\Docs\GitHub\PIC12-16_asm_projects\MicroMenu_Lib+HD44780\MicroMenu_Lib.asm
                  _9Table   0x00007a    program     static D:\Docs\GitHub\PIC12-16_asm_projects\MicroMenu_Lib+HD44780\MicroMenu_Lib.asm
       _LCD_Lib_code_0006   0x0003ad    program     static D:\Docs\GitHub\PIC12-16_asm_projects\MicroMenu_Lib+HD44780\HD44780_Lib.asm
       _LCD_Lib_code_0043   0x0003ea    program     static D:\Docs\GitHub\PIC12-16_asm_projects\MicroMenu_Lib+HD44780\HD44780_Lib.asm
       _LCD_Lib_code_0045   0x0003ec    program     static D:\Docs\GitHub\PIC12-16_asm_projects\MicroMenu_Lib+HD44780\HD44780_Lib.asm
          _MicroMenu_0356   0x000382    program     static D:\Docs\GitHub\PIC12-16_asm_projects\MicroMenu_Lib+HD44780\MicroMenu_Lib.asm
          _MicroMenu_0377   0x0003a3    program     static D:\Docs\GitHub\PIC12-16_asm_projects\MicroMenu_Lib+HD44780\MicroMenu_Lib.asm
                    flags   0x000015       data     extern D:\Docs\GitHub\PIC12-16_asm_projects\MicroMenu_Lib+HD44780\Main.asm
               index_menu   0x00000c       data     static D:\Docs\GitHub\PIC12-16_asm_projects\MicroMenu_Lib+HD44780\MicroMenu_Lib.asm
            index_submenu   0x00000d       data     static D:\Docs\GitHub\PIC12-16_asm_projects\MicroMenu_Lib+HD44780\MicroMenu_Lib.asm
               known_zero   0x000017       data     extern D:\Docs\GitHub\PIC12-16_asm_projects\MicroMenu_Lib+HD44780\Main.asm
             menu_counter   0x00000f       data     static D:\Docs\GitHub\PIC12-16_asm_projects\MicroMenu_Lib+HD44780\MicroMenu_Lib.asm
                   offset   0x000016       data     extern D:\Docs\GitHub\PIC12-16_asm_projects\MicroMenu_Lib+HD44780\Main.asm
              status_temp   0x000014       data     static D:\Docs\GitHub\PIC12-16_asm_projects\MicroMenu_Lib+HD44780\Main.asm
                   symbol   0x00001a       data     static D:\Docs\GitHub\PIC12-16_asm_projects\MicroMenu_Lib+HD44780\HD44780_Lib.asm
           symbol_pointer   0x00000e       data     static D:\Docs\GitHub\PIC12-16_asm_projects\MicroMenu_Lib+HD44780\MicroMenu_Lib.asm
                   temp_1   0x000018       data     static D:\Docs\GitHub\PIC12-16_asm_projects\MicroMenu_Lib+HD44780\HD44780_Lib.asm
                   temp_1   0x000010       data     static D:\Docs\GitHub\PIC12-16_asm_projects\MicroMenu_Lib+HD44780\MicroMenu_Lib.asm
                   temp_2   0x000019       data     static D:\Docs\GitHub\PIC12-16_asm_projects\MicroMenu_Lib+HD44780\HD44780_Lib.asm
                   temp_2   0x000011       data     static D:\Docs\GitHub\PIC12-16_asm_projects\MicroMenu_Lib+HD44780\MicroMenu_Lib.asm
                   temp_3   0x000012       data     static D:\Docs\GitHub\PIC12-16_asm_projects\MicroMenu_Lib+HD44780\MicroMenu_Lib.asm
                   w_temp   0x000013       data     static D:\Docs\GitHub\PIC12-16_asm_projects\MicroMenu_Lib+HD44780\Main.asm



                              Symbols - Sorted by Address
                     Name    Address   Location    Storage File                     
                ---------  ---------  ---------  --------- ---------                
       Interrupt_Heandler   0x000004    program     static D:\Docs\GitHub\PIC12-16_asm_projects\MicroMenu_Lib+HD44780\Main.asm
   End_Interrupt_Heandler   0x000016    program     extern D:\Docs\GitHub\PIC12-16_asm_projects\MicroMenu_Lib+HD44780\Main.asm
                     Init   0x00001b    program     static D:\Docs\GitHub\PIC12-16_asm_projects\MicroMenu_Lib+HD44780\Main.asm
                 Zastavka   0x000024    program     extern D:\Docs\GitHub\PIC12-16_asm_projects\MicroMenu_Lib+HD44780\Main.asm
                     Main   0x000025    program     extern D:\Docs\GitHub\PIC12-16_asm_projects\MicroMenu_Lib+HD44780\Main.asm
        Switch_Menu_Table   0x00002c    program     static D:\Docs\GitHub\PIC12-16_asm_projects\MicroMenu_Lib+HD44780\MicroMenu_Lib.asm
                  _2Table   0x000034    program     static D:\Docs\GitHub\PIC12-16_asm_projects\MicroMenu_Lib+HD44780\MicroMenu_Lib.asm
     Switch_Submenu_Table   0x000039    program     static D:\Docs\GitHub\PIC12-16_asm_projects\MicroMenu_Lib+HD44780\MicroMenu_Lib.asm
                  _4Table   0x000041    program     static D:\Docs\GitHub\PIC12-16_asm_projects\MicroMenu_Lib+HD44780\MicroMenu_Lib.asm
             Menu_1_Table   0x000046    program     static D:\Docs\GitHub\PIC12-16_asm_projects\MicroMenu_Lib+HD44780\MicroMenu_Lib.asm
                  _5Table   0x00004e    program     static D:\Docs\GitHub\PIC12-16_asm_projects\MicroMenu_Lib+HD44780\MicroMenu_Lib.asm
             Menu_2_Table   0x000051    program     static D:\Docs\GitHub\PIC12-16_asm_projects\MicroMenu_Lib+HD44780\MicroMenu_Lib.asm
                  _6Table   0x000059    program     static D:\Docs\GitHub\PIC12-16_asm_projects\MicroMenu_Lib+HD44780\MicroMenu_Lib.asm
             Menu_3_Table   0x00005c    program     static D:\Docs\GitHub\PIC12-16_asm_projects\MicroMenu_Lib+HD44780\MicroMenu_Lib.asm
                  _7Table   0x000064    program     static D:\Docs\GitHub\PIC12-16_asm_projects\MicroMenu_Lib+HD44780\MicroMenu_Lib.asm
             Menu_4_Table   0x000067    program     static D:\Docs\GitHub\PIC12-16_asm_projects\MicroMenu_Lib+HD44780\MicroMenu_Lib.asm
                  _8Table   0x00006f    program     static D:\Docs\GitHub\PIC12-16_asm_projects\MicroMenu_Lib+HD44780\MicroMenu_Lib.asm
             Menu_5_Table   0x000072    program     static D:\Docs\GitHub\PIC12-16_asm_projects\MicroMenu_Lib+HD44780\MicroMenu_Lib.asm
                  _9Table   0x00007a    program     static D:\Docs\GitHub\PIC12-16_asm_projects\MicroMenu_Lib+HD44780\MicroMenu_Lib.asm
            Switch_Action   0x00007d    program     static D:\Docs\GitHub\PIC12-16_asm_projects\MicroMenu_Lib+HD44780\MicroMenu_Lib.asm
                 _11Table   0x000085    program     static D:\Docs\GitHub\PIC12-16_asm_projects\MicroMenu_Lib+HD44780\MicroMenu_Lib.asm
      Menu_1_Table_action   0x00008a    program     static D:\Docs\GitHub\PIC12-16_asm_projects\MicroMenu_Lib+HD44780\MicroMenu_Lib.asm
                 _12Table   0x000092    program     static D:\Docs\GitHub\PIC12-16_asm_projects\MicroMenu_Lib+HD44780\MicroMenu_Lib.asm
      Menu_2_Table_action   0x000095    program     static D:\Docs\GitHub\PIC12-16_asm_projects\MicroMenu_Lib+HD44780\MicroMenu_Lib.asm
                 _13Table   0x00009d    program     static D:\Docs\GitHub\PIC12-16_asm_projects\MicroMenu_Lib+HD44780\MicroMenu_Lib.asm
      Menu_3_Table_action   0x0000a0    program     static D:\Docs\GitHub\PIC12-16_asm_projects\MicroMenu_Lib+HD44780\MicroMenu_Lib.asm
                 _14Table   0x0000a8    program     static D:\Docs\GitHub\PIC12-16_asm_projects\MicroMenu_Lib+HD44780\MicroMenu_Lib.asm
      Menu_4_Table_action   0x0000ab    program     static D:\Docs\GitHub\PIC12-16_asm_projects\MicroMenu_Lib+HD44780\MicroMenu_Lib.asm
                 _15Table   0x0000b3    program     static D:\Docs\GitHub\PIC12-16_asm_projects\MicroMenu_Lib+HD44780\MicroMenu_Lib.asm
      Menu_5_Table_action   0x0000b6    program     static D:\Docs\GitHub\PIC12-16_asm_projects\MicroMenu_Lib+HD44780\MicroMenu_Lib.asm
                 _16Table   0x0000be    program     static D:\Docs\GitHub\PIC12-16_asm_projects\MicroMenu_Lib+HD44780\MicroMenu_Lib.asm
                   Menu_1   0x0000c1    program     static D:\Docs\GitHub\PIC12-16_asm_projects\MicroMenu_Lib+HD44780\MicroMenu_Lib.asm
                 _18Table   0x0000c9    program     static D:\Docs\GitHub\PIC12-16_asm_projects\MicroMenu_Lib+HD44780\MicroMenu_Lib.asm
                   Menu_2   0x0000d2    program     static D:\Docs\GitHub\PIC12-16_asm_projects\MicroMenu_Lib+HD44780\MicroMenu_Lib.asm
                 _19Table   0x0000da    program     static D:\Docs\GitHub\PIC12-16_asm_projects\MicroMenu_Lib+HD44780\MicroMenu_Lib.asm
                   Menu_3   0x0000e3    program     static D:\Docs\GitHub\PIC12-16_asm_projects\MicroMenu_Lib+HD44780\MicroMenu_Lib.asm
                 _20Table   0x0000eb    program     static D:\Docs\GitHub\PIC12-16_asm_projects\MicroMenu_Lib+HD44780\MicroMenu_Lib.asm
                   Menu_4   0x0000f4    program     static D:\Docs\GitHub\PIC12-16_asm_projects\MicroMenu_Lib+HD44780\MicroMenu_Lib.asm
                 _21Table   0x0000fc    program     static D:\Docs\GitHub\PIC12-16_asm_projects\MicroMenu_Lib+HD44780\MicroMenu_Lib.asm
                   Menu_5   0x000105    program     static D:\Docs\GitHub\PIC12-16_asm_projects\MicroMenu_Lib+HD44780\MicroMenu_Lib.asm
                 _22Table   0x00010d    program     static D:\Docs\GitHub\PIC12-16_asm_projects\MicroMenu_Lib+HD44780\MicroMenu_Lib.asm
     Num_of_Submenu_Table   0x000116    program     static D:\Docs\GitHub\PIC12-16_asm_projects\MicroMenu_Lib+HD44780\MicroMenu_Lib.asm
                 _24Table   0x00011e    program     static D:\Docs\GitHub\PIC12-16_asm_projects\MicroMenu_Lib+HD44780\MicroMenu_Lib.asm
Table_Zastavka_First_String   0x000123    program     static D:\Docs\GitHub\PIC12-16_asm_projects\MicroMenu_Lib+HD44780\MicroMenu_Lib.asm
                 _25Table   0x00012b    program     static D:\Docs\GitHub\PIC12-16_asm_projects\MicroMenu_Lib+HD44780\MicroMenu_Lib.asm
Table_Zastavka_Second_String   0x00013a    program     static D:\Docs\GitHub\PIC12-16_asm_projects\MicroMenu_Lib+HD44780\MicroMenu_Lib.asm
                 _26Table   0x000142    program     static D:\Docs\GitHub\PIC12-16_asm_projects\MicroMenu_Lib+HD44780\MicroMenu_Lib.asm
    Table_Action_Complete   0x000151    program     static D:\Docs\GitHub\PIC12-16_asm_projects\MicroMenu_Lib+HD44780\MicroMenu_Lib.asm
                 _27Table   0x000159    program     static D:\Docs\GitHub\PIC12-16_asm_projects\MicroMenu_Lib+HD44780\MicroMenu_Lib.asm
         Menu_1_Submenu_1   0x00016a    program     static D:\Docs\GitHub\PIC12-16_asm_projects\MicroMenu_Lib+HD44780\MicroMenu_Lib.asm
                 _29Table   0x000172    program     static D:\Docs\GitHub\PIC12-16_asm_projects\MicroMenu_Lib+HD44780\MicroMenu_Lib.asm
         Menu_1_Submenu_2   0x00017d    program     static D:\Docs\GitHub\PIC12-16_asm_projects\MicroMenu_Lib+HD44780\MicroMenu_Lib.asm
                 _30Table   0x000185    program     static D:\Docs\GitHub\PIC12-16_asm_projects\MicroMenu_Lib+HD44780\MicroMenu_Lib.asm
         Menu_1_Submenu_3   0x00018f    program     static D:\Docs\GitHub\PIC12-16_asm_projects\MicroMenu_Lib+HD44780\MicroMenu_Lib.asm
                 _31Table   0x000197    program     static D:\Docs\GitHub\PIC12-16_asm_projects\MicroMenu_Lib+HD44780\MicroMenu_Lib.asm
         Menu_2_Submenu_1   0x0001a1    program     static D:\Docs\GitHub\PIC12-16_asm_projects\MicroMenu_Lib+HD44780\MicroMenu_Lib.asm
                 _32Table   0x0001a9    program     static D:\Docs\GitHub\PIC12-16_asm_projects\MicroMenu_Lib+HD44780\MicroMenu_Lib.asm
         Menu_2_Submenu_2   0x0001b4    program     static D:\Docs\GitHub\PIC12-16_asm_projects\MicroMenu_Lib+HD44780\MicroMenu_Lib.asm
                 _33Table   0x0001bc    program     static D:\Docs\GitHub\PIC12-16_asm_projects\MicroMenu_Lib+HD44780\MicroMenu_Lib.asm
         Menu_2_Submenu_3   0x0001c6    program     static D:\Docs\GitHub\PIC12-16_asm_projects\MicroMenu_Lib+HD44780\MicroMenu_Lib.asm
                 _34Table   0x0001ce    program     static D:\Docs\GitHub\PIC12-16_asm_projects\MicroMenu_Lib+HD44780\MicroMenu_Lib.asm
         Menu_3_Submenu_1   0x0001d8    program     static D:\Docs\GitHub\PIC12-16_asm_projects\MicroMenu_Lib+HD44780\MicroMenu_Lib.asm
                 _35Table   0x0001e0    program     static D:\Docs\GitHub\PIC12-16_asm_projects\MicroMenu_Lib+HD44780\MicroMenu_Lib.asm
         Menu_3_Submenu_2   0x0001eb    program     static D:\Docs\GitHub\PIC12-16_asm_projects\MicroMenu_Lib+HD44780\MicroMenu_Lib.asm
                 _36Table   0x0001f3    program     static D:\Docs\GitHub\PIC12-16_asm_projects\MicroMenu_Lib+HD44780\MicroMenu_Lib.asm
         Menu_3_Submenu_3   0x000200    program     static D:\Docs\GitHub\PIC12-16_asm_projects\MicroMenu_Lib+HD44780\MicroMenu_Lib.asm
                 _37Table   0x000208    program     static D:\Docs\GitHub\PIC12-16_asm_projects\MicroMenu_Lib+HD44780\MicroMenu_Lib.asm
         Menu_4_Submenu_1   0x000210    program     static D:\Docs\GitHub\PIC12-16_asm_projects\MicroMenu_Lib+HD44780\MicroMenu_Lib.asm
                 _38Table   0x000218    program     static D:\Docs\GitHub\PIC12-16_asm_projects\MicroMenu_Lib+HD44780\MicroMenu_Lib.asm
         Menu_4_Submenu_2   0x000223    program     static D:\Docs\GitHub\PIC12-16_asm_projects\MicroMenu_Lib+HD44780\MicroMenu_Lib.asm
                 _39Table   0x00022b    program     static D:\Docs\GitHub\PIC12-16_asm_projects\MicroMenu_Lib+HD44780\MicroMenu_Lib.asm
         Menu_4_Submenu_3   0x000238    program     static D:\Docs\GitHub\PIC12-16_asm_projects\MicroMenu_Lib+HD44780\MicroMenu_Lib.asm
                 _40Table   0x000240    program     static D:\Docs\GitHub\PIC12-16_asm_projects\MicroMenu_Lib+HD44780\MicroMenu_Lib.asm
         Menu_5_Submenu_1   0x000248    program     static D:\Docs\GitHub\PIC12-16_asm_projects\MicroMenu_Lib+HD44780\MicroMenu_Lib.asm
                 _41Table   0x000250    program     static D:\Docs\GitHub\PIC12-16_asm_projects\MicroMenu_Lib+HD44780\MicroMenu_Lib.asm
         Menu_5_Submenu_2   0x00025b    program     static D:\Docs\GitHub\PIC12-16_asm_projects\MicroMenu_Lib+HD44780\MicroMenu_Lib.asm
                 _42Table   0x000263    program     static D:\Docs\GitHub\PIC12-16_asm_projects\MicroMenu_Lib+HD44780\MicroMenu_Lib.asm
         Menu_5_Submenu_3   0x000270    program     static D:\Docs\GitHub\PIC12-16_asm_projects\MicroMenu_Lib+HD44780\MicroMenu_Lib.asm
                 _43Table   0x000278    program     static D:\Docs\GitHub\PIC12-16_asm_projects\MicroMenu_Lib+HD44780\MicroMenu_Lib.asm
  Menu_1_Submenu_1_action   0x000282    program     static D:\Docs\GitHub\PIC12-16_asm_projects\MicroMenu_Lib+HD44780\MicroMenu_Lib.asm
  Menu_1_Submenu_2_action   0x000283    program     static D:\Docs\GitHub\PIC12-16_asm_projects\MicroMenu_Lib+HD44780\MicroMenu_Lib.asm
  Menu_1_Submenu_3_action   0x000284    program     static D:\Docs\GitHub\PIC12-16_asm_projects\MicroMenu_Lib+HD44780\MicroMenu_Lib.asm
  Menu_2_Submenu_1_action   0x000285    program     static D:\Docs\GitHub\PIC12-16_asm_projects\MicroMenu_Lib+HD44780\MicroMenu_Lib.asm
  Menu_2_Submenu_2_action   0x000286    program     static D:\Docs\GitHub\PIC12-16_asm_projects\MicroMenu_Lib+HD44780\MicroMenu_Lib.asm
  Menu_2_Submenu_3_action   0x000287    program     static D:\Docs\GitHub\PIC12-16_asm_projects\MicroMenu_Lib+HD44780\MicroMenu_Lib.asm
  Menu_3_Submenu_1_action   0x000288    program     static D:\Docs\GitHub\PIC12-16_asm_projects\MicroMenu_Lib+HD44780\MicroMenu_Lib.asm
  Menu_3_Submenu_2_action   0x000289    program     static D:\Docs\GitHub\PIC12-16_asm_projects\MicroMenu_Lib+HD44780\MicroMenu_Lib.asm
  Menu_3_Submenu_3_action   0x00028a    program     static D:\Docs\GitHub\PIC12-16_asm_projects\MicroMenu_Lib+HD44780\MicroMenu_Lib.asm
  Menu_4_Submenu_1_action   0x00028b    program     static D:\Docs\GitHub\PIC12-16_asm_projects\MicroMenu_Lib+HD44780\MicroMenu_Lib.asm
  Menu_4_Submenu_2_action   0x00028c    program     static D:\Docs\GitHub\PIC12-16_asm_projects\MicroMenu_Lib+HD44780\MicroMenu_Lib.asm
  Menu_4_Submenu_3_action   0x00028d    program     static D:\Docs\GitHub\PIC12-16_asm_projects\MicroMenu_Lib+HD44780\MicroMenu_Lib.asm
  Menu_5_Submenu_1_action   0x00028e    program     static D:\Docs\GitHub\PIC12-16_asm_projects\MicroMenu_Lib+HD44780\MicroMenu_Lib.asm
  Menu_5_Submenu_2_action   0x00028f    program     static D:\Docs\GitHub\PIC12-16_asm_projects\MicroMenu_Lib+HD44780\MicroMenu_Lib.asm
  Menu_5_Submenu_3_action   0x000290    program     static D:\Docs\GitHub\PIC12-16_asm_projects\MicroMenu_Lib+HD44780\MicroMenu_Lib.asm
           CLR_DISP_delay   0x000291    program     static D:\Docs\GitHub\PIC12-16_asm_projects\MicroMenu_Lib+HD44780\MicroMenu_Lib.asm
    Second_String_routine   0x000295    program     static D:\Docs\GitHub\PIC12-16_asm_projects\MicroMenu_Lib+HD44780\MicroMenu_Lib.asm
      Switch_Menu_routine   0x000298    program     static D:\Docs\GitHub\PIC12-16_asm_projects\MicroMenu_Lib+HD44780\MicroMenu_Lib.asm
              String_Menu   0x000299    program     static D:\Docs\GitHub\PIC12-16_asm_projects\MicroMenu_Lib+HD44780\MicroMenu_Lib.asm
   Switch_Submenu_routine   0x0002a0    program     static D:\Docs\GitHub\PIC12-16_asm_projects\MicroMenu_Lib+HD44780\MicroMenu_Lib.asm
           String_Submenu   0x0002a1    program     static D:\Docs\GitHub\PIC12-16_asm_projects\MicroMenu_Lib+HD44780\MicroMenu_Lib.asm
            Menu_heandler   0x0002a8    program     extern D:\Docs\GitHub\PIC12-16_asm_projects\MicroMenu_Lib+HD44780\MicroMenu_Lib.asm
              Switch_Menu   0x0002a9    program     static D:\Docs\GitHub\PIC12-16_asm_projects\MicroMenu_Lib+HD44780\MicroMenu_Lib.asm
                  Check_1   0x0002b0    program     static D:\Docs\GitHub\PIC12-16_asm_projects\MicroMenu_Lib+HD44780\MicroMenu_Lib.asm
             Skip_Check_1   0x0002b6    program     static D:\Docs\GitHub\PIC12-16_asm_projects\MicroMenu_Lib+HD44780\MicroMenu_Lib.asm
       Correct_index_menu   0x0002c7    program     static D:\Docs\GitHub\PIC12-16_asm_projects\MicroMenu_Lib+HD44780\MicroMenu_Lib.asm
            Pressing_DOWN   0x0002cc    program     static D:\Docs\GitHub\PIC12-16_asm_projects\MicroMenu_Lib+HD44780\MicroMenu_Lib.asm
     Correct_index_menu_2   0x0002d4    program     static D:\Docs\GitHub\PIC12-16_asm_projects\MicroMenu_Lib+HD44780\MicroMenu_Lib.asm
Skip_Correct_index_menu_2   0x0002d9    program     static D:\Docs\GitHub\PIC12-16_asm_projects\MicroMenu_Lib+HD44780\MicroMenu_Lib.asm
Skip_Correct_index_menu_3   0x0002de    program     static D:\Docs\GitHub\PIC12-16_asm_projects\MicroMenu_Lib+HD44780\MicroMenu_Lib.asm
                Loop_Menu   0x0002e7    program     static D:\Docs\GitHub\PIC12-16_asm_projects\MicroMenu_Lib+HD44780\MicroMenu_Lib.asm
                Cursor_UP   0x0002f6    program     static D:\Docs\GitHub\PIC12-16_asm_projects\MicroMenu_Lib+HD44780\MicroMenu_Lib.asm
              Cursor_DOWN   0x0002ff    program     static D:\Docs\GitHub\PIC12-16_asm_projects\MicroMenu_Lib+HD44780\MicroMenu_Lib.asm
                EXIT_Menu   0x000308    program     static D:\Docs\GitHub\PIC12-16_asm_projects\MicroMenu_Lib+HD44780\MicroMenu_Lib.asm
               ENTER_Menu   0x00030d    program     static D:\Docs\GitHub\PIC12-16_asm_projects\MicroMenu_Lib+HD44780\MicroMenu_Lib.asm
           Switch_Submenu   0x00030e    program     static D:\Docs\GitHub\PIC12-16_asm_projects\MicroMenu_Lib+HD44780\MicroMenu_Lib.asm
                  Check_2   0x000315    program     static D:\Docs\GitHub\PIC12-16_asm_projects\MicroMenu_Lib+HD44780\MicroMenu_Lib.asm
             Skip_Check_2   0x00031e    program     static D:\Docs\GitHub\PIC12-16_asm_projects\MicroMenu_Lib+HD44780\MicroMenu_Lib.asm
    Correct_index_submenu   0x00032f    program     static D:\Docs\GitHub\PIC12-16_asm_projects\MicroMenu_Lib+HD44780\MicroMenu_Lib.asm
          Pressing_DOWN_2   0x000335    program     static D:\Docs\GitHub\PIC12-16_asm_projects\MicroMenu_Lib+HD44780\MicroMenu_Lib.asm
  Correct_index_submenu_2   0x00033d    program     static D:\Docs\GitHub\PIC12-16_asm_projects\MicroMenu_Lib+HD44780\MicroMenu_Lib.asm
Skip_Correct_index_submenu_2   0x000343    program     static D:\Docs\GitHub\PIC12-16_asm_projects\MicroMenu_Lib+HD44780\MicroMenu_Lib.asm
Skip_Correct_index_submenu_3   0x000348    program     static D:\Docs\GitHub\PIC12-16_asm_projects\MicroMenu_Lib+HD44780\MicroMenu_Lib.asm
             Loop_Submenu   0x000351    program     static D:\Docs\GitHub\PIC12-16_asm_projects\MicroMenu_Lib+HD44780\MicroMenu_Lib.asm
        Cursor_UP_submenu   0x000360    program     static D:\Docs\GitHub\PIC12-16_asm_projects\MicroMenu_Lib+HD44780\MicroMenu_Lib.asm
      Cursor_DOWN_submenu   0x00036a    program     static D:\Docs\GitHub\PIC12-16_asm_projects\MicroMenu_Lib+HD44780\MicroMenu_Lib.asm
             EXIT_submenu   0x000373    program     static D:\Docs\GitHub\PIC12-16_asm_projects\MicroMenu_Lib+HD44780\MicroMenu_Lib.asm
            ENTER_submenu   0x000375    program     static D:\Docs\GitHub\PIC12-16_asm_projects\MicroMenu_Lib+HD44780\MicroMenu_Lib.asm
               End_Action   0x000377    program     static D:\Docs\GitHub\PIC12-16_asm_projects\MicroMenu_Lib+HD44780\MicroMenu_Lib.asm
   String_Action_Complete   0x000378    program     static D:\Docs\GitHub\PIC12-16_asm_projects\MicroMenu_Lib+HD44780\MicroMenu_Lib.asm
      Out_Action_Complete   0x00037f    program     static D:\Docs\GitHub\PIC12-16_asm_projects\MicroMenu_Lib+HD44780\MicroMenu_Lib.asm
          _MicroMenu_0356   0x000382    program     static D:\Docs\GitHub\PIC12-16_asm_projects\MicroMenu_Lib+HD44780\MicroMenu_Lib.asm
         Zastavka_routine   0x000384    program     extern D:\Docs\GitHub\PIC12-16_asm_projects\MicroMenu_Lib+HD44780\MicroMenu_Lib.asm
             First_String   0x000388    program     static D:\Docs\GitHub\PIC12-16_asm_projects\MicroMenu_Lib+HD44780\MicroMenu_Lib.asm
         Out_First_String   0x00038f    program     static D:\Docs\GitHub\PIC12-16_asm_projects\MicroMenu_Lib+HD44780\MicroMenu_Lib.asm
              Next_String   0x000392    program     static D:\Docs\GitHub\PIC12-16_asm_projects\MicroMenu_Lib+HD44780\MicroMenu_Lib.asm
          Out_Next_String   0x000399    program     static D:\Docs\GitHub\PIC12-16_asm_projects\MicroMenu_Lib+HD44780\MicroMenu_Lib.asm
           Debounce_Delay   0x00039a    program     static D:\Docs\GitHub\PIC12-16_asm_projects\MicroMenu_Lib+HD44780\MicroMenu_Lib.asm
               Loop_Delay   0x00039d    program     static D:\Docs\GitHub\PIC12-16_asm_projects\MicroMenu_Lib+HD44780\MicroMenu_Lib.asm
          _MicroMenu_0377   0x0003a3    program     static D:\Docs\GitHub\PIC12-16_asm_projects\MicroMenu_Lib+HD44780\MicroMenu_Lib.asm
                    Strob   0x0003a7    program     static D:\Docs\GitHub\PIC12-16_asm_projects\MicroMenu_Lib+HD44780\HD44780_Lib.asm
       _LCD_Lib_code_0006   0x0003ad    program     static D:\Docs\GitHub\PIC12-16_asm_projects\MicroMenu_Lib+HD44780\HD44780_Lib.asm
          Send_LCD_Symbol   0x0003af    program     extern D:\Docs\GitHub\PIC12-16_asm_projects\MicroMenu_Lib+HD44780\HD44780_Lib.asm
         Send_LCD_Command   0x0003b7    program     extern D:\Docs\GitHub\PIC12-16_asm_projects\MicroMenu_Lib+HD44780\HD44780_Lib.asm
            LCD_Line_Init   0x0003c1    program     extern D:\Docs\GitHub\PIC12-16_asm_projects\MicroMenu_Lib+HD44780\HD44780_Lib.asm
                 LCD_Init   0x0003c6    program     extern D:\Docs\GitHub\PIC12-16_asm_projects\MicroMenu_Lib+HD44780\HD44780_Lib.asm
                Delay_4ms   0x0003e6    program     extern D:\Docs\GitHub\PIC12-16_asm_projects\MicroMenu_Lib+HD44780\HD44780_Lib.asm
       _LCD_Lib_code_0043   0x0003ea    program     static D:\Docs\GitHub\PIC12-16_asm_projects\MicroMenu_Lib+HD44780\HD44780_Lib.asm
       _LCD_Lib_code_0045   0x0003ec    program     static D:\Docs\GitHub\PIC12-16_asm_projects\MicroMenu_Lib+HD44780\HD44780_Lib.asm
               index_menu   0x00000c       data     static D:\Docs\GitHub\PIC12-16_asm_projects\MicroMenu_Lib+HD44780\MicroMenu_Lib.asm
            index_submenu   0x00000d       data     static D:\Docs\GitHub\PIC12-16_asm_projects\MicroMenu_Lib+HD44780\MicroMenu_Lib.asm
           symbol_pointer   0x00000e       data     static D:\Docs\GitHub\PIC12-16_asm_projects\MicroMenu_Lib+HD44780\MicroMenu_Lib.asm
             menu_counter   0x00000f       data     static D:\Docs\GitHub\PIC12-16_asm_projects\MicroMenu_Lib+HD44780\MicroMenu_Lib.asm
                   temp_1   0x000010       data     static D:\Docs\GitHub\PIC12-16_asm_projects\MicroMenu_Lib+HD44780\MicroMenu_Lib.asm
                   temp_2   0x000011       data     static D:\Docs\GitHub\PIC12-16_asm_projects\MicroMenu_Lib+HD44780\MicroMenu_Lib.asm
                   temp_3   0x000012       data     static D:\Docs\GitHub\PIC12-16_asm_projects\MicroMenu_Lib+HD44780\MicroMenu_Lib.asm
                   w_temp   0x000013       data     static D:\Docs\GitHub\PIC12-16_asm_projects\MicroMenu_Lib+HD44780\Main.asm
              status_temp   0x000014       data     static D:\Docs\GitHub\PIC12-16_asm_projects\MicroMenu_Lib+HD44780\Main.asm
                    flags   0x000015       data     extern D:\Docs\GitHub\PIC12-16_asm_projects\MicroMenu_Lib+HD44780\Main.asm
                   offset   0x000016       data     extern D:\Docs\GitHub\PIC12-16_asm_projects\MicroMenu_Lib+HD44780\Main.asm
               known_zero   0x000017       data     extern D:\Docs\GitHub\PIC12-16_asm_projects\MicroMenu_Lib+HD44780\Main.asm
                   temp_1   0x000018       data     static D:\Docs\GitHub\PIC12-16_asm_projects\MicroMenu_Lib+HD44780\HD44780_Lib.asm
                   temp_2   0x000019       data     static D:\Docs\GitHub\PIC12-16_asm_projects\MicroMenu_Lib+HD44780\HD44780_Lib.asm
                   symbol   0x00001a       data     static D:\Docs\GitHub\PIC12-16_asm_projects\MicroMenu_Lib+HD44780\HD44780_Lib.asm


