MPLINK 4.49, Linker
Linker Map File - Created Wed May 31 20:28:32 2017

                                 Section Info
                  Section       Type    Address   Location Size(Bytes)
                ---------  ---------  ---------  ---------  ---------
             RESET_VECTOR       code   0x000000    program   0x000002
                   .cinit    romdata   0x000001    program   0x000004
                      ISR       code   0x000004    program   0x000050
                MicroMenu       code   0x00002c    program   0x000716
             LCD_Lib_code       code   0x0003b7    program   0x00008e
      .config_2007_MAIN.O       code   0x002007    program   0x000002
      MicroMenu_Lib_udata      udata   0x00000c       data   0x000007
               Main_udata      udata   0x000013       data   0x000005
            LCD_Lib_udata      udata   0x000018       data   0x000003



                              Program Memory Usage 
                               Start         End      
                           ---------   ---------      
                            0x000000    0x000002      
                            0x000004    0x0003fd      
                            0x002007    0x002007      
            1022 out of 1093 program addresses used, program memory utilization is 93%



                              Symbols - Sorted by Name
                     Name    Address   Location    Storage File                     
                ---------  ---------  ---------  --------- ---------                
      CLR_Display_routine   0x0002a3    program     static D:\Docs\Dropbox\Embed\PIC\Projects\ASM\MicroMenu_Lib+HD44780\MicroMenu_Lib+HD44780_10\MicroMenu_Lib.asm
                  Check_1   0x0002c2    program     static D:\Docs\Dropbox\Embed\PIC\Projects\ASM\MicroMenu_Lib+HD44780\MicroMenu_Lib+HD44780_10\MicroMenu_Lib.asm
                  Check_2   0x00032d    program     static D:\Docs\Dropbox\Embed\PIC\Projects\ASM\MicroMenu_Lib+HD44780\MicroMenu_Lib+HD44780_10\MicroMenu_Lib.asm
       Correct_index_menu   0x0002d9    program     static D:\Docs\Dropbox\Embed\PIC\Projects\ASM\MicroMenu_Lib+HD44780\MicroMenu_Lib+HD44780_10\MicroMenu_Lib.asm
     Correct_index_menu_2   0x0002e6    program     static D:\Docs\Dropbox\Embed\PIC\Projects\ASM\MicroMenu_Lib+HD44780\MicroMenu_Lib+HD44780_10\MicroMenu_Lib.asm
    Correct_index_submenu   0x000347    program     static D:\Docs\Dropbox\Embed\PIC\Projects\ASM\MicroMenu_Lib+HD44780\MicroMenu_Lib+HD44780_10\MicroMenu_Lib.asm
  Correct_index_submenu_2   0x000355    program     static D:\Docs\Dropbox\Embed\PIC\Projects\ASM\MicroMenu_Lib+HD44780\MicroMenu_Lib+HD44780_10\MicroMenu_Lib.asm
         Cursor_DOWN_menu   0x00030e    program     static D:\Docs\Dropbox\Embed\PIC\Projects\ASM\MicroMenu_Lib+HD44780\MicroMenu_Lib+HD44780_10\MicroMenu_Lib.asm
      Cursor_DOWN_submenu   0x00037f    program     static D:\Docs\Dropbox\Embed\PIC\Projects\ASM\MicroMenu_Lib+HD44780\MicroMenu_Lib+HD44780_10\MicroMenu_Lib.asm
           Cursor_UP_menu   0x000308    program     static D:\Docs\Dropbox\Embed\PIC\Projects\ASM\MicroMenu_Lib+HD44780\MicroMenu_Lib+HD44780_10\MicroMenu_Lib.asm
        Cursor_UP_submenu   0x000378    program     static D:\Docs\Dropbox\Embed\PIC\Projects\ASM\MicroMenu_Lib+HD44780\MicroMenu_Lib+HD44780_10\MicroMenu_Lib.asm
           Debounce_Delay   0x0003aa    program     static D:\Docs\Dropbox\Embed\PIC\Projects\ASM\MicroMenu_Lib+HD44780\MicroMenu_Lib+HD44780_10\MicroMenu_Lib.asm
                Delay_4ms   0x0003f6    program     extern D:\Docs\Dropbox\Embed\PIC\Projects\ASM\MicroMenu_Lib+HD44780\MicroMenu_Lib+HD44780_10\HD44780_Lib.asm
               ENTER_menu   0x000319    program     static D:\Docs\Dropbox\Embed\PIC\Projects\ASM\MicroMenu_Lib+HD44780\MicroMenu_Lib+HD44780_10\MicroMenu_Lib.asm
            ENTER_submenu   0x000387    program     static D:\Docs\Dropbox\Embed\PIC\Projects\ASM\MicroMenu_Lib+HD44780\MicroMenu_Lib+HD44780_10\MicroMenu_Lib.asm
                EXIT_menu   0x000314    program     static D:\Docs\Dropbox\Embed\PIC\Projects\ASM\MicroMenu_Lib+HD44780\MicroMenu_Lib+HD44780_10\MicroMenu_Lib.asm
             EXIT_submenu   0x000385    program     static D:\Docs\Dropbox\Embed\PIC\Projects\ASM\MicroMenu_Lib+HD44780\MicroMenu_Lib+HD44780_10\MicroMenu_Lib.asm
               End_Action   0x000389    program     static D:\Docs\Dropbox\Embed\PIC\Projects\ASM\MicroMenu_Lib+HD44780\MicroMenu_Lib+HD44780_10\MicroMenu_Lib.asm
   End_Interrupt_Heandler   0x000016    program     extern D:\Docs\Dropbox\Embed\PIC\Projects\ASM\MicroMenu_Lib+HD44780\MicroMenu_Lib+HD44780_10\Main.asm
          End_Menu_Action   0x000325    program     static D:\Docs\Dropbox\Embed\PIC\Projects\ASM\MicroMenu_Lib+HD44780\MicroMenu_Lib+HD44780_10\MicroMenu_Lib.asm
             First_String   0x000398    program     static D:\Docs\Dropbox\Embed\PIC\Projects\ASM\MicroMenu_Lib+HD44780\MicroMenu_Lib+HD44780_10\MicroMenu_Lib.asm
                     Init   0x00001b    program     static D:\Docs\Dropbox\Embed\PIC\Projects\ASM\MicroMenu_Lib+HD44780\MicroMenu_Lib+HD44780_10\Main.asm
       Interrupt_Heandler   0x000004    program     static D:\Docs\Dropbox\Embed\PIC\Projects\ASM\MicroMenu_Lib+HD44780\MicroMenu_Lib+HD44780_10\Main.asm
                 LCD_Init   0x0003d6    program     extern D:\Docs\Dropbox\Embed\PIC\Projects\ASM\MicroMenu_Lib+HD44780\MicroMenu_Lib+HD44780_10\HD44780_Lib.asm
            LCD_Line_Init   0x0003d1    program     extern D:\Docs\Dropbox\Embed\PIC\Projects\ASM\MicroMenu_Lib+HD44780\MicroMenu_Lib+HD44780_10\HD44780_Lib.asm
                   Loop_1   0x00031e    program     static D:\Docs\Dropbox\Embed\PIC\Projects\ASM\MicroMenu_Lib+HD44780\MicroMenu_Lib+HD44780_10\MicroMenu_Lib.asm
               Loop_Delay   0x0003ad    program     static D:\Docs\Dropbox\Embed\PIC\Projects\ASM\MicroMenu_Lib+HD44780\MicroMenu_Lib+HD44780_10\MicroMenu_Lib.asm
                Loop_Menu   0x0002f9    program     static D:\Docs\Dropbox\Embed\PIC\Projects\ASM\MicroMenu_Lib+HD44780\MicroMenu_Lib+HD44780_10\MicroMenu_Lib.asm
             Loop_Submenu   0x000369    program     static D:\Docs\Dropbox\Embed\PIC\Projects\ASM\MicroMenu_Lib+HD44780\MicroMenu_Lib+HD44780_10\MicroMenu_Lib.asm
                     Main   0x000025    program     extern D:\Docs\Dropbox\Embed\PIC\Projects\ASM\MicroMenu_Lib+HD44780\MicroMenu_Lib+HD44780_10\Main.asm
                   Menu_1   0x000115    program     static D:\Docs\Dropbox\Embed\PIC\Projects\ASM\MicroMenu_Lib+HD44780\MicroMenu_Lib+HD44780_10\MicroMenu_Lib.asm
         Menu_1_Submenu_1   0x00016a    program     static D:\Docs\Dropbox\Embed\PIC\Projects\ASM\MicroMenu_Lib+HD44780\MicroMenu_Lib+HD44780_10\MicroMenu_Lib.asm
  Menu_1_Submenu_1_action   0x000294    program     static D:\Docs\Dropbox\Embed\PIC\Projects\ASM\MicroMenu_Lib+HD44780\MicroMenu_Lib+HD44780_10\MicroMenu_Lib.asm
         Menu_1_Submenu_2   0x00017d    program     static D:\Docs\Dropbox\Embed\PIC\Projects\ASM\MicroMenu_Lib+HD44780\MicroMenu_Lib+HD44780_10\MicroMenu_Lib.asm
  Menu_1_Submenu_2_action   0x000295    program     static D:\Docs\Dropbox\Embed\PIC\Projects\ASM\MicroMenu_Lib+HD44780\MicroMenu_Lib+HD44780_10\MicroMenu_Lib.asm
         Menu_1_Submenu_3   0x00018f    program     static D:\Docs\Dropbox\Embed\PIC\Projects\ASM\MicroMenu_Lib+HD44780\MicroMenu_Lib+HD44780_10\MicroMenu_Lib.asm
  Menu_1_Submenu_3_action   0x000296    program     static D:\Docs\Dropbox\Embed\PIC\Projects\ASM\MicroMenu_Lib+HD44780\MicroMenu_Lib+HD44780_10\MicroMenu_Lib.asm
             Menu_1_Table   0x00009a    program     static D:\Docs\Dropbox\Embed\PIC\Projects\ASM\MicroMenu_Lib+HD44780\MicroMenu_Lib+HD44780_10\MicroMenu_Lib.asm
      Menu_1_Table_action   0x0000de    program     static D:\Docs\Dropbox\Embed\PIC\Projects\ASM\MicroMenu_Lib+HD44780\MicroMenu_Lib+HD44780_10\MicroMenu_Lib.asm
            Menu_1_action   0x00028f    program     static D:\Docs\Dropbox\Embed\PIC\Projects\ASM\MicroMenu_Lib+HD44780\MicroMenu_Lib+HD44780_10\MicroMenu_Lib.asm
                   Menu_2   0x000126    program     static D:\Docs\Dropbox\Embed\PIC\Projects\ASM\MicroMenu_Lib+HD44780\MicroMenu_Lib+HD44780_10\MicroMenu_Lib.asm
         Menu_2_Submenu_1   0x0001a1    program     static D:\Docs\Dropbox\Embed\PIC\Projects\ASM\MicroMenu_Lib+HD44780\MicroMenu_Lib+HD44780_10\MicroMenu_Lib.asm
  Menu_2_Submenu_1_action   0x000297    program     static D:\Docs\Dropbox\Embed\PIC\Projects\ASM\MicroMenu_Lib+HD44780\MicroMenu_Lib+HD44780_10\MicroMenu_Lib.asm
         Menu_2_Submenu_2   0x0001b4    program     static D:\Docs\Dropbox\Embed\PIC\Projects\ASM\MicroMenu_Lib+HD44780\MicroMenu_Lib+HD44780_10\MicroMenu_Lib.asm
  Menu_2_Submenu_2_action   0x000298    program     static D:\Docs\Dropbox\Embed\PIC\Projects\ASM\MicroMenu_Lib+HD44780\MicroMenu_Lib+HD44780_10\MicroMenu_Lib.asm
         Menu_2_Submenu_3   0x0001c6    program     static D:\Docs\Dropbox\Embed\PIC\Projects\ASM\MicroMenu_Lib+HD44780\MicroMenu_Lib+HD44780_10\MicroMenu_Lib.asm
  Menu_2_Submenu_3_action   0x000299    program     static D:\Docs\Dropbox\Embed\PIC\Projects\ASM\MicroMenu_Lib+HD44780\MicroMenu_Lib+HD44780_10\MicroMenu_Lib.asm
             Menu_2_Table   0x0000a5    program     static D:\Docs\Dropbox\Embed\PIC\Projects\ASM\MicroMenu_Lib+HD44780\MicroMenu_Lib+HD44780_10\MicroMenu_Lib.asm
      Menu_2_Table_action   0x0000e9    program     static D:\Docs\Dropbox\Embed\PIC\Projects\ASM\MicroMenu_Lib+HD44780\MicroMenu_Lib+HD44780_10\MicroMenu_Lib.asm
            Menu_2_action   0x000290    program     static D:\Docs\Dropbox\Embed\PIC\Projects\ASM\MicroMenu_Lib+HD44780\MicroMenu_Lib+HD44780_10\MicroMenu_Lib.asm
                   Menu_3   0x000137    program     static D:\Docs\Dropbox\Embed\PIC\Projects\ASM\MicroMenu_Lib+HD44780\MicroMenu_Lib+HD44780_10\MicroMenu_Lib.asm
         Menu_3_Submenu_1   0x0001d8    program     static D:\Docs\Dropbox\Embed\PIC\Projects\ASM\MicroMenu_Lib+HD44780\MicroMenu_Lib+HD44780_10\MicroMenu_Lib.asm
  Menu_3_Submenu_1_action   0x00029a    program     static D:\Docs\Dropbox\Embed\PIC\Projects\ASM\MicroMenu_Lib+HD44780\MicroMenu_Lib+HD44780_10\MicroMenu_Lib.asm
         Menu_3_Submenu_2   0x0001eb    program     static D:\Docs\Dropbox\Embed\PIC\Projects\ASM\MicroMenu_Lib+HD44780\MicroMenu_Lib+HD44780_10\MicroMenu_Lib.asm
  Menu_3_Submenu_2_action   0x00029b    program     static D:\Docs\Dropbox\Embed\PIC\Projects\ASM\MicroMenu_Lib+HD44780\MicroMenu_Lib+HD44780_10\MicroMenu_Lib.asm
         Menu_3_Submenu_3   0x000200    program     static D:\Docs\Dropbox\Embed\PIC\Projects\ASM\MicroMenu_Lib+HD44780\MicroMenu_Lib+HD44780_10\MicroMenu_Lib.asm
  Menu_3_Submenu_3_action   0x00029c    program     static D:\Docs\Dropbox\Embed\PIC\Projects\ASM\MicroMenu_Lib+HD44780\MicroMenu_Lib+HD44780_10\MicroMenu_Lib.asm
             Menu_3_Table   0x0000b0    program     static D:\Docs\Dropbox\Embed\PIC\Projects\ASM\MicroMenu_Lib+HD44780\MicroMenu_Lib+HD44780_10\MicroMenu_Lib.asm
      Menu_3_Table_action   0x0000f4    program     static D:\Docs\Dropbox\Embed\PIC\Projects\ASM\MicroMenu_Lib+HD44780\MicroMenu_Lib+HD44780_10\MicroMenu_Lib.asm
            Menu_3_action   0x000291    program     static D:\Docs\Dropbox\Embed\PIC\Projects\ASM\MicroMenu_Lib+HD44780\MicroMenu_Lib+HD44780_10\MicroMenu_Lib.asm
                   Menu_4   0x000148    program     static D:\Docs\Dropbox\Embed\PIC\Projects\ASM\MicroMenu_Lib+HD44780\MicroMenu_Lib+HD44780_10\MicroMenu_Lib.asm
         Menu_4_Submenu_1   0x000210    program     static D:\Docs\Dropbox\Embed\PIC\Projects\ASM\MicroMenu_Lib+HD44780\MicroMenu_Lib+HD44780_10\MicroMenu_Lib.asm
  Menu_4_Submenu_1_action   0x00029d    program     static D:\Docs\Dropbox\Embed\PIC\Projects\ASM\MicroMenu_Lib+HD44780\MicroMenu_Lib+HD44780_10\MicroMenu_Lib.asm
         Menu_4_Submenu_2   0x000223    program     static D:\Docs\Dropbox\Embed\PIC\Projects\ASM\MicroMenu_Lib+HD44780\MicroMenu_Lib+HD44780_10\MicroMenu_Lib.asm
  Menu_4_Submenu_2_action   0x00029e    program     static D:\Docs\Dropbox\Embed\PIC\Projects\ASM\MicroMenu_Lib+HD44780\MicroMenu_Lib+HD44780_10\MicroMenu_Lib.asm
         Menu_4_Submenu_3   0x000238    program     static D:\Docs\Dropbox\Embed\PIC\Projects\ASM\MicroMenu_Lib+HD44780\MicroMenu_Lib+HD44780_10\MicroMenu_Lib.asm
  Menu_4_Submenu_3_action   0x00029f    program     static D:\Docs\Dropbox\Embed\PIC\Projects\ASM\MicroMenu_Lib+HD44780\MicroMenu_Lib+HD44780_10\MicroMenu_Lib.asm
             Menu_4_Table   0x0000bb    program     static D:\Docs\Dropbox\Embed\PIC\Projects\ASM\MicroMenu_Lib+HD44780\MicroMenu_Lib+HD44780_10\MicroMenu_Lib.asm
      Menu_4_Table_action   0x0000ff    program     static D:\Docs\Dropbox\Embed\PIC\Projects\ASM\MicroMenu_Lib+HD44780\MicroMenu_Lib+HD44780_10\MicroMenu_Lib.asm
            Menu_4_action   0x000292    program     static D:\Docs\Dropbox\Embed\PIC\Projects\ASM\MicroMenu_Lib+HD44780\MicroMenu_Lib+HD44780_10\MicroMenu_Lib.asm
                   Menu_5   0x000159    program     static D:\Docs\Dropbox\Embed\PIC\Projects\ASM\MicroMenu_Lib+HD44780\MicroMenu_Lib+HD44780_10\MicroMenu_Lib.asm
         Menu_5_Submenu_1   0x000248    program     static D:\Docs\Dropbox\Embed\PIC\Projects\ASM\MicroMenu_Lib+HD44780\MicroMenu_Lib+HD44780_10\MicroMenu_Lib.asm
  Menu_5_Submenu_1_action   0x0002a0    program     static D:\Docs\Dropbox\Embed\PIC\Projects\ASM\MicroMenu_Lib+HD44780\MicroMenu_Lib+HD44780_10\MicroMenu_Lib.asm
         Menu_5_Submenu_2   0x00025b    program     static D:\Docs\Dropbox\Embed\PIC\Projects\ASM\MicroMenu_Lib+HD44780\MicroMenu_Lib+HD44780_10\MicroMenu_Lib.asm
  Menu_5_Submenu_2_action   0x0002a1    program     static D:\Docs\Dropbox\Embed\PIC\Projects\ASM\MicroMenu_Lib+HD44780\MicroMenu_Lib+HD44780_10\MicroMenu_Lib.asm
         Menu_5_Submenu_3   0x000270    program     static D:\Docs\Dropbox\Embed\PIC\Projects\ASM\MicroMenu_Lib+HD44780\MicroMenu_Lib+HD44780_10\MicroMenu_Lib.asm
  Menu_5_Submenu_3_action   0x0002a2    program     static D:\Docs\Dropbox\Embed\PIC\Projects\ASM\MicroMenu_Lib+HD44780\MicroMenu_Lib+HD44780_10\MicroMenu_Lib.asm
             Menu_5_Table   0x0000c6    program     static D:\Docs\Dropbox\Embed\PIC\Projects\ASM\MicroMenu_Lib+HD44780\MicroMenu_Lib+HD44780_10\MicroMenu_Lib.asm
      Menu_5_Table_action   0x00010a    program     static D:\Docs\Dropbox\Embed\PIC\Projects\ASM\MicroMenu_Lib+HD44780\MicroMenu_Lib+HD44780_10\MicroMenu_Lib.asm
            Menu_5_action   0x000293    program     static D:\Docs\Dropbox\Embed\PIC\Projects\ASM\MicroMenu_Lib+HD44780\MicroMenu_Lib+HD44780_10\MicroMenu_Lib.asm
              Menu_Action   0x000282    program     static D:\Docs\Dropbox\Embed\PIC\Projects\ASM\MicroMenu_Lib+HD44780\MicroMenu_Lib+HD44780_10\MicroMenu_Lib.asm
            Menu_heandler   0x0002ba    program     extern D:\Docs\Dropbox\Embed\PIC\Projects\ASM\MicroMenu_Lib+HD44780\MicroMenu_Lib+HD44780_10\MicroMenu_Lib.asm
              Next_String   0x0003a2    program     static D:\Docs\Dropbox\Embed\PIC\Projects\ASM\MicroMenu_Lib+HD44780\MicroMenu_Lib+HD44780_10\MicroMenu_Lib.asm
     Num_of_Submenu_Table   0x000073    program     static D:\Docs\Dropbox\Embed\PIC\Projects\ASM\MicroMenu_Lib+HD44780\MicroMenu_Lib+HD44780_10\MicroMenu_Lib.asm
      Out_Action_Complete   0x000391    program     static D:\Docs\Dropbox\Embed\PIC\Projects\ASM\MicroMenu_Lib+HD44780\MicroMenu_Lib+HD44780_10\MicroMenu_Lib.asm
         Out_First_String   0x00039f    program     static D:\Docs\Dropbox\Embed\PIC\Projects\ASM\MicroMenu_Lib+HD44780\MicroMenu_Lib+HD44780_10\MicroMenu_Lib.asm
          Out_Next_String   0x0003a9    program     static D:\Docs\Dropbox\Embed\PIC\Projects\ASM\MicroMenu_Lib+HD44780\MicroMenu_Lib+HD44780_10\MicroMenu_Lib.asm
            Pressing_DOWN   0x0002de    program     static D:\Docs\Dropbox\Embed\PIC\Projects\ASM\MicroMenu_Lib+HD44780\MicroMenu_Lib+HD44780_10\MicroMenu_Lib.asm
          Pressing_DOWN_2   0x00034d    program     static D:\Docs\Dropbox\Embed\PIC\Projects\ASM\MicroMenu_Lib+HD44780\MicroMenu_Lib+HD44780_10\MicroMenu_Lib.asm
 Rotate_action_menu_flags   0x000323    program     static D:\Docs\Dropbox\Embed\PIC\Projects\ASM\MicroMenu_Lib+HD44780\MicroMenu_Lib+HD44780_10\MicroMenu_Lib.asm
    Second_String_routine   0x0002a7    program     static D:\Docs\Dropbox\Embed\PIC\Projects\ASM\MicroMenu_Lib+HD44780\MicroMenu_Lib+HD44780_10\MicroMenu_Lib.asm
         Send_LCD_Command   0x0003c7    program     extern D:\Docs\Dropbox\Embed\PIC\Projects\ASM\MicroMenu_Lib+HD44780\MicroMenu_Lib+HD44780_10\HD44780_Lib.asm
          Send_LCD_Symbol   0x0003bf    program     extern D:\Docs\Dropbox\Embed\PIC\Projects\ASM\MicroMenu_Lib+HD44780\MicroMenu_Lib+HD44780_10\HD44780_Lib.asm
             Skip_Check_1   0x0002c8    program     static D:\Docs\Dropbox\Embed\PIC\Projects\ASM\MicroMenu_Lib+HD44780\MicroMenu_Lib+HD44780_10\MicroMenu_Lib.asm
             Skip_Check_2   0x000336    program     static D:\Docs\Dropbox\Embed\PIC\Projects\ASM\MicroMenu_Lib+HD44780\MicroMenu_Lib+HD44780_10\MicroMenu_Lib.asm
Skip_Correct_index_menu_2   0x0002eb    program     static D:\Docs\Dropbox\Embed\PIC\Projects\ASM\MicroMenu_Lib+HD44780\MicroMenu_Lib+HD44780_10\MicroMenu_Lib.asm
Skip_Correct_index_menu_3   0x0002f0    program     static D:\Docs\Dropbox\Embed\PIC\Projects\ASM\MicroMenu_Lib+HD44780\MicroMenu_Lib+HD44780_10\MicroMenu_Lib.asm
Skip_Correct_index_submenu_2   0x00035b    program     static D:\Docs\Dropbox\Embed\PIC\Projects\ASM\MicroMenu_Lib+HD44780\MicroMenu_Lib+HD44780_10\MicroMenu_Lib.asm
Skip_Correct_index_submenu_3   0x000360    program     static D:\Docs\Dropbox\Embed\PIC\Projects\ASM\MicroMenu_Lib+HD44780\MicroMenu_Lib+HD44780_10\MicroMenu_Lib.asm
   String_Action_Complete   0x00038a    program     static D:\Docs\Dropbox\Embed\PIC\Projects\ASM\MicroMenu_Lib+HD44780\MicroMenu_Lib+HD44780_10\MicroMenu_Lib.asm
              String_Menu   0x0002ab    program     static D:\Docs\Dropbox\Embed\PIC\Projects\ASM\MicroMenu_Lib+HD44780\MicroMenu_Lib+HD44780_10\MicroMenu_Lib.asm
           String_Submenu   0x0002b3    program     static D:\Docs\Dropbox\Embed\PIC\Projects\ASM\MicroMenu_Lib+HD44780\MicroMenu_Lib+HD44780_10\MicroMenu_Lib.asm
                    Strob   0x0003b7    program     static D:\Docs\Dropbox\Embed\PIC\Projects\ASM\MicroMenu_Lib+HD44780\MicroMenu_Lib+HD44780_10\HD44780_Lib.asm
            Switch_Action   0x0000d1    program     static D:\Docs\Dropbox\Embed\PIC\Projects\ASM\MicroMenu_Lib+HD44780\MicroMenu_Lib+HD44780_10\MicroMenu_Lib.asm
              Switch_Menu   0x0002bb    program     static D:\Docs\Dropbox\Embed\PIC\Projects\ASM\MicroMenu_Lib+HD44780\MicroMenu_Lib+HD44780_10\MicroMenu_Lib.asm
        Switch_Menu_Table   0x000080    program     static D:\Docs\Dropbox\Embed\PIC\Projects\ASM\MicroMenu_Lib+HD44780\MicroMenu_Lib+HD44780_10\MicroMenu_Lib.asm
      Switch_Menu_routine   0x0002aa    program     static D:\Docs\Dropbox\Embed\PIC\Projects\ASM\MicroMenu_Lib+HD44780\MicroMenu_Lib+HD44780_10\MicroMenu_Lib.asm
           Switch_Submenu   0x000326    program     static D:\Docs\Dropbox\Embed\PIC\Projects\ASM\MicroMenu_Lib+HD44780\MicroMenu_Lib+HD44780_10\MicroMenu_Lib.asm
     Switch_Submenu_Table   0x00008d    program     static D:\Docs\Dropbox\Embed\PIC\Projects\ASM\MicroMenu_Lib+HD44780\MicroMenu_Lib+HD44780_10\MicroMenu_Lib.asm
   Switch_Submenu_routine   0x0002b2    program     static D:\Docs\Dropbox\Embed\PIC\Projects\ASM\MicroMenu_Lib+HD44780\MicroMenu_Lib+HD44780_10\MicroMenu_Lib.asm
    Table_Action_Complete   0x00002c    program     static D:\Docs\Dropbox\Embed\PIC\Projects\ASM\MicroMenu_Lib+HD44780\MicroMenu_Lib+HD44780_10\MicroMenu_Lib.asm
Table_Zastavka_First_String   0x000045    program     static D:\Docs\Dropbox\Embed\PIC\Projects\ASM\MicroMenu_Lib+HD44780\MicroMenu_Lib+HD44780_10\MicroMenu_Lib.asm
Table_Zastavka_Second_String   0x00005c    program     static D:\Docs\Dropbox\Embed\PIC\Projects\ASM\MicroMenu_Lib+HD44780\MicroMenu_Lib+HD44780_10\MicroMenu_Lib.asm
                 Zastavka   0x000396    program     extern D:\Docs\Dropbox\Embed\PIC\Projects\ASM\MicroMenu_Lib+HD44780\MicroMenu_Lib+HD44780_10\MicroMenu_Lib.asm
                 _10Table   0x0000a2    program     static D:\Docs\Dropbox\Embed\PIC\Projects\ASM\MicroMenu_Lib+HD44780\MicroMenu_Lib+HD44780_10\MicroMenu_Lib.asm
                 _11Table   0x0000ad    program     static D:\Docs\Dropbox\Embed\PIC\Projects\ASM\MicroMenu_Lib+HD44780\MicroMenu_Lib+HD44780_10\MicroMenu_Lib.asm
                 _12Table   0x0000b8    program     static D:\Docs\Dropbox\Embed\PIC\Projects\ASM\MicroMenu_Lib+HD44780\MicroMenu_Lib+HD44780_10\MicroMenu_Lib.asm
                 _13Table   0x0000c3    program     static D:\Docs\Dropbox\Embed\PIC\Projects\ASM\MicroMenu_Lib+HD44780\MicroMenu_Lib+HD44780_10\MicroMenu_Lib.asm
                 _14Table   0x0000ce    program     static D:\Docs\Dropbox\Embed\PIC\Projects\ASM\MicroMenu_Lib+HD44780\MicroMenu_Lib+HD44780_10\MicroMenu_Lib.asm
                 _16Table   0x0000d9    program     static D:\Docs\Dropbox\Embed\PIC\Projects\ASM\MicroMenu_Lib+HD44780\MicroMenu_Lib+HD44780_10\MicroMenu_Lib.asm
                 _17Table   0x0000e6    program     static D:\Docs\Dropbox\Embed\PIC\Projects\ASM\MicroMenu_Lib+HD44780\MicroMenu_Lib+HD44780_10\MicroMenu_Lib.asm
                 _18Table   0x0000f1    program     static D:\Docs\Dropbox\Embed\PIC\Projects\ASM\MicroMenu_Lib+HD44780\MicroMenu_Lib+HD44780_10\MicroMenu_Lib.asm
                 _19Table   0x0000fc    program     static D:\Docs\Dropbox\Embed\PIC\Projects\ASM\MicroMenu_Lib+HD44780\MicroMenu_Lib+HD44780_10\MicroMenu_Lib.asm
                  _1Table   0x000034    program     static D:\Docs\Dropbox\Embed\PIC\Projects\ASM\MicroMenu_Lib+HD44780\MicroMenu_Lib+HD44780_10\MicroMenu_Lib.asm
                 _20Table   0x000107    program     static D:\Docs\Dropbox\Embed\PIC\Projects\ASM\MicroMenu_Lib+HD44780\MicroMenu_Lib+HD44780_10\MicroMenu_Lib.asm
                 _21Table   0x000112    program     static D:\Docs\Dropbox\Embed\PIC\Projects\ASM\MicroMenu_Lib+HD44780\MicroMenu_Lib+HD44780_10\MicroMenu_Lib.asm
                 _23Table   0x00011d    program     static D:\Docs\Dropbox\Embed\PIC\Projects\ASM\MicroMenu_Lib+HD44780\MicroMenu_Lib+HD44780_10\MicroMenu_Lib.asm
                 _24Table   0x00012e    program     static D:\Docs\Dropbox\Embed\PIC\Projects\ASM\MicroMenu_Lib+HD44780\MicroMenu_Lib+HD44780_10\MicroMenu_Lib.asm
                 _25Table   0x00013f    program     static D:\Docs\Dropbox\Embed\PIC\Projects\ASM\MicroMenu_Lib+HD44780\MicroMenu_Lib+HD44780_10\MicroMenu_Lib.asm
                 _26Table   0x000150    program     static D:\Docs\Dropbox\Embed\PIC\Projects\ASM\MicroMenu_Lib+HD44780\MicroMenu_Lib+HD44780_10\MicroMenu_Lib.asm
                 _27Table   0x000161    program     static D:\Docs\Dropbox\Embed\PIC\Projects\ASM\MicroMenu_Lib+HD44780\MicroMenu_Lib+HD44780_10\MicroMenu_Lib.asm
                 _29Table   0x000172    program     static D:\Docs\Dropbox\Embed\PIC\Projects\ASM\MicroMenu_Lib+HD44780\MicroMenu_Lib+HD44780_10\MicroMenu_Lib.asm
                  _2Table   0x00004d    program     static D:\Docs\Dropbox\Embed\PIC\Projects\ASM\MicroMenu_Lib+HD44780\MicroMenu_Lib+HD44780_10\MicroMenu_Lib.asm
                 _30Table   0x000185    program     static D:\Docs\Dropbox\Embed\PIC\Projects\ASM\MicroMenu_Lib+HD44780\MicroMenu_Lib+HD44780_10\MicroMenu_Lib.asm
                 _31Table   0x000197    program     static D:\Docs\Dropbox\Embed\PIC\Projects\ASM\MicroMenu_Lib+HD44780\MicroMenu_Lib+HD44780_10\MicroMenu_Lib.asm
                 _32Table   0x0001a9    program     static D:\Docs\Dropbox\Embed\PIC\Projects\ASM\MicroMenu_Lib+HD44780\MicroMenu_Lib+HD44780_10\MicroMenu_Lib.asm
                 _33Table   0x0001bc    program     static D:\Docs\Dropbox\Embed\PIC\Projects\ASM\MicroMenu_Lib+HD44780\MicroMenu_Lib+HD44780_10\MicroMenu_Lib.asm
                 _34Table   0x0001ce    program     static D:\Docs\Dropbox\Embed\PIC\Projects\ASM\MicroMenu_Lib+HD44780\MicroMenu_Lib+HD44780_10\MicroMenu_Lib.asm
                 _35Table   0x0001e0    program     static D:\Docs\Dropbox\Embed\PIC\Projects\ASM\MicroMenu_Lib+HD44780\MicroMenu_Lib+HD44780_10\MicroMenu_Lib.asm
                 _36Table   0x0001f3    program     static D:\Docs\Dropbox\Embed\PIC\Projects\ASM\MicroMenu_Lib+HD44780\MicroMenu_Lib+HD44780_10\MicroMenu_Lib.asm
                 _37Table   0x000208    program     static D:\Docs\Dropbox\Embed\PIC\Projects\ASM\MicroMenu_Lib+HD44780\MicroMenu_Lib+HD44780_10\MicroMenu_Lib.asm
                 _38Table   0x000218    program     static D:\Docs\Dropbox\Embed\PIC\Projects\ASM\MicroMenu_Lib+HD44780\MicroMenu_Lib+HD44780_10\MicroMenu_Lib.asm
                 _39Table   0x00022b    program     static D:\Docs\Dropbox\Embed\PIC\Projects\ASM\MicroMenu_Lib+HD44780\MicroMenu_Lib+HD44780_10\MicroMenu_Lib.asm
                  _3Table   0x000064    program     static D:\Docs\Dropbox\Embed\PIC\Projects\ASM\MicroMenu_Lib+HD44780\MicroMenu_Lib+HD44780_10\MicroMenu_Lib.asm
                 _40Table   0x000240    program     static D:\Docs\Dropbox\Embed\PIC\Projects\ASM\MicroMenu_Lib+HD44780\MicroMenu_Lib+HD44780_10\MicroMenu_Lib.asm
                 _41Table   0x000250    program     static D:\Docs\Dropbox\Embed\PIC\Projects\ASM\MicroMenu_Lib+HD44780\MicroMenu_Lib+HD44780_10\MicroMenu_Lib.asm
                 _42Table   0x000263    program     static D:\Docs\Dropbox\Embed\PIC\Projects\ASM\MicroMenu_Lib+HD44780\MicroMenu_Lib+HD44780_10\MicroMenu_Lib.asm
                 _43Table   0x000278    program     static D:\Docs\Dropbox\Embed\PIC\Projects\ASM\MicroMenu_Lib+HD44780\MicroMenu_Lib+HD44780_10\MicroMenu_Lib.asm
                 _45Table   0x00028a    program     static D:\Docs\Dropbox\Embed\PIC\Projects\ASM\MicroMenu_Lib+HD44780\MicroMenu_Lib+HD44780_10\MicroMenu_Lib.asm
                  _5Table   0x00007b    program     static D:\Docs\Dropbox\Embed\PIC\Projects\ASM\MicroMenu_Lib+HD44780\MicroMenu_Lib+HD44780_10\MicroMenu_Lib.asm
                  _7Table   0x000088    program     static D:\Docs\Dropbox\Embed\PIC\Projects\ASM\MicroMenu_Lib+HD44780\MicroMenu_Lib+HD44780_10\MicroMenu_Lib.asm
                  _9Table   0x000095    program     static D:\Docs\Dropbox\Embed\PIC\Projects\ASM\MicroMenu_Lib+HD44780\MicroMenu_Lib+HD44780_10\MicroMenu_Lib.asm
       _LCD_Lib_code_0006   0x0003bd    program     static D:\Docs\Dropbox\Embed\PIC\Projects\ASM\MicroMenu_Lib+HD44780\MicroMenu_Lib+HD44780_10\HD44780_Lib.asm
       _LCD_Lib_code_0043   0x0003fa    program     static D:\Docs\Dropbox\Embed\PIC\Projects\ASM\MicroMenu_Lib+HD44780\MicroMenu_Lib+HD44780_10\HD44780_Lib.asm
       _LCD_Lib_code_0045   0x0003fc    program     static D:\Docs\Dropbox\Embed\PIC\Projects\ASM\MicroMenu_Lib+HD44780\MicroMenu_Lib+HD44780_10\HD44780_Lib.asm
          _MicroMenu_0368   0x000394    program     static D:\Docs\Dropbox\Embed\PIC\Projects\ASM\MicroMenu_Lib+HD44780\MicroMenu_Lib+HD44780_10\MicroMenu_Lib.asm
          _MicroMenu_0387   0x0003b3    program     static D:\Docs\Dropbox\Embed\PIC\Projects\ASM\MicroMenu_Lib+HD44780\MicroMenu_Lib+HD44780_10\MicroMenu_Lib.asm
                    flags   0x000015       data     extern D:\Docs\Dropbox\Embed\PIC\Projects\ASM\MicroMenu_Lib+HD44780\MicroMenu_Lib+HD44780_10\Main.asm
               index_menu   0x00000c       data     static D:\Docs\Dropbox\Embed\PIC\Projects\ASM\MicroMenu_Lib+HD44780\MicroMenu_Lib+HD44780_10\MicroMenu_Lib.asm
            index_submenu   0x00000d       data     static D:\Docs\Dropbox\Embed\PIC\Projects\ASM\MicroMenu_Lib+HD44780\MicroMenu_Lib+HD44780_10\MicroMenu_Lib.asm
               known_zero   0x000017       data     extern D:\Docs\Dropbox\Embed\PIC\Projects\ASM\MicroMenu_Lib+HD44780\MicroMenu_Lib+HD44780_10\Main.asm
             menu_counter   0x00000f       data     static D:\Docs\Dropbox\Embed\PIC\Projects\ASM\MicroMenu_Lib+HD44780\MicroMenu_Lib+HD44780_10\MicroMenu_Lib.asm
                   offset   0x000016       data     extern D:\Docs\Dropbox\Embed\PIC\Projects\ASM\MicroMenu_Lib+HD44780\MicroMenu_Lib+HD44780_10\Main.asm
              status_temp   0x000014       data     static D:\Docs\Dropbox\Embed\PIC\Projects\ASM\MicroMenu_Lib+HD44780\MicroMenu_Lib+HD44780_10\Main.asm
                   symbol   0x00001a       data     static D:\Docs\Dropbox\Embed\PIC\Projects\ASM\MicroMenu_Lib+HD44780\MicroMenu_Lib+HD44780_10\HD44780_Lib.asm
           symbol_pointer   0x00000e       data     static D:\Docs\Dropbox\Embed\PIC\Projects\ASM\MicroMenu_Lib+HD44780\MicroMenu_Lib+HD44780_10\MicroMenu_Lib.asm
                   temp_1   0x000018       data     static D:\Docs\Dropbox\Embed\PIC\Projects\ASM\MicroMenu_Lib+HD44780\MicroMenu_Lib+HD44780_10\HD44780_Lib.asm
                   temp_1   0x000010       data     static D:\Docs\Dropbox\Embed\PIC\Projects\ASM\MicroMenu_Lib+HD44780\MicroMenu_Lib+HD44780_10\MicroMenu_Lib.asm
                   temp_2   0x000019       data     static D:\Docs\Dropbox\Embed\PIC\Projects\ASM\MicroMenu_Lib+HD44780\MicroMenu_Lib+HD44780_10\HD44780_Lib.asm
                   temp_2   0x000011       data     static D:\Docs\Dropbox\Embed\PIC\Projects\ASM\MicroMenu_Lib+HD44780\MicroMenu_Lib+HD44780_10\MicroMenu_Lib.asm
                   temp_3   0x000012       data     static D:\Docs\Dropbox\Embed\PIC\Projects\ASM\MicroMenu_Lib+HD44780\MicroMenu_Lib+HD44780_10\MicroMenu_Lib.asm
                   w_temp   0x000013       data     static D:\Docs\Dropbox\Embed\PIC\Projects\ASM\MicroMenu_Lib+HD44780\MicroMenu_Lib+HD44780_10\Main.asm



                              Symbols - Sorted by Address
                     Name    Address   Location    Storage File                     
                ---------  ---------  ---------  --------- ---------                
       Interrupt_Heandler   0x000004    program     static D:\Docs\Dropbox\Embed\PIC\Projects\ASM\MicroMenu_Lib+HD44780\MicroMenu_Lib+HD44780_10\Main.asm
   End_Interrupt_Heandler   0x000016    program     extern D:\Docs\Dropbox\Embed\PIC\Projects\ASM\MicroMenu_Lib+HD44780\MicroMenu_Lib+HD44780_10\Main.asm
                     Init   0x00001b    program     static D:\Docs\Dropbox\Embed\PIC\Projects\ASM\MicroMenu_Lib+HD44780\MicroMenu_Lib+HD44780_10\Main.asm
                     Main   0x000025    program     extern D:\Docs\Dropbox\Embed\PIC\Projects\ASM\MicroMenu_Lib+HD44780\MicroMenu_Lib+HD44780_10\Main.asm
    Table_Action_Complete   0x00002c    program     static D:\Docs\Dropbox\Embed\PIC\Projects\ASM\MicroMenu_Lib+HD44780\MicroMenu_Lib+HD44780_10\MicroMenu_Lib.asm
                  _1Table   0x000034    program     static D:\Docs\Dropbox\Embed\PIC\Projects\ASM\MicroMenu_Lib+HD44780\MicroMenu_Lib+HD44780_10\MicroMenu_Lib.asm
Table_Zastavka_First_String   0x000045    program     static D:\Docs\Dropbox\Embed\PIC\Projects\ASM\MicroMenu_Lib+HD44780\MicroMenu_Lib+HD44780_10\MicroMenu_Lib.asm
                  _2Table   0x00004d    program     static D:\Docs\Dropbox\Embed\PIC\Projects\ASM\MicroMenu_Lib+HD44780\MicroMenu_Lib+HD44780_10\MicroMenu_Lib.asm
Table_Zastavka_Second_String   0x00005c    program     static D:\Docs\Dropbox\Embed\PIC\Projects\ASM\MicroMenu_Lib+HD44780\MicroMenu_Lib+HD44780_10\MicroMenu_Lib.asm
                  _3Table   0x000064    program     static D:\Docs\Dropbox\Embed\PIC\Projects\ASM\MicroMenu_Lib+HD44780\MicroMenu_Lib+HD44780_10\MicroMenu_Lib.asm
     Num_of_Submenu_Table   0x000073    program     static D:\Docs\Dropbox\Embed\PIC\Projects\ASM\MicroMenu_Lib+HD44780\MicroMenu_Lib+HD44780_10\MicroMenu_Lib.asm
                  _5Table   0x00007b    program     static D:\Docs\Dropbox\Embed\PIC\Projects\ASM\MicroMenu_Lib+HD44780\MicroMenu_Lib+HD44780_10\MicroMenu_Lib.asm
        Switch_Menu_Table   0x000080    program     static D:\Docs\Dropbox\Embed\PIC\Projects\ASM\MicroMenu_Lib+HD44780\MicroMenu_Lib+HD44780_10\MicroMenu_Lib.asm
                  _7Table   0x000088    program     static D:\Docs\Dropbox\Embed\PIC\Projects\ASM\MicroMenu_Lib+HD44780\MicroMenu_Lib+HD44780_10\MicroMenu_Lib.asm
     Switch_Submenu_Table   0x00008d    program     static D:\Docs\Dropbox\Embed\PIC\Projects\ASM\MicroMenu_Lib+HD44780\MicroMenu_Lib+HD44780_10\MicroMenu_Lib.asm
                  _9Table   0x000095    program     static D:\Docs\Dropbox\Embed\PIC\Projects\ASM\MicroMenu_Lib+HD44780\MicroMenu_Lib+HD44780_10\MicroMenu_Lib.asm
             Menu_1_Table   0x00009a    program     static D:\Docs\Dropbox\Embed\PIC\Projects\ASM\MicroMenu_Lib+HD44780\MicroMenu_Lib+HD44780_10\MicroMenu_Lib.asm
                 _10Table   0x0000a2    program     static D:\Docs\Dropbox\Embed\PIC\Projects\ASM\MicroMenu_Lib+HD44780\MicroMenu_Lib+HD44780_10\MicroMenu_Lib.asm
             Menu_2_Table   0x0000a5    program     static D:\Docs\Dropbox\Embed\PIC\Projects\ASM\MicroMenu_Lib+HD44780\MicroMenu_Lib+HD44780_10\MicroMenu_Lib.asm
                 _11Table   0x0000ad    program     static D:\Docs\Dropbox\Embed\PIC\Projects\ASM\MicroMenu_Lib+HD44780\MicroMenu_Lib+HD44780_10\MicroMenu_Lib.asm
             Menu_3_Table   0x0000b0    program     static D:\Docs\Dropbox\Embed\PIC\Projects\ASM\MicroMenu_Lib+HD44780\MicroMenu_Lib+HD44780_10\MicroMenu_Lib.asm
                 _12Table   0x0000b8    program     static D:\Docs\Dropbox\Embed\PIC\Projects\ASM\MicroMenu_Lib+HD44780\MicroMenu_Lib+HD44780_10\MicroMenu_Lib.asm
             Menu_4_Table   0x0000bb    program     static D:\Docs\Dropbox\Embed\PIC\Projects\ASM\MicroMenu_Lib+HD44780\MicroMenu_Lib+HD44780_10\MicroMenu_Lib.asm
                 _13Table   0x0000c3    program     static D:\Docs\Dropbox\Embed\PIC\Projects\ASM\MicroMenu_Lib+HD44780\MicroMenu_Lib+HD44780_10\MicroMenu_Lib.asm
             Menu_5_Table   0x0000c6    program     static D:\Docs\Dropbox\Embed\PIC\Projects\ASM\MicroMenu_Lib+HD44780\MicroMenu_Lib+HD44780_10\MicroMenu_Lib.asm
                 _14Table   0x0000ce    program     static D:\Docs\Dropbox\Embed\PIC\Projects\ASM\MicroMenu_Lib+HD44780\MicroMenu_Lib+HD44780_10\MicroMenu_Lib.asm
            Switch_Action   0x0000d1    program     static D:\Docs\Dropbox\Embed\PIC\Projects\ASM\MicroMenu_Lib+HD44780\MicroMenu_Lib+HD44780_10\MicroMenu_Lib.asm
                 _16Table   0x0000d9    program     static D:\Docs\Dropbox\Embed\PIC\Projects\ASM\MicroMenu_Lib+HD44780\MicroMenu_Lib+HD44780_10\MicroMenu_Lib.asm
      Menu_1_Table_action   0x0000de    program     static D:\Docs\Dropbox\Embed\PIC\Projects\ASM\MicroMenu_Lib+HD44780\MicroMenu_Lib+HD44780_10\MicroMenu_Lib.asm
                 _17Table   0x0000e6    program     static D:\Docs\Dropbox\Embed\PIC\Projects\ASM\MicroMenu_Lib+HD44780\MicroMenu_Lib+HD44780_10\MicroMenu_Lib.asm
      Menu_2_Table_action   0x0000e9    program     static D:\Docs\Dropbox\Embed\PIC\Projects\ASM\MicroMenu_Lib+HD44780\MicroMenu_Lib+HD44780_10\MicroMenu_Lib.asm
                 _18Table   0x0000f1    program     static D:\Docs\Dropbox\Embed\PIC\Projects\ASM\MicroMenu_Lib+HD44780\MicroMenu_Lib+HD44780_10\MicroMenu_Lib.asm
      Menu_3_Table_action   0x0000f4    program     static D:\Docs\Dropbox\Embed\PIC\Projects\ASM\MicroMenu_Lib+HD44780\MicroMenu_Lib+HD44780_10\MicroMenu_Lib.asm
                 _19Table   0x0000fc    program     static D:\Docs\Dropbox\Embed\PIC\Projects\ASM\MicroMenu_Lib+HD44780\MicroMenu_Lib+HD44780_10\MicroMenu_Lib.asm
      Menu_4_Table_action   0x0000ff    program     static D:\Docs\Dropbox\Embed\PIC\Projects\ASM\MicroMenu_Lib+HD44780\MicroMenu_Lib+HD44780_10\MicroMenu_Lib.asm
                 _20Table   0x000107    program     static D:\Docs\Dropbox\Embed\PIC\Projects\ASM\MicroMenu_Lib+HD44780\MicroMenu_Lib+HD44780_10\MicroMenu_Lib.asm
      Menu_5_Table_action   0x00010a    program     static D:\Docs\Dropbox\Embed\PIC\Projects\ASM\MicroMenu_Lib+HD44780\MicroMenu_Lib+HD44780_10\MicroMenu_Lib.asm
                 _21Table   0x000112    program     static D:\Docs\Dropbox\Embed\PIC\Projects\ASM\MicroMenu_Lib+HD44780\MicroMenu_Lib+HD44780_10\MicroMenu_Lib.asm
                   Menu_1   0x000115    program     static D:\Docs\Dropbox\Embed\PIC\Projects\ASM\MicroMenu_Lib+HD44780\MicroMenu_Lib+HD44780_10\MicroMenu_Lib.asm
                 _23Table   0x00011d    program     static D:\Docs\Dropbox\Embed\PIC\Projects\ASM\MicroMenu_Lib+HD44780\MicroMenu_Lib+HD44780_10\MicroMenu_Lib.asm
                   Menu_2   0x000126    program     static D:\Docs\Dropbox\Embed\PIC\Projects\ASM\MicroMenu_Lib+HD44780\MicroMenu_Lib+HD44780_10\MicroMenu_Lib.asm
                 _24Table   0x00012e    program     static D:\Docs\Dropbox\Embed\PIC\Projects\ASM\MicroMenu_Lib+HD44780\MicroMenu_Lib+HD44780_10\MicroMenu_Lib.asm
                   Menu_3   0x000137    program     static D:\Docs\Dropbox\Embed\PIC\Projects\ASM\MicroMenu_Lib+HD44780\MicroMenu_Lib+HD44780_10\MicroMenu_Lib.asm
                 _25Table   0x00013f    program     static D:\Docs\Dropbox\Embed\PIC\Projects\ASM\MicroMenu_Lib+HD44780\MicroMenu_Lib+HD44780_10\MicroMenu_Lib.asm
                   Menu_4   0x000148    program     static D:\Docs\Dropbox\Embed\PIC\Projects\ASM\MicroMenu_Lib+HD44780\MicroMenu_Lib+HD44780_10\MicroMenu_Lib.asm
                 _26Table   0x000150    program     static D:\Docs\Dropbox\Embed\PIC\Projects\ASM\MicroMenu_Lib+HD44780\MicroMenu_Lib+HD44780_10\MicroMenu_Lib.asm
                   Menu_5   0x000159    program     static D:\Docs\Dropbox\Embed\PIC\Projects\ASM\MicroMenu_Lib+HD44780\MicroMenu_Lib+HD44780_10\MicroMenu_Lib.asm
                 _27Table   0x000161    program     static D:\Docs\Dropbox\Embed\PIC\Projects\ASM\MicroMenu_Lib+HD44780\MicroMenu_Lib+HD44780_10\MicroMenu_Lib.asm
         Menu_1_Submenu_1   0x00016a    program     static D:\Docs\Dropbox\Embed\PIC\Projects\ASM\MicroMenu_Lib+HD44780\MicroMenu_Lib+HD44780_10\MicroMenu_Lib.asm
                 _29Table   0x000172    program     static D:\Docs\Dropbox\Embed\PIC\Projects\ASM\MicroMenu_Lib+HD44780\MicroMenu_Lib+HD44780_10\MicroMenu_Lib.asm
         Menu_1_Submenu_2   0x00017d    program     static D:\Docs\Dropbox\Embed\PIC\Projects\ASM\MicroMenu_Lib+HD44780\MicroMenu_Lib+HD44780_10\MicroMenu_Lib.asm
                 _30Table   0x000185    program     static D:\Docs\Dropbox\Embed\PIC\Projects\ASM\MicroMenu_Lib+HD44780\MicroMenu_Lib+HD44780_10\MicroMenu_Lib.asm
         Menu_1_Submenu_3   0x00018f    program     static D:\Docs\Dropbox\Embed\PIC\Projects\ASM\MicroMenu_Lib+HD44780\MicroMenu_Lib+HD44780_10\MicroMenu_Lib.asm
                 _31Table   0x000197    program     static D:\Docs\Dropbox\Embed\PIC\Projects\ASM\MicroMenu_Lib+HD44780\MicroMenu_Lib+HD44780_10\MicroMenu_Lib.asm
         Menu_2_Submenu_1   0x0001a1    program     static D:\Docs\Dropbox\Embed\PIC\Projects\ASM\MicroMenu_Lib+HD44780\MicroMenu_Lib+HD44780_10\MicroMenu_Lib.asm
                 _32Table   0x0001a9    program     static D:\Docs\Dropbox\Embed\PIC\Projects\ASM\MicroMenu_Lib+HD44780\MicroMenu_Lib+HD44780_10\MicroMenu_Lib.asm
         Menu_2_Submenu_2   0x0001b4    program     static D:\Docs\Dropbox\Embed\PIC\Projects\ASM\MicroMenu_Lib+HD44780\MicroMenu_Lib+HD44780_10\MicroMenu_Lib.asm
                 _33Table   0x0001bc    program     static D:\Docs\Dropbox\Embed\PIC\Projects\ASM\MicroMenu_Lib+HD44780\MicroMenu_Lib+HD44780_10\MicroMenu_Lib.asm
         Menu_2_Submenu_3   0x0001c6    program     static D:\Docs\Dropbox\Embed\PIC\Projects\ASM\MicroMenu_Lib+HD44780\MicroMenu_Lib+HD44780_10\MicroMenu_Lib.asm
                 _34Table   0x0001ce    program     static D:\Docs\Dropbox\Embed\PIC\Projects\ASM\MicroMenu_Lib+HD44780\MicroMenu_Lib+HD44780_10\MicroMenu_Lib.asm
         Menu_3_Submenu_1   0x0001d8    program     static D:\Docs\Dropbox\Embed\PIC\Projects\ASM\MicroMenu_Lib+HD44780\MicroMenu_Lib+HD44780_10\MicroMenu_Lib.asm
                 _35Table   0x0001e0    program     static D:\Docs\Dropbox\Embed\PIC\Projects\ASM\MicroMenu_Lib+HD44780\MicroMenu_Lib+HD44780_10\MicroMenu_Lib.asm
         Menu_3_Submenu_2   0x0001eb    program     static D:\Docs\Dropbox\Embed\PIC\Projects\ASM\MicroMenu_Lib+HD44780\MicroMenu_Lib+HD44780_10\MicroMenu_Lib.asm
                 _36Table   0x0001f3    program     static D:\Docs\Dropbox\Embed\PIC\Projects\ASM\MicroMenu_Lib+HD44780\MicroMenu_Lib+HD44780_10\MicroMenu_Lib.asm
         Menu_3_Submenu_3   0x000200    program     static D:\Docs\Dropbox\Embed\PIC\Projects\ASM\MicroMenu_Lib+HD44780\MicroMenu_Lib+HD44780_10\MicroMenu_Lib.asm
                 _37Table   0x000208    program     static D:\Docs\Dropbox\Embed\PIC\Projects\ASM\MicroMenu_Lib+HD44780\MicroMenu_Lib+HD44780_10\MicroMenu_Lib.asm
         Menu_4_Submenu_1   0x000210    program     static D:\Docs\Dropbox\Embed\PIC\Projects\ASM\MicroMenu_Lib+HD44780\MicroMenu_Lib+HD44780_10\MicroMenu_Lib.asm
                 _38Table   0x000218    program     static D:\Docs\Dropbox\Embed\PIC\Projects\ASM\MicroMenu_Lib+HD44780\MicroMenu_Lib+HD44780_10\MicroMenu_Lib.asm
         Menu_4_Submenu_2   0x000223    program     static D:\Docs\Dropbox\Embed\PIC\Projects\ASM\MicroMenu_Lib+HD44780\MicroMenu_Lib+HD44780_10\MicroMenu_Lib.asm
                 _39Table   0x00022b    program     static D:\Docs\Dropbox\Embed\PIC\Projects\ASM\MicroMenu_Lib+HD44780\MicroMenu_Lib+HD44780_10\MicroMenu_Lib.asm
         Menu_4_Submenu_3   0x000238    program     static D:\Docs\Dropbox\Embed\PIC\Projects\ASM\MicroMenu_Lib+HD44780\MicroMenu_Lib+HD44780_10\MicroMenu_Lib.asm
                 _40Table   0x000240    program     static D:\Docs\Dropbox\Embed\PIC\Projects\ASM\MicroMenu_Lib+HD44780\MicroMenu_Lib+HD44780_10\MicroMenu_Lib.asm
         Menu_5_Submenu_1   0x000248    program     static D:\Docs\Dropbox\Embed\PIC\Projects\ASM\MicroMenu_Lib+HD44780\MicroMenu_Lib+HD44780_10\MicroMenu_Lib.asm
                 _41Table   0x000250    program     static D:\Docs\Dropbox\Embed\PIC\Projects\ASM\MicroMenu_Lib+HD44780\MicroMenu_Lib+HD44780_10\MicroMenu_Lib.asm
         Menu_5_Submenu_2   0x00025b    program     static D:\Docs\Dropbox\Embed\PIC\Projects\ASM\MicroMenu_Lib+HD44780\MicroMenu_Lib+HD44780_10\MicroMenu_Lib.asm
                 _42Table   0x000263    program     static D:\Docs\Dropbox\Embed\PIC\Projects\ASM\MicroMenu_Lib+HD44780\MicroMenu_Lib+HD44780_10\MicroMenu_Lib.asm
         Menu_5_Submenu_3   0x000270    program     static D:\Docs\Dropbox\Embed\PIC\Projects\ASM\MicroMenu_Lib+HD44780\MicroMenu_Lib+HD44780_10\MicroMenu_Lib.asm
                 _43Table   0x000278    program     static D:\Docs\Dropbox\Embed\PIC\Projects\ASM\MicroMenu_Lib+HD44780\MicroMenu_Lib+HD44780_10\MicroMenu_Lib.asm
              Menu_Action   0x000282    program     static D:\Docs\Dropbox\Embed\PIC\Projects\ASM\MicroMenu_Lib+HD44780\MicroMenu_Lib+HD44780_10\MicroMenu_Lib.asm
                 _45Table   0x00028a    program     static D:\Docs\Dropbox\Embed\PIC\Projects\ASM\MicroMenu_Lib+HD44780\MicroMenu_Lib+HD44780_10\MicroMenu_Lib.asm
            Menu_1_action   0x00028f    program     static D:\Docs\Dropbox\Embed\PIC\Projects\ASM\MicroMenu_Lib+HD44780\MicroMenu_Lib+HD44780_10\MicroMenu_Lib.asm
            Menu_2_action   0x000290    program     static D:\Docs\Dropbox\Embed\PIC\Projects\ASM\MicroMenu_Lib+HD44780\MicroMenu_Lib+HD44780_10\MicroMenu_Lib.asm
            Menu_3_action   0x000291    program     static D:\Docs\Dropbox\Embed\PIC\Projects\ASM\MicroMenu_Lib+HD44780\MicroMenu_Lib+HD44780_10\MicroMenu_Lib.asm
            Menu_4_action   0x000292    program     static D:\Docs\Dropbox\Embed\PIC\Projects\ASM\MicroMenu_Lib+HD44780\MicroMenu_Lib+HD44780_10\MicroMenu_Lib.asm
            Menu_5_action   0x000293    program     static D:\Docs\Dropbox\Embed\PIC\Projects\ASM\MicroMenu_Lib+HD44780\MicroMenu_Lib+HD44780_10\MicroMenu_Lib.asm
  Menu_1_Submenu_1_action   0x000294    program     static D:\Docs\Dropbox\Embed\PIC\Projects\ASM\MicroMenu_Lib+HD44780\MicroMenu_Lib+HD44780_10\MicroMenu_Lib.asm
  Menu_1_Submenu_2_action   0x000295    program     static D:\Docs\Dropbox\Embed\PIC\Projects\ASM\MicroMenu_Lib+HD44780\MicroMenu_Lib+HD44780_10\MicroMenu_Lib.asm
  Menu_1_Submenu_3_action   0x000296    program     static D:\Docs\Dropbox\Embed\PIC\Projects\ASM\MicroMenu_Lib+HD44780\MicroMenu_Lib+HD44780_10\MicroMenu_Lib.asm
  Menu_2_Submenu_1_action   0x000297    program     static D:\Docs\Dropbox\Embed\PIC\Projects\ASM\MicroMenu_Lib+HD44780\MicroMenu_Lib+HD44780_10\MicroMenu_Lib.asm
  Menu_2_Submenu_2_action   0x000298    program     static D:\Docs\Dropbox\Embed\PIC\Projects\ASM\MicroMenu_Lib+HD44780\MicroMenu_Lib+HD44780_10\MicroMenu_Lib.asm
  Menu_2_Submenu_3_action   0x000299    program     static D:\Docs\Dropbox\Embed\PIC\Projects\ASM\MicroMenu_Lib+HD44780\MicroMenu_Lib+HD44780_10\MicroMenu_Lib.asm
  Menu_3_Submenu_1_action   0x00029a    program     static D:\Docs\Dropbox\Embed\PIC\Projects\ASM\MicroMenu_Lib+HD44780\MicroMenu_Lib+HD44780_10\MicroMenu_Lib.asm
  Menu_3_Submenu_2_action   0x00029b    program     static D:\Docs\Dropbox\Embed\PIC\Projects\ASM\MicroMenu_Lib+HD44780\MicroMenu_Lib+HD44780_10\MicroMenu_Lib.asm
  Menu_3_Submenu_3_action   0x00029c    program     static D:\Docs\Dropbox\Embed\PIC\Projects\ASM\MicroMenu_Lib+HD44780\MicroMenu_Lib+HD44780_10\MicroMenu_Lib.asm
  Menu_4_Submenu_1_action   0x00029d    program     static D:\Docs\Dropbox\Embed\PIC\Projects\ASM\MicroMenu_Lib+HD44780\MicroMenu_Lib+HD44780_10\MicroMenu_Lib.asm
  Menu_4_Submenu_2_action   0x00029e    program     static D:\Docs\Dropbox\Embed\PIC\Projects\ASM\MicroMenu_Lib+HD44780\MicroMenu_Lib+HD44780_10\MicroMenu_Lib.asm
  Menu_4_Submenu_3_action   0x00029f    program     static D:\Docs\Dropbox\Embed\PIC\Projects\ASM\MicroMenu_Lib+HD44780\MicroMenu_Lib+HD44780_10\MicroMenu_Lib.asm
  Menu_5_Submenu_1_action   0x0002a0    program     static D:\Docs\Dropbox\Embed\PIC\Projects\ASM\MicroMenu_Lib+HD44780\MicroMenu_Lib+HD44780_10\MicroMenu_Lib.asm
  Menu_5_Submenu_2_action   0x0002a1    program     static D:\Docs\Dropbox\Embed\PIC\Projects\ASM\MicroMenu_Lib+HD44780\MicroMenu_Lib+HD44780_10\MicroMenu_Lib.asm
  Menu_5_Submenu_3_action   0x0002a2    program     static D:\Docs\Dropbox\Embed\PIC\Projects\ASM\MicroMenu_Lib+HD44780\MicroMenu_Lib+HD44780_10\MicroMenu_Lib.asm
      CLR_Display_routine   0x0002a3    program     static D:\Docs\Dropbox\Embed\PIC\Projects\ASM\MicroMenu_Lib+HD44780\MicroMenu_Lib+HD44780_10\MicroMenu_Lib.asm
    Second_String_routine   0x0002a7    program     static D:\Docs\Dropbox\Embed\PIC\Projects\ASM\MicroMenu_Lib+HD44780\MicroMenu_Lib+HD44780_10\MicroMenu_Lib.asm
      Switch_Menu_routine   0x0002aa    program     static D:\Docs\Dropbox\Embed\PIC\Projects\ASM\MicroMenu_Lib+HD44780\MicroMenu_Lib+HD44780_10\MicroMenu_Lib.asm
              String_Menu   0x0002ab    program     static D:\Docs\Dropbox\Embed\PIC\Projects\ASM\MicroMenu_Lib+HD44780\MicroMenu_Lib+HD44780_10\MicroMenu_Lib.asm
   Switch_Submenu_routine   0x0002b2    program     static D:\Docs\Dropbox\Embed\PIC\Projects\ASM\MicroMenu_Lib+HD44780\MicroMenu_Lib+HD44780_10\MicroMenu_Lib.asm
           String_Submenu   0x0002b3    program     static D:\Docs\Dropbox\Embed\PIC\Projects\ASM\MicroMenu_Lib+HD44780\MicroMenu_Lib+HD44780_10\MicroMenu_Lib.asm
            Menu_heandler   0x0002ba    program     extern D:\Docs\Dropbox\Embed\PIC\Projects\ASM\MicroMenu_Lib+HD44780\MicroMenu_Lib+HD44780_10\MicroMenu_Lib.asm
              Switch_Menu   0x0002bb    program     static D:\Docs\Dropbox\Embed\PIC\Projects\ASM\MicroMenu_Lib+HD44780\MicroMenu_Lib+HD44780_10\MicroMenu_Lib.asm
                  Check_1   0x0002c2    program     static D:\Docs\Dropbox\Embed\PIC\Projects\ASM\MicroMenu_Lib+HD44780\MicroMenu_Lib+HD44780_10\MicroMenu_Lib.asm
             Skip_Check_1   0x0002c8    program     static D:\Docs\Dropbox\Embed\PIC\Projects\ASM\MicroMenu_Lib+HD44780\MicroMenu_Lib+HD44780_10\MicroMenu_Lib.asm
       Correct_index_menu   0x0002d9    program     static D:\Docs\Dropbox\Embed\PIC\Projects\ASM\MicroMenu_Lib+HD44780\MicroMenu_Lib+HD44780_10\MicroMenu_Lib.asm
            Pressing_DOWN   0x0002de    program     static D:\Docs\Dropbox\Embed\PIC\Projects\ASM\MicroMenu_Lib+HD44780\MicroMenu_Lib+HD44780_10\MicroMenu_Lib.asm
     Correct_index_menu_2   0x0002e6    program     static D:\Docs\Dropbox\Embed\PIC\Projects\ASM\MicroMenu_Lib+HD44780\MicroMenu_Lib+HD44780_10\MicroMenu_Lib.asm
Skip_Correct_index_menu_2   0x0002eb    program     static D:\Docs\Dropbox\Embed\PIC\Projects\ASM\MicroMenu_Lib+HD44780\MicroMenu_Lib+HD44780_10\MicroMenu_Lib.asm
Skip_Correct_index_menu_3   0x0002f0    program     static D:\Docs\Dropbox\Embed\PIC\Projects\ASM\MicroMenu_Lib+HD44780\MicroMenu_Lib+HD44780_10\MicroMenu_Lib.asm
                Loop_Menu   0x0002f9    program     static D:\Docs\Dropbox\Embed\PIC\Projects\ASM\MicroMenu_Lib+HD44780\MicroMenu_Lib+HD44780_10\MicroMenu_Lib.asm
           Cursor_UP_menu   0x000308    program     static D:\Docs\Dropbox\Embed\PIC\Projects\ASM\MicroMenu_Lib+HD44780\MicroMenu_Lib+HD44780_10\MicroMenu_Lib.asm
         Cursor_DOWN_menu   0x00030e    program     static D:\Docs\Dropbox\Embed\PIC\Projects\ASM\MicroMenu_Lib+HD44780\MicroMenu_Lib+HD44780_10\MicroMenu_Lib.asm
                EXIT_menu   0x000314    program     static D:\Docs\Dropbox\Embed\PIC\Projects\ASM\MicroMenu_Lib+HD44780\MicroMenu_Lib+HD44780_10\MicroMenu_Lib.asm
               ENTER_menu   0x000319    program     static D:\Docs\Dropbox\Embed\PIC\Projects\ASM\MicroMenu_Lib+HD44780\MicroMenu_Lib+HD44780_10\MicroMenu_Lib.asm
                   Loop_1   0x00031e    program     static D:\Docs\Dropbox\Embed\PIC\Projects\ASM\MicroMenu_Lib+HD44780\MicroMenu_Lib+HD44780_10\MicroMenu_Lib.asm
 Rotate_action_menu_flags   0x000323    program     static D:\Docs\Dropbox\Embed\PIC\Projects\ASM\MicroMenu_Lib+HD44780\MicroMenu_Lib+HD44780_10\MicroMenu_Lib.asm
          End_Menu_Action   0x000325    program     static D:\Docs\Dropbox\Embed\PIC\Projects\ASM\MicroMenu_Lib+HD44780\MicroMenu_Lib+HD44780_10\MicroMenu_Lib.asm
           Switch_Submenu   0x000326    program     static D:\Docs\Dropbox\Embed\PIC\Projects\ASM\MicroMenu_Lib+HD44780\MicroMenu_Lib+HD44780_10\MicroMenu_Lib.asm
                  Check_2   0x00032d    program     static D:\Docs\Dropbox\Embed\PIC\Projects\ASM\MicroMenu_Lib+HD44780\MicroMenu_Lib+HD44780_10\MicroMenu_Lib.asm
             Skip_Check_2   0x000336    program     static D:\Docs\Dropbox\Embed\PIC\Projects\ASM\MicroMenu_Lib+HD44780\MicroMenu_Lib+HD44780_10\MicroMenu_Lib.asm
    Correct_index_submenu   0x000347    program     static D:\Docs\Dropbox\Embed\PIC\Projects\ASM\MicroMenu_Lib+HD44780\MicroMenu_Lib+HD44780_10\MicroMenu_Lib.asm
          Pressing_DOWN_2   0x00034d    program     static D:\Docs\Dropbox\Embed\PIC\Projects\ASM\MicroMenu_Lib+HD44780\MicroMenu_Lib+HD44780_10\MicroMenu_Lib.asm
  Correct_index_submenu_2   0x000355    program     static D:\Docs\Dropbox\Embed\PIC\Projects\ASM\MicroMenu_Lib+HD44780\MicroMenu_Lib+HD44780_10\MicroMenu_Lib.asm
Skip_Correct_index_submenu_2   0x00035b    program     static D:\Docs\Dropbox\Embed\PIC\Projects\ASM\MicroMenu_Lib+HD44780\MicroMenu_Lib+HD44780_10\MicroMenu_Lib.asm
Skip_Correct_index_submenu_3   0x000360    program     static D:\Docs\Dropbox\Embed\PIC\Projects\ASM\MicroMenu_Lib+HD44780\MicroMenu_Lib+HD44780_10\MicroMenu_Lib.asm
             Loop_Submenu   0x000369    program     static D:\Docs\Dropbox\Embed\PIC\Projects\ASM\MicroMenu_Lib+HD44780\MicroMenu_Lib+HD44780_10\MicroMenu_Lib.asm
        Cursor_UP_submenu   0x000378    program     static D:\Docs\Dropbox\Embed\PIC\Projects\ASM\MicroMenu_Lib+HD44780\MicroMenu_Lib+HD44780_10\MicroMenu_Lib.asm
      Cursor_DOWN_submenu   0x00037f    program     static D:\Docs\Dropbox\Embed\PIC\Projects\ASM\MicroMenu_Lib+HD44780\MicroMenu_Lib+HD44780_10\MicroMenu_Lib.asm
             EXIT_submenu   0x000385    program     static D:\Docs\Dropbox\Embed\PIC\Projects\ASM\MicroMenu_Lib+HD44780\MicroMenu_Lib+HD44780_10\MicroMenu_Lib.asm
            ENTER_submenu   0x000387    program     static D:\Docs\Dropbox\Embed\PIC\Projects\ASM\MicroMenu_Lib+HD44780\MicroMenu_Lib+HD44780_10\MicroMenu_Lib.asm
               End_Action   0x000389    program     static D:\Docs\Dropbox\Embed\PIC\Projects\ASM\MicroMenu_Lib+HD44780\MicroMenu_Lib+HD44780_10\MicroMenu_Lib.asm
   String_Action_Complete   0x00038a    program     static D:\Docs\Dropbox\Embed\PIC\Projects\ASM\MicroMenu_Lib+HD44780\MicroMenu_Lib+HD44780_10\MicroMenu_Lib.asm
      Out_Action_Complete   0x000391    program     static D:\Docs\Dropbox\Embed\PIC\Projects\ASM\MicroMenu_Lib+HD44780\MicroMenu_Lib+HD44780_10\MicroMenu_Lib.asm
          _MicroMenu_0368   0x000394    program     static D:\Docs\Dropbox\Embed\PIC\Projects\ASM\MicroMenu_Lib+HD44780\MicroMenu_Lib+HD44780_10\MicroMenu_Lib.asm
                 Zastavka   0x000396    program     extern D:\Docs\Dropbox\Embed\PIC\Projects\ASM\MicroMenu_Lib+HD44780\MicroMenu_Lib+HD44780_10\MicroMenu_Lib.asm
             First_String   0x000398    program     static D:\Docs\Dropbox\Embed\PIC\Projects\ASM\MicroMenu_Lib+HD44780\MicroMenu_Lib+HD44780_10\MicroMenu_Lib.asm
         Out_First_String   0x00039f    program     static D:\Docs\Dropbox\Embed\PIC\Projects\ASM\MicroMenu_Lib+HD44780\MicroMenu_Lib+HD44780_10\MicroMenu_Lib.asm
              Next_String   0x0003a2    program     static D:\Docs\Dropbox\Embed\PIC\Projects\ASM\MicroMenu_Lib+HD44780\MicroMenu_Lib+HD44780_10\MicroMenu_Lib.asm
          Out_Next_String   0x0003a9    program     static D:\Docs\Dropbox\Embed\PIC\Projects\ASM\MicroMenu_Lib+HD44780\MicroMenu_Lib+HD44780_10\MicroMenu_Lib.asm
           Debounce_Delay   0x0003aa    program     static D:\Docs\Dropbox\Embed\PIC\Projects\ASM\MicroMenu_Lib+HD44780\MicroMenu_Lib+HD44780_10\MicroMenu_Lib.asm
               Loop_Delay   0x0003ad    program     static D:\Docs\Dropbox\Embed\PIC\Projects\ASM\MicroMenu_Lib+HD44780\MicroMenu_Lib+HD44780_10\MicroMenu_Lib.asm
          _MicroMenu_0387   0x0003b3    program     static D:\Docs\Dropbox\Embed\PIC\Projects\ASM\MicroMenu_Lib+HD44780\MicroMenu_Lib+HD44780_10\MicroMenu_Lib.asm
                    Strob   0x0003b7    program     static D:\Docs\Dropbox\Embed\PIC\Projects\ASM\MicroMenu_Lib+HD44780\MicroMenu_Lib+HD44780_10\HD44780_Lib.asm
       _LCD_Lib_code_0006   0x0003bd    program     static D:\Docs\Dropbox\Embed\PIC\Projects\ASM\MicroMenu_Lib+HD44780\MicroMenu_Lib+HD44780_10\HD44780_Lib.asm
          Send_LCD_Symbol   0x0003bf    program     extern D:\Docs\Dropbox\Embed\PIC\Projects\ASM\MicroMenu_Lib+HD44780\MicroMenu_Lib+HD44780_10\HD44780_Lib.asm
         Send_LCD_Command   0x0003c7    program     extern D:\Docs\Dropbox\Embed\PIC\Projects\ASM\MicroMenu_Lib+HD44780\MicroMenu_Lib+HD44780_10\HD44780_Lib.asm
            LCD_Line_Init   0x0003d1    program     extern D:\Docs\Dropbox\Embed\PIC\Projects\ASM\MicroMenu_Lib+HD44780\MicroMenu_Lib+HD44780_10\HD44780_Lib.asm
                 LCD_Init   0x0003d6    program     extern D:\Docs\Dropbox\Embed\PIC\Projects\ASM\MicroMenu_Lib+HD44780\MicroMenu_Lib+HD44780_10\HD44780_Lib.asm
                Delay_4ms   0x0003f6    program     extern D:\Docs\Dropbox\Embed\PIC\Projects\ASM\MicroMenu_Lib+HD44780\MicroMenu_Lib+HD44780_10\HD44780_Lib.asm
       _LCD_Lib_code_0043   0x0003fa    program     static D:\Docs\Dropbox\Embed\PIC\Projects\ASM\MicroMenu_Lib+HD44780\MicroMenu_Lib+HD44780_10\HD44780_Lib.asm
       _LCD_Lib_code_0045   0x0003fc    program     static D:\Docs\Dropbox\Embed\PIC\Projects\ASM\MicroMenu_Lib+HD44780\MicroMenu_Lib+HD44780_10\HD44780_Lib.asm
               index_menu   0x00000c       data     static D:\Docs\Dropbox\Embed\PIC\Projects\ASM\MicroMenu_Lib+HD44780\MicroMenu_Lib+HD44780_10\MicroMenu_Lib.asm
            index_submenu   0x00000d       data     static D:\Docs\Dropbox\Embed\PIC\Projects\ASM\MicroMenu_Lib+HD44780\MicroMenu_Lib+HD44780_10\MicroMenu_Lib.asm
           symbol_pointer   0x00000e       data     static D:\Docs\Dropbox\Embed\PIC\Projects\ASM\MicroMenu_Lib+HD44780\MicroMenu_Lib+HD44780_10\MicroMenu_Lib.asm
             menu_counter   0x00000f       data     static D:\Docs\Dropbox\Embed\PIC\Projects\ASM\MicroMenu_Lib+HD44780\MicroMenu_Lib+HD44780_10\MicroMenu_Lib.asm
                   temp_1   0x000010       data     static D:\Docs\Dropbox\Embed\PIC\Projects\ASM\MicroMenu_Lib+HD44780\MicroMenu_Lib+HD44780_10\MicroMenu_Lib.asm
                   temp_2   0x000011       data     static D:\Docs\Dropbox\Embed\PIC\Projects\ASM\MicroMenu_Lib+HD44780\MicroMenu_Lib+HD44780_10\MicroMenu_Lib.asm
                   temp_3   0x000012       data     static D:\Docs\Dropbox\Embed\PIC\Projects\ASM\MicroMenu_Lib+HD44780\MicroMenu_Lib+HD44780_10\MicroMenu_Lib.asm
                   w_temp   0x000013       data     static D:\Docs\Dropbox\Embed\PIC\Projects\ASM\MicroMenu_Lib+HD44780\MicroMenu_Lib+HD44780_10\Main.asm
              status_temp   0x000014       data     static D:\Docs\Dropbox\Embed\PIC\Projects\ASM\MicroMenu_Lib+HD44780\MicroMenu_Lib+HD44780_10\Main.asm
                    flags   0x000015       data     extern D:\Docs\Dropbox\Embed\PIC\Projects\ASM\MicroMenu_Lib+HD44780\MicroMenu_Lib+HD44780_10\Main.asm
                   offset   0x000016       data     extern D:\Docs\Dropbox\Embed\PIC\Projects\ASM\MicroMenu_Lib+HD44780\MicroMenu_Lib+HD44780_10\Main.asm
               known_zero   0x000017       data     extern D:\Docs\Dropbox\Embed\PIC\Projects\ASM\MicroMenu_Lib+HD44780\MicroMenu_Lib+HD44780_10\Main.asm
                   temp_1   0x000018       data     static D:\Docs\Dropbox\Embed\PIC\Projects\ASM\MicroMenu_Lib+HD44780\MicroMenu_Lib+HD44780_10\HD44780_Lib.asm
                   temp_2   0x000019       data     static D:\Docs\Dropbox\Embed\PIC\Projects\ASM\MicroMenu_Lib+HD44780\MicroMenu_Lib+HD44780_10\HD44780_Lib.asm
                   symbol   0x00001a       data     static D:\Docs\Dropbox\Embed\PIC\Projects\ASM\MicroMenu_Lib+HD44780\MicroMenu_Lib+HD44780_10\HD44780_Lib.asm


